Archive member included to satisfy reference by file (symbol)

c:/program files (x86)/atmel/studio/7.0/toolchain/arm/arm-gnu-toolchain/bin/../lib/gcc/arm-none-eabi/6.3.1/thumb/v6-m\libgcc.a(_thumb1_case_uqi.o)
                              build/Release/production/_ext/246296370/sercom.o (__gnu_thumb1_case_uqi)
c:/program files (x86)/atmel/studio/7.0/toolchain/arm/arm-gnu-toolchain/bin/../lib/gcc/arm-none-eabi/6.3.1/thumb/v6-m\libgcc.a(_udivsi3.o)
                              build/Release/production/_ext/1900123450/clock.o (__aeabi_uidiv)
c:/program files (x86)/atmel/studio/7.0/toolchain/arm/arm-gnu-toolchain/bin/../lib/gcc/arm-none-eabi/6.3.1/thumb/v6-m\libgcc.a(_dvmd_tls.o)
                              c:/program files (x86)/atmel/studio/7.0/toolchain/arm/arm-gnu-toolchain/bin/../lib/gcc/arm-none-eabi/6.3.1/thumb/v6-m\libgcc.a(_udivsi3.o) (__aeabi_idiv0)
c:/program files (x86)/atmel/studio/7.0/toolchain/arm/arm-gnu-toolchain/bin/../lib/gcc/arm-none-eabi/6.3.1/thumb/v6-m\libgcc.a(_ashldi3.o)
                              build/Release/production/_ext/246296370/sercom.o (__aeabi_llsl)
c:/program files (x86)/atmel/studio/7.0/toolchain/arm/arm-gnu-toolchain/bin/../lib/gcc/arm-none-eabi/6.3.1/thumb/v6-m\libgcc.a(_muldi3.o)
                              build/Release/production/_ext/246296370/sercom.o (__aeabi_lmul)
c:/program files (x86)/atmel/studio/7.0/toolchain/arm/arm-gnu-toolchain/bin/../lib/gcc/arm-none-eabi/6.3.1/../../../../arm-none-eabi/lib/thumb/v6-m\libc_nano.a(lib_a-exit.o)
                              c:/program files (x86)/atmel/studio/7.0/toolchain/arm/arm-gnu-toolchain/bin/../lib/gcc/arm-none-eabi/6.3.1/../../../../arm-none-eabi/lib/thumb/v6-m/crt0.o (exit)
c:/program files (x86)/atmel/studio/7.0/toolchain/arm/arm-gnu-toolchain/bin/../lib/gcc/arm-none-eabi/6.3.1/../../../../arm-none-eabi/lib/thumb/v6-m\libc_nano.a(lib_a-impure.o)
                              c:/program files (x86)/atmel/studio/7.0/toolchain/arm/arm-gnu-toolchain/bin/../lib/gcc/arm-none-eabi/6.3.1/../../../../arm-none-eabi/lib/thumb/v6-m\libc_nano.a(lib_a-exit.o) (_global_impure_ptr)
c:/program files (x86)/atmel/studio/7.0/toolchain/arm/arm-gnu-toolchain/bin/../lib/gcc/arm-none-eabi/6.3.1/../../../../arm-none-eabi/lib/thumb/v6-m\libc_nano.a(lib_a-init.o)
                              c:/program files (x86)/atmel/studio/7.0/toolchain/arm/arm-gnu-toolchain/bin/../lib/gcc/arm-none-eabi/6.3.1/../../../../arm-none-eabi/lib/thumb/v6-m/crt0.o (__libc_init_array)
c:/program files (x86)/atmel/studio/7.0/toolchain/arm/arm-gnu-toolchain/bin/../lib/gcc/arm-none-eabi/6.3.1/../../../../arm-none-eabi/lib/thumb/v6-m\libc_nano.a(lib_a-itoa.o)
                              build/Release/production/_ext/1360937237/main.o (itoa)
c:/program files (x86)/atmel/studio/7.0/toolchain/arm/arm-gnu-toolchain/bin/../lib/gcc/arm-none-eabi/6.3.1/../../../../arm-none-eabi/lib/thumb/v6-m\libc_nano.a(lib_a-memcpy-stub.o)
                              build/Release/production/_ext/1281927709/tc.o (memcpy)
c:/program files (x86)/atmel/studio/7.0/toolchain/arm/arm-gnu-toolchain/bin/../lib/gcc/arm-none-eabi/6.3.1/../../../../arm-none-eabi/lib/thumb/v6-m\libc_nano.a(lib_a-memset.o)
                              c:/program files (x86)/atmel/studio/7.0/toolchain/arm/arm-gnu-toolchain/bin/../lib/gcc/arm-none-eabi/6.3.1/../../../../arm-none-eabi/lib/thumb/v6-m/crt0.o (memset)
c:/program files (x86)/atmel/studio/7.0/toolchain/arm/arm-gnu-toolchain/bin/../lib/gcc/arm-none-eabi/6.3.1/../../../../arm-none-eabi/lib/thumb/v6-m\libc_nano.a(lib_a-utoa.o)
                              c:/program files (x86)/atmel/studio/7.0/toolchain/arm/arm-gnu-toolchain/bin/../lib/gcc/arm-none-eabi/6.3.1/../../../../arm-none-eabi/lib/thumb/v6-m\libc_nano.a(lib_a-itoa.o) (__utoa)

Allocating common symbols
Common symbol       size              file

usart_instance      0xc               build/Release/production/_ext/1360937237/main.o
buff                0x50              build/Release/production/_ext/1360937237/main.o
ptr_get             0x4               build/Release/production/_ext/1312133662/read.o
ptr_put             0x4               build/Release/production/_ext/1312133662/write.o
_tc_instances       0x14              build/Release/production/_ext/760687460/tc_interrupt.o
_extint_dev         0x40              build/Release/production/_ext/559814147/extint.o
_current_channel    0x1               build/Release/production/_ext/629492261/extint_callback.o
stdio_base          0x4               build/Release/production/_ext/1312133662/write.o

Discarded input sections

 .text          0x00000000        0x0 c:/program files (x86)/atmel/studio/7.0/toolchain/arm/arm-gnu-toolchain/bin/../lib/gcc/arm-none-eabi/6.3.1/thumb/v6-m/crti.o
 .data          0x00000000        0x0 c:/program files (x86)/atmel/studio/7.0/toolchain/arm/arm-gnu-toolchain/bin/../lib/gcc/arm-none-eabi/6.3.1/thumb/v6-m/crti.o
 .bss           0x00000000        0x0 c:/program files (x86)/atmel/studio/7.0/toolchain/arm/arm-gnu-toolchain/bin/../lib/gcc/arm-none-eabi/6.3.1/thumb/v6-m/crti.o
 .data          0x00000000        0x4 c:/program files (x86)/atmel/studio/7.0/toolchain/arm/arm-gnu-toolchain/bin/../lib/gcc/arm-none-eabi/6.3.1/thumb/v6-m/crtbegin.o
 .text          0x00000000       0x78 c:/program files (x86)/atmel/studio/7.0/toolchain/arm/arm-gnu-toolchain/bin/../lib/gcc/arm-none-eabi/6.3.1/../../../../arm-none-eabi/lib/thumb/v6-m/crt0.o
 .data          0x00000000        0x0 c:/program files (x86)/atmel/studio/7.0/toolchain/arm/arm-gnu-toolchain/bin/../lib/gcc/arm-none-eabi/6.3.1/../../../../arm-none-eabi/lib/thumb/v6-m/crt0.o
 .bss           0x00000000        0x0 c:/program files (x86)/atmel/studio/7.0/toolchain/arm/arm-gnu-toolchain/bin/../lib/gcc/arm-none-eabi/6.3.1/../../../../arm-none-eabi/lib/thumb/v6-m/crt0.o
 .ARM.extab     0x00000000        0x0 c:/program files (x86)/atmel/studio/7.0/toolchain/arm/arm-gnu-toolchain/bin/../lib/gcc/arm-none-eabi/6.3.1/../../../../arm-none-eabi/lib/thumb/v6-m/crt0.o
 .ARM.exidx     0x00000000        0x8 c:/program files (x86)/atmel/studio/7.0/toolchain/arm/arm-gnu-toolchain/bin/../lib/gcc/arm-none-eabi/6.3.1/../../../../arm-none-eabi/lib/thumb/v6-m/crt0.o
 .ARM.attributes
                0x00000000       0x1b c:/program files (x86)/atmel/studio/7.0/toolchain/arm/arm-gnu-toolchain/bin/../lib/gcc/arm-none-eabi/6.3.1/../../../../arm-none-eabi/lib/thumb/v6-m/crt0.o
 .text          0x00000000        0x0 build/Release/production/_ext/629492261/extint_callback.o
 .data          0x00000000        0x0 build/Release/production/_ext/629492261/extint_callback.o
 .bss           0x00000000        0x0 build/Release/production/_ext/629492261/extint_callback.o
 .text.extint_unregister_callback
                0x00000000       0x20 build/Release/production/_ext/629492261/extint_callback.o
 .text.extint_chan_disable_callback
                0x00000000       0x20 build/Release/production/_ext/629492261/extint_callback.o
 .text.extint_get_current_channel
                0x00000000        0xc build/Release/production/_ext/629492261/extint_callback.o
 .bss.cpu_irq_critical_section_counter
                0x00000000        0x4 build/Release/production/_ext/629492261/extint_callback.o
 .bss.cpu_irq_prev_interrupt_state
                0x00000000        0x1 build/Release/production/_ext/629492261/extint_callback.o
 .text          0x00000000        0x0 build/Release/production/_ext/559814147/extint.o
 .data          0x00000000        0x0 build/Release/production/_ext/559814147/extint.o
 .bss           0x00000000        0x0 build/Release/production/_ext/559814147/extint.o
 .text.extint_nmi_set_config
                0x00000000       0x70 build/Release/production/_ext/559814147/extint.o
 .text.extint_enable_events
                0x00000000       0x28 build/Release/production/_ext/559814147/extint.o
 .text.extint_disable_events
                0x00000000       0x28 build/Release/production/_ext/559814147/extint.o
 .bss.cpu_irq_critical_section_counter
                0x00000000        0x4 build/Release/production/_ext/559814147/extint.o
 .bss.cpu_irq_prev_interrupt_state
                0x00000000        0x1 build/Release/production/_ext/559814147/extint.o
 .text          0x00000000        0x0 build/Release/production/_ext/246296370/sercom.o
 .data          0x00000000        0x0 build/Release/production/_ext/246296370/sercom.o
 .bss           0x00000000        0x0 build/Release/production/_ext/246296370/sercom.o
 .bss.cpu_irq_critical_section_counter
                0x00000000        0x4 build/Release/production/_ext/246296370/sercom.o
 .bss.cpu_irq_prev_interrupt_state
                0x00000000        0x1 build/Release/production/_ext/246296370/sercom.o
 .text          0x00000000        0x0 build/Release/production/_ext/1281927709/tc.o
 .data          0x00000000        0x0 build/Release/production/_ext/1281927709/tc.o
 .bss           0x00000000        0x0 build/Release/production/_ext/1281927709/tc.o
 .text._tc_get_inst_index
                0x00000000       0x30 build/Release/production/_ext/1281927709/tc.o
 .text.tc_init  0x00000000      0x254 build/Release/production/_ext/1281927709/tc.o
 .text.tc_set_count_value
                0x00000000       0x2e build/Release/production/_ext/1281927709/tc.o
 .text.tc_get_count_value
                0x00000000       0x2a build/Release/production/_ext/1281927709/tc.o
 .text.tc_get_capture_value
                0x00000000       0x46 build/Release/production/_ext/1281927709/tc.o
 .text.tc_set_compare_value
                0x00000000       0x4a build/Release/production/_ext/1281927709/tc.o
 .text.tc_reset
                0x00000000       0x40 build/Release/production/_ext/1281927709/tc.o
 .text.tc_set_top_value
                0x00000000       0x2e build/Release/production/_ext/1281927709/tc.o
 .rodata        0x00000000       0x1e build/Release/production/_ext/1281927709/tc.o
 .bss.cpu_irq_critical_section_counter
                0x00000000        0x4 build/Release/production/_ext/1281927709/tc.o
 .bss.cpu_irq_prev_interrupt_state
                0x00000000        0x1 build/Release/production/_ext/1281927709/tc.o
 .comment       0x00000000       0x5a build/Release/production/_ext/1281927709/tc.o
 .ARM.attributes
                0x00000000       0x32 build/Release/production/_ext/1281927709/tc.o
 .text          0x00000000        0x0 build/Release/production/_ext/760687460/tc_interrupt.o
 .data          0x00000000        0x0 build/Release/production/_ext/760687460/tc_interrupt.o
 .bss           0x00000000        0x0 build/Release/production/_ext/760687460/tc_interrupt.o
 .text.tc_register_callback
                0x00000000       0x26 build/Release/production/_ext/760687460/tc_interrupt.o
 .text.tc_unregister_callback
                0x00000000       0x22 build/Release/production/_ext/760687460/tc_interrupt.o
 .bss.cpu_irq_critical_section_counter
                0x00000000        0x4 build/Release/production/_ext/760687460/tc_interrupt.o
 .bss.cpu_irq_prev_interrupt_state
                0x00000000        0x1 build/Release/production/_ext/760687460/tc_interrupt.o
 .text          0x00000000        0x0 build/Release/production/_ext/388775292/usart.o
 .data          0x00000000        0x0 build/Release/production/_ext/388775292/usart.o
 .bss           0x00000000        0x0 build/Release/production/_ext/388775292/usart.o
 .text.usart_read_buffer_wait
                0x00000000       0x78 build/Release/production/_ext/388775292/usart.o
 .bss.cpu_irq_critical_section_counter
                0x00000000        0x4 build/Release/production/_ext/388775292/usart.o
 .bss.cpu_irq_prev_interrupt_state
                0x00000000        0x1 build/Release/production/_ext/388775292/usart.o
 .text          0x00000000        0x0 build/Release/production/_ext/1939168694/interrupt_sam_nvic.o
 .data          0x00000000        0x0 build/Release/production/_ext/1939168694/interrupt_sam_nvic.o
 .bss           0x00000000        0x0 build/Release/production/_ext/1939168694/interrupt_sam_nvic.o
 .text          0x00000000        0x0 build/Release/production/_ext/1502292737/board_init.o
 .data          0x00000000        0x0 build/Release/production/_ext/1502292737/board_init.o
 .bss           0x00000000        0x0 build/Release/production/_ext/1502292737/board_init.o
 .bss.cpu_irq_critical_section_counter
                0x00000000        0x4 build/Release/production/_ext/1502292737/board_init.o
 .bss.cpu_irq_prev_interrupt_state
                0x00000000        0x1 build/Release/production/_ext/1502292737/board_init.o
 .text          0x00000000        0x0 build/Release/production/_ext/876312722/port.o
 .data          0x00000000        0x0 build/Release/production/_ext/876312722/port.o
 .bss           0x00000000        0x0 build/Release/production/_ext/876312722/port.o
 .text.port_group_set_config
                0x00000000       0x20 build/Release/production/_ext/876312722/port.o
 .bss.cpu_irq_critical_section_counter
                0x00000000        0x4 build/Release/production/_ext/876312722/port.o
 .bss.cpu_irq_prev_interrupt_state
                0x00000000        0x1 build/Release/production/_ext/876312722/port.o
 .text          0x00000000        0x0 build/Release/production/_ext/1900123450/clock.o
 .data          0x00000000        0x0 build/Release/production/_ext/1900123450/clock.o
 .bss           0x00000000        0x0 build/Release/production/_ext/1900123450/clock.o
 .text.system_clock_source_osc32k_set_config
                0x00000000       0x70 build/Release/production/_ext/1900123450/clock.o
 .text.system_clock_source_xosc_set_config
                0x00000000       0xcc build/Release/production/_ext/1900123450/clock.o
 .text.system_clock_source_xosc32k_set_config
                0x00000000       0x9c build/Release/production/_ext/1900123450/clock.o
 .text.system_clock_source_dfll_set_config
                0x00000000       0x7c build/Release/production/_ext/1900123450/clock.o
 .text.system_clock_source_dpll_set_config
                0x00000000       0xa8 build/Release/production/_ext/1900123450/clock.o
 .text.system_clock_source_write_calibration
                0x00000000       0x84 build/Release/production/_ext/1900123450/clock.o
 .text.system_clock_source_disable
                0x00000000       0x78 build/Release/production/_ext/1900123450/clock.o
 .text.system_clock_source_is_ready
                0x00000000       0x54 build/Release/production/_ext/1900123450/clock.o
 .bss.cpu_irq_critical_section_counter
                0x00000000        0x4 build/Release/production/_ext/1900123450/clock.o
 .bss.cpu_irq_prev_interrupt_state
                0x00000000        0x1 build/Release/production/_ext/1900123450/clock.o
 .text          0x00000000        0x0 build/Release/production/_ext/1900123450/gclk.o
 .data          0x00000000        0x0 build/Release/production/_ext/1900123450/gclk.o
 .bss           0x00000000        0x0 build/Release/production/_ext/1900123450/gclk.o
 .text.system_gclk_gen_disable
                0x00000000       0x4c build/Release/production/_ext/1900123450/gclk.o
 .text.system_gclk_gen_is_enabled
                0x00000000       0x2c build/Release/production/_ext/1900123450/gclk.o
 .text.system_gclk_chan_is_enabled
                0x00000000       0x2c build/Release/production/_ext/1900123450/gclk.o
 .text.system_gclk_chan_lock
                0x00000000       0x30 build/Release/production/_ext/1900123450/gclk.o
 .text.system_gclk_chan_is_locked
                0x00000000       0x2c build/Release/production/_ext/1900123450/gclk.o
 .bss.cpu_irq_critical_section_counter
                0x00000000        0x4 build/Release/production/_ext/1900123450/gclk.o
 .bss.cpu_irq_prev_interrupt_state
                0x00000000        0x1 build/Release/production/_ext/1900123450/gclk.o
 .text          0x00000000        0x0 build/Release/production/_ext/1234282992/system_interrupt.o
 .data          0x00000000        0x0 build/Release/production/_ext/1234282992/system_interrupt.o
 .bss           0x00000000        0x0 build/Release/production/_ext/1234282992/system_interrupt.o
 .text.system_interrupt_is_pending
                0x00000000       0x30 build/Release/production/_ext/1234282992/system_interrupt.o
 .text.system_interrupt_set_pending
                0x00000000       0x38 build/Release/production/_ext/1234282992/system_interrupt.o
 .text.system_interrupt_clear_pending
                0x00000000       0x30 build/Release/production/_ext/1234282992/system_interrupt.o
 .text.system_interrupt_set_priority
                0x00000000       0x44 build/Release/production/_ext/1234282992/system_interrupt.o
 .text.system_interrupt_get_priority
                0x00000000       0x34 build/Release/production/_ext/1234282992/system_interrupt.o
 .bss.cpu_irq_critical_section_counter
                0x00000000        0x4 build/Release/production/_ext/1234282992/system_interrupt.o
 .bss.cpu_irq_prev_interrupt_state
                0x00000000        0x1 build/Release/production/_ext/1234282992/system_interrupt.o
 .comment       0x00000000       0x5a build/Release/production/_ext/1234282992/system_interrupt.o
 .ARM.attributes
                0x00000000       0x32 build/Release/production/_ext/1234282992/system_interrupt.o
 .text          0x00000000        0x0 build/Release/production/_ext/980481618/pinmux.o
 .data          0x00000000        0x0 build/Release/production/_ext/980481618/pinmux.o
 .bss           0x00000000        0x0 build/Release/production/_ext/980481618/pinmux.o
 .text.system_pinmux_group_set_config
                0x00000000       0x2c build/Release/production/_ext/980481618/pinmux.o
 .text.system_pinmux_group_set_input_sample_mode
                0x00000000       0x12 build/Release/production/_ext/980481618/pinmux.o
 .text.system_pinmux_group_set_output_strength
                0x00000000       0x2a build/Release/production/_ext/980481618/pinmux.o
 .bss.cpu_irq_critical_section_counter
                0x00000000        0x4 build/Release/production/_ext/980481618/pinmux.o
 .bss.cpu_irq_prev_interrupt_state
                0x00000000        0x1 build/Release/production/_ext/980481618/pinmux.o
 .text          0x00000000        0x0 build/Release/production/_ext/227780132/system.o
 .data          0x00000000        0x0 build/Release/production/_ext/227780132/system.o
 .bss           0x00000000        0x0 build/Release/production/_ext/227780132/system.o
 .bss.cpu_irq_critical_section_counter
                0x00000000        0x4 build/Release/production/_ext/227780132/system.o
 .bss.cpu_irq_prev_interrupt_state
                0x00000000        0x1 build/Release/production/_ext/227780132/system.o
 .text          0x00000000        0x0 build/Release/production/_ext/1126068005/startup_samd21.o
 .data          0x00000000        0x0 build/Release/production/_ext/1126068005/startup_samd21.o
 .bss           0x00000000        0x0 build/Release/production/_ext/1126068005/startup_samd21.o
 .text          0x00000000        0x0 build/Release/production/_ext/540691939/system_samd21.o
 .data          0x00000000        0x0 build/Release/production/_ext/540691939/system_samd21.o
 .bss           0x00000000        0x0 build/Release/production/_ext/540691939/system_samd21.o
 .text.SystemInit
                0x00000000       0x10 build/Release/production/_ext/540691939/system_samd21.o
 .text.SystemCoreClockUpdate
                0x00000000       0x10 build/Release/production/_ext/540691939/system_samd21.o
 .data.SystemCoreClock
                0x00000000        0x4 build/Release/production/_ext/540691939/system_samd21.o
 .comment       0x00000000       0x5a build/Release/production/_ext/540691939/system_samd21.o
 .ARM.attributes
                0x00000000       0x32 build/Release/production/_ext/540691939/system_samd21.o
 .text          0x00000000        0x0 build/Release/production/_ext/1312133662/read.o
 .data          0x00000000        0x0 build/Release/production/_ext/1312133662/read.o
 .bss           0x00000000        0x0 build/Release/production/_ext/1312133662/read.o
 .text._read    0x00000000       0x38 build/Release/production/_ext/1312133662/read.o
 .bss.cpu_irq_critical_section_counter
                0x00000000        0x4 build/Release/production/_ext/1312133662/read.o
 .bss.cpu_irq_prev_interrupt_state
                0x00000000        0x1 build/Release/production/_ext/1312133662/read.o
 .comment       0x00000000       0x5a build/Release/production/_ext/1312133662/read.o
 .ARM.attributes
                0x00000000       0x32 build/Release/production/_ext/1312133662/read.o
 COMMON         0x00000000        0x4 build/Release/production/_ext/1312133662/read.o
 .text          0x00000000        0x0 build/Release/production/_ext/1312133662/write.o
 .data          0x00000000        0x0 build/Release/production/_ext/1312133662/write.o
 .bss           0x00000000        0x0 build/Release/production/_ext/1312133662/write.o
 .text._write   0x00000000       0x34 build/Release/production/_ext/1312133662/write.o
 .bss.cpu_irq_critical_section_counter
                0x00000000        0x4 build/Release/production/_ext/1312133662/write.o
 .bss.cpu_irq_prev_interrupt_state
                0x00000000        0x1 build/Release/production/_ext/1312133662/write.o
 .comment       0x00000000       0x5a build/Release/production/_ext/1312133662/write.o
 .ARM.attributes
                0x00000000       0x32 build/Release/production/_ext/1312133662/write.o
 COMMON         0x00000000        0x8 build/Release/production/_ext/1312133662/write.o
 .text          0x00000000        0x0 build/Release/production/_ext/1284275751/syscalls.o
 .data          0x00000000        0x0 build/Release/production/_ext/1284275751/syscalls.o
 .bss           0x00000000        0x0 build/Release/production/_ext/1284275751/syscalls.o
 .text._sbrk    0x00000000       0x20 build/Release/production/_ext/1284275751/syscalls.o
 .text.link     0x00000000        0x6 build/Release/production/_ext/1284275751/syscalls.o
 .text._close   0x00000000        0x6 build/Release/production/_ext/1284275751/syscalls.o
 .text._fstat   0x00000000        0xa build/Release/production/_ext/1284275751/syscalls.o
 .text._isatty  0x00000000        0x4 build/Release/production/_ext/1284275751/syscalls.o
 .text._lseek   0x00000000        0x4 build/Release/production/_ext/1284275751/syscalls.o
 .text._exit    0x00000000        0x4 build/Release/production/_ext/1284275751/syscalls.o
 .text._kill    0x00000000        0x2 build/Release/production/_ext/1284275751/syscalls.o
 .text._getpid  0x00000000        0x6 build/Release/production/_ext/1284275751/syscalls.o
 .bss.heap.5296
                0x00000000        0x4 build/Release/production/_ext/1284275751/syscalls.o
 .comment       0x00000000       0x5a build/Release/production/_ext/1284275751/syscalls.o
 .ARM.attributes
                0x00000000       0x32 build/Release/production/_ext/1284275751/syscalls.o
 .text          0x00000000        0x0 build/Release/production/_ext/1360937237/main.o
 .data          0x00000000        0x0 build/Release/production/_ext/1360937237/main.o
 .bss           0x00000000        0x0 build/Release/production/_ext/1360937237/main.o
 .bss.cpu_irq_critical_section_counter
                0x00000000        0x4 build/Release/production/_ext/1360937237/main.o
 .bss.cpu_irq_prev_interrupt_state
                0x00000000        0x1 build/Release/production/_ext/1360937237/main.o
 .bss.flowRate  0x00000000        0x4 build/Release/production/_ext/1360937237/main.o
 .data          0x00000000        0x0 c:/program files (x86)/atmel/studio/7.0/toolchain/arm/arm-gnu-toolchain/bin/../lib/gcc/arm-none-eabi/6.3.1/thumb/v6-m\libgcc.a(_thumb1_case_uqi.o)
 .bss           0x00000000        0x0 c:/program files (x86)/atmel/studio/7.0/toolchain/arm/arm-gnu-toolchain/bin/../lib/gcc/arm-none-eabi/6.3.1/thumb/v6-m\libgcc.a(_thumb1_case_uqi.o)
 .data          0x00000000        0x0 c:/program files (x86)/atmel/studio/7.0/toolchain/arm/arm-gnu-toolchain/bin/../lib/gcc/arm-none-eabi/6.3.1/thumb/v6-m\libgcc.a(_udivsi3.o)
 .bss           0x00000000        0x0 c:/program files (x86)/atmel/studio/7.0/toolchain/arm/arm-gnu-toolchain/bin/../lib/gcc/arm-none-eabi/6.3.1/thumb/v6-m\libgcc.a(_udivsi3.o)
 .data          0x00000000        0x0 c:/program files (x86)/atmel/studio/7.0/toolchain/arm/arm-gnu-toolchain/bin/../lib/gcc/arm-none-eabi/6.3.1/thumb/v6-m\libgcc.a(_dvmd_tls.o)
 .bss           0x00000000        0x0 c:/program files (x86)/atmel/studio/7.0/toolchain/arm/arm-gnu-toolchain/bin/../lib/gcc/arm-none-eabi/6.3.1/thumb/v6-m\libgcc.a(_dvmd_tls.o)
 .data          0x00000000        0x0 c:/program files (x86)/atmel/studio/7.0/toolchain/arm/arm-gnu-toolchain/bin/../lib/gcc/arm-none-eabi/6.3.1/thumb/v6-m\libgcc.a(_ashldi3.o)
 .bss           0x00000000        0x0 c:/program files (x86)/atmel/studio/7.0/toolchain/arm/arm-gnu-toolchain/bin/../lib/gcc/arm-none-eabi/6.3.1/thumb/v6-m\libgcc.a(_ashldi3.o)
 .data          0x00000000        0x0 c:/program files (x86)/atmel/studio/7.0/toolchain/arm/arm-gnu-toolchain/bin/../lib/gcc/arm-none-eabi/6.3.1/thumb/v6-m\libgcc.a(_muldi3.o)
 .bss           0x00000000        0x0 c:/program files (x86)/atmel/studio/7.0/toolchain/arm/arm-gnu-toolchain/bin/../lib/gcc/arm-none-eabi/6.3.1/thumb/v6-m\libgcc.a(_muldi3.o)
 .text          0x00000000        0x0 c:/program files (x86)/atmel/studio/7.0/toolchain/arm/arm-gnu-toolchain/bin/../lib/gcc/arm-none-eabi/6.3.1/../../../../arm-none-eabi/lib/thumb/v6-m\libc_nano.a(lib_a-exit.o)
 .data          0x00000000        0x0 c:/program files (x86)/atmel/studio/7.0/toolchain/arm/arm-gnu-toolchain/bin/../lib/gcc/arm-none-eabi/6.3.1/../../../../arm-none-eabi/lib/thumb/v6-m\libc_nano.a(lib_a-exit.o)
 .bss           0x00000000        0x0 c:/program files (x86)/atmel/studio/7.0/toolchain/arm/arm-gnu-toolchain/bin/../lib/gcc/arm-none-eabi/6.3.1/../../../../arm-none-eabi/lib/thumb/v6-m\libc_nano.a(lib_a-exit.o)
 .text.exit     0x00000000       0x2c c:/program files (x86)/atmel/studio/7.0/toolchain/arm/arm-gnu-toolchain/bin/../lib/gcc/arm-none-eabi/6.3.1/../../../../arm-none-eabi/lib/thumb/v6-m\libc_nano.a(lib_a-exit.o)
 .debug_frame   0x00000000       0x28 c:/program files (x86)/atmel/studio/7.0/toolchain/arm/arm-gnu-toolchain/bin/../lib/gcc/arm-none-eabi/6.3.1/../../../../arm-none-eabi/lib/thumb/v6-m\libc_nano.a(lib_a-exit.o)
 .ARM.attributes
                0x00000000       0x2c c:/program files (x86)/atmel/studio/7.0/toolchain/arm/arm-gnu-toolchain/bin/../lib/gcc/arm-none-eabi/6.3.1/../../../../arm-none-eabi/lib/thumb/v6-m\libc_nano.a(lib_a-exit.o)
 .text          0x00000000        0x0 c:/program files (x86)/atmel/studio/7.0/toolchain/arm/arm-gnu-toolchain/bin/../lib/gcc/arm-none-eabi/6.3.1/../../../../arm-none-eabi/lib/thumb/v6-m\libc_nano.a(lib_a-impure.o)
 .data          0x00000000        0x0 c:/program files (x86)/atmel/studio/7.0/toolchain/arm/arm-gnu-toolchain/bin/../lib/gcc/arm-none-eabi/6.3.1/../../../../arm-none-eabi/lib/thumb/v6-m\libc_nano.a(lib_a-impure.o)
 .bss           0x00000000        0x0 c:/program files (x86)/atmel/studio/7.0/toolchain/arm/arm-gnu-toolchain/bin/../lib/gcc/arm-none-eabi/6.3.1/../../../../arm-none-eabi/lib/thumb/v6-m\libc_nano.a(lib_a-impure.o)
 .data._impure_ptr
                0x00000000        0x4 c:/program files (x86)/atmel/studio/7.0/toolchain/arm/arm-gnu-toolchain/bin/../lib/gcc/arm-none-eabi/6.3.1/../../../../arm-none-eabi/lib/thumb/v6-m\libc_nano.a(lib_a-impure.o)
 .data.impure_data
                0x00000000       0x60 c:/program files (x86)/atmel/studio/7.0/toolchain/arm/arm-gnu-toolchain/bin/../lib/gcc/arm-none-eabi/6.3.1/../../../../arm-none-eabi/lib/thumb/v6-m\libc_nano.a(lib_a-impure.o)
 .rodata._global_impure_ptr
                0x00000000        0x4 c:/program files (x86)/atmel/studio/7.0/toolchain/arm/arm-gnu-toolchain/bin/../lib/gcc/arm-none-eabi/6.3.1/../../../../arm-none-eabi/lib/thumb/v6-m\libc_nano.a(lib_a-impure.o)
 .ARM.attributes
                0x00000000       0x2c c:/program files (x86)/atmel/studio/7.0/toolchain/arm/arm-gnu-toolchain/bin/../lib/gcc/arm-none-eabi/6.3.1/../../../../arm-none-eabi/lib/thumb/v6-m\libc_nano.a(lib_a-impure.o)
 .text          0x00000000        0x0 c:/program files (x86)/atmel/studio/7.0/toolchain/arm/arm-gnu-toolchain/bin/../lib/gcc/arm-none-eabi/6.3.1/../../../../arm-none-eabi/lib/thumb/v6-m\libc_nano.a(lib_a-init.o)
 .data          0x00000000        0x0 c:/program files (x86)/atmel/studio/7.0/toolchain/arm/arm-gnu-toolchain/bin/../lib/gcc/arm-none-eabi/6.3.1/../../../../arm-none-eabi/lib/thumb/v6-m\libc_nano.a(lib_a-init.o)
 .bss           0x00000000        0x0 c:/program files (x86)/atmel/studio/7.0/toolchain/arm/arm-gnu-toolchain/bin/../lib/gcc/arm-none-eabi/6.3.1/../../../../arm-none-eabi/lib/thumb/v6-m\libc_nano.a(lib_a-init.o)
 .text          0x00000000        0x0 c:/program files (x86)/atmel/studio/7.0/toolchain/arm/arm-gnu-toolchain/bin/../lib/gcc/arm-none-eabi/6.3.1/../../../../arm-none-eabi/lib/thumb/v6-m\libc_nano.a(lib_a-itoa.o)
 .data          0x00000000        0x0 c:/program files (x86)/atmel/studio/7.0/toolchain/arm/arm-gnu-toolchain/bin/../lib/gcc/arm-none-eabi/6.3.1/../../../../arm-none-eabi/lib/thumb/v6-m\libc_nano.a(lib_a-itoa.o)
 .bss           0x00000000        0x0 c:/program files (x86)/atmel/studio/7.0/toolchain/arm/arm-gnu-toolchain/bin/../lib/gcc/arm-none-eabi/6.3.1/../../../../arm-none-eabi/lib/thumb/v6-m\libc_nano.a(lib_a-itoa.o)
 .text          0x00000000        0x0 c:/program files (x86)/atmel/studio/7.0/toolchain/arm/arm-gnu-toolchain/bin/../lib/gcc/arm-none-eabi/6.3.1/../../../../arm-none-eabi/lib/thumb/v6-m\libc_nano.a(lib_a-memcpy-stub.o)
 .data          0x00000000        0x0 c:/program files (x86)/atmel/studio/7.0/toolchain/arm/arm-gnu-toolchain/bin/../lib/gcc/arm-none-eabi/6.3.1/../../../../arm-none-eabi/lib/thumb/v6-m\libc_nano.a(lib_a-memcpy-stub.o)
 .bss           0x00000000        0x0 c:/program files (x86)/atmel/studio/7.0/toolchain/arm/arm-gnu-toolchain/bin/../lib/gcc/arm-none-eabi/6.3.1/../../../../arm-none-eabi/lib/thumb/v6-m\libc_nano.a(lib_a-memcpy-stub.o)
 .text          0x00000000        0x0 c:/program files (x86)/atmel/studio/7.0/toolchain/arm/arm-gnu-toolchain/bin/../lib/gcc/arm-none-eabi/6.3.1/../../../../arm-none-eabi/lib/thumb/v6-m\libc_nano.a(lib_a-memset.o)
 .data          0x00000000        0x0 c:/program files (x86)/atmel/studio/7.0/toolchain/arm/arm-gnu-toolchain/bin/../lib/gcc/arm-none-eabi/6.3.1/../../../../arm-none-eabi/lib/thumb/v6-m\libc_nano.a(lib_a-memset.o)
 .bss           0x00000000        0x0 c:/program files (x86)/atmel/studio/7.0/toolchain/arm/arm-gnu-toolchain/bin/../lib/gcc/arm-none-eabi/6.3.1/../../../../arm-none-eabi/lib/thumb/v6-m\libc_nano.a(lib_a-memset.o)
 .text.memset   0x00000000       0x10 c:/program files (x86)/atmel/studio/7.0/toolchain/arm/arm-gnu-toolchain/bin/../lib/gcc/arm-none-eabi/6.3.1/../../../../arm-none-eabi/lib/thumb/v6-m\libc_nano.a(lib_a-memset.o)
 .debug_frame   0x00000000       0x20 c:/program files (x86)/atmel/studio/7.0/toolchain/arm/arm-gnu-toolchain/bin/../lib/gcc/arm-none-eabi/6.3.1/../../../../arm-none-eabi/lib/thumb/v6-m\libc_nano.a(lib_a-memset.o)
 .ARM.attributes
                0x00000000       0x2c c:/program files (x86)/atmel/studio/7.0/toolchain/arm/arm-gnu-toolchain/bin/../lib/gcc/arm-none-eabi/6.3.1/../../../../arm-none-eabi/lib/thumb/v6-m\libc_nano.a(lib_a-memset.o)
 .text          0x00000000        0x0 c:/program files (x86)/atmel/studio/7.0/toolchain/arm/arm-gnu-toolchain/bin/../lib/gcc/arm-none-eabi/6.3.1/../../../../arm-none-eabi/lib/thumb/v6-m\libc_nano.a(lib_a-utoa.o)
 .data          0x00000000        0x0 c:/program files (x86)/atmel/studio/7.0/toolchain/arm/arm-gnu-toolchain/bin/../lib/gcc/arm-none-eabi/6.3.1/../../../../arm-none-eabi/lib/thumb/v6-m\libc_nano.a(lib_a-utoa.o)
 .bss           0x00000000        0x0 c:/program files (x86)/atmel/studio/7.0/toolchain/arm/arm-gnu-toolchain/bin/../lib/gcc/arm-none-eabi/6.3.1/../../../../arm-none-eabi/lib/thumb/v6-m\libc_nano.a(lib_a-utoa.o)
 .text.utoa     0x00000000        0x8 c:/program files (x86)/atmel/studio/7.0/toolchain/arm/arm-gnu-toolchain/bin/../lib/gcc/arm-none-eabi/6.3.1/../../../../arm-none-eabi/lib/thumb/v6-m\libc_nano.a(lib_a-utoa.o)
 .text          0x00000000        0x0 c:/program files (x86)/atmel/studio/7.0/toolchain/arm/arm-gnu-toolchain/bin/../lib/gcc/arm-none-eabi/6.3.1/thumb/v6-m/crtend.o
 .data          0x00000000        0x0 c:/program files (x86)/atmel/studio/7.0/toolchain/arm/arm-gnu-toolchain/bin/../lib/gcc/arm-none-eabi/6.3.1/thumb/v6-m/crtend.o
 .bss           0x00000000        0x0 c:/program files (x86)/atmel/studio/7.0/toolchain/arm/arm-gnu-toolchain/bin/../lib/gcc/arm-none-eabi/6.3.1/thumb/v6-m/crtend.o
 .eh_frame      0x00000000        0x4 c:/program files (x86)/atmel/studio/7.0/toolchain/arm/arm-gnu-toolchain/bin/../lib/gcc/arm-none-eabi/6.3.1/thumb/v6-m/crtend.o
 .jcr           0x00000000        0x4 c:/program files (x86)/atmel/studio/7.0/toolchain/arm/arm-gnu-toolchain/bin/../lib/gcc/arm-none-eabi/6.3.1/thumb/v6-m/crtend.o
 .ARM.attributes
                0x00000000       0x2c c:/program files (x86)/atmel/studio/7.0/toolchain/arm/arm-gnu-toolchain/bin/../lib/gcc/arm-none-eabi/6.3.1/thumb/v6-m/crtend.o
 .text          0x00000000        0x0 c:/program files (x86)/atmel/studio/7.0/toolchain/arm/arm-gnu-toolchain/bin/../lib/gcc/arm-none-eabi/6.3.1/thumb/v6-m/crtn.o
 .data          0x00000000        0x0 c:/program files (x86)/atmel/studio/7.0/toolchain/arm/arm-gnu-toolchain/bin/../lib/gcc/arm-none-eabi/6.3.1/thumb/v6-m/crtn.o
 .bss           0x00000000        0x0 c:/program files (x86)/atmel/studio/7.0/toolchain/arm/arm-gnu-toolchain/bin/../lib/gcc/arm-none-eabi/6.3.1/thumb/v6-m/crtn.o

Memory Configuration

Name             Origin             Length             Attributes
rom              0x00000000         0x00040000         xr
ram              0x20000000         0x00008000         xrw
*default*        0x00000000         0xffffffff

Linker script and memory map

LOAD c:/program files (x86)/atmel/studio/7.0/toolchain/arm/arm-gnu-toolchain/bin/../lib/gcc/arm-none-eabi/6.3.1/thumb/v6-m/crti.o
LOAD c:/program files (x86)/atmel/studio/7.0/toolchain/arm/arm-gnu-toolchain/bin/../lib/gcc/arm-none-eabi/6.3.1/thumb/v6-m/crtbegin.o
LOAD c:/program files (x86)/atmel/studio/7.0/toolchain/arm/arm-gnu-toolchain/bin/../lib/gcc/arm-none-eabi/6.3.1/../../../../arm-none-eabi/lib/thumb/v6-m/crt0.o
LOAD build/Release/production/_ext/629492261/extint_callback.o
LOAD build/Release/production/_ext/559814147/extint.o
LOAD build/Release/production/_ext/246296370/sercom.o
LOAD build/Release/production/_ext/1281927709/tc.o
LOAD build/Release/production/_ext/760687460/tc_interrupt.o
LOAD build/Release/production/_ext/388775292/usart.o
LOAD build/Release/production/_ext/1939168694/interrupt_sam_nvic.o
LOAD build/Release/production/_ext/1502292737/board_init.o
LOAD build/Release/production/_ext/876312722/port.o
LOAD build/Release/production/_ext/1900123450/clock.o
LOAD build/Release/production/_ext/1900123450/gclk.o
LOAD build/Release/production/_ext/1234282992/system_interrupt.o
LOAD build/Release/production/_ext/980481618/pinmux.o
LOAD build/Release/production/_ext/227780132/system.o
LOAD build/Release/production/_ext/1126068005/startup_samd21.o
LOAD build/Release/production/_ext/540691939/system_samd21.o
LOAD build/Release/production/_ext/1312133662/read.o
LOAD build/Release/production/_ext/1312133662/write.o
LOAD build/Release/production/_ext/1284275751/syscalls.o
LOAD build/Release/production/_ext/1360937237/main.o
                0x00000001                __MPLAB_BUILD = 0x1
LOAD ../src/ASF/thirdparty/CMSIS/Lib/GCC\libarm_cortexM0l_math.a
LOAD c:/program files (x86)/atmel/studio/7.0/toolchain/arm/arm-gnu-toolchain/bin/../lib/gcc/arm-none-eabi/6.3.1/../../../../arm-none-eabi/lib/thumb/v6-m\libm.a
START GROUP
LOAD c:/program files (x86)/atmel/studio/7.0/toolchain/arm/arm-gnu-toolchain/bin/../lib/gcc/arm-none-eabi/6.3.1/thumb/v6-m\libgcc.a
LOAD c:/program files (x86)/atmel/studio/7.0/toolchain/arm/arm-gnu-toolchain/bin/../lib/gcc/arm-none-eabi/6.3.1/../../../../arm-none-eabi/lib/thumb/v6-m\libc_nano.a
END GROUP
START GROUP
LOAD c:/program files (x86)/atmel/studio/7.0/toolchain/arm/arm-gnu-toolchain/bin/../lib/gcc/arm-none-eabi/6.3.1/thumb/v6-m\libgcc.a
LOAD c:/program files (x86)/atmel/studio/7.0/toolchain/arm/arm-gnu-toolchain/bin/../lib/gcc/arm-none-eabi/6.3.1/../../../../arm-none-eabi/lib/thumb/v6-m\libc_nano.a
END GROUP
LOAD c:/program files (x86)/atmel/studio/7.0/toolchain/arm/arm-gnu-toolchain/bin/../lib/gcc/arm-none-eabi/6.3.1/thumb/v6-m/crtend.o
LOAD c:/program files (x86)/atmel/studio/7.0/toolchain/arm/arm-gnu-toolchain/bin/../lib/gcc/arm-none-eabi/6.3.1/thumb/v6-m/crtn.o
                0x00002000                STACK_SIZE = DEFINED (STACK_SIZE)?STACK_SIZE:DEFINED (__stack_size__)?__stack_size__:0x2000

.text           0x00000000     0x1578
                0x00000000                . = ALIGN (0x4)
                0x00000000                _sfixed = .
 *(.vectors .vectors.*)
 .vectors       0x00000000       0xb4 build/Release/production/_ext/1126068005/startup_samd21.o
                0x00000000                exception_table
 *(.text .text.* .gnu.linkonce.t.*)
 .text          0x000000b4       0x60 c:/program files (x86)/atmel/studio/7.0/toolchain/arm/arm-gnu-toolchain/bin/../lib/gcc/arm-none-eabi/6.3.1/thumb/v6-m/crtbegin.o
 .text.extint_register_callback
                0x00000114       0x28 build/Release/production/_ext/629492261/extint_callback.o
                0x00000114                extint_register_callback
 .text.extint_chan_enable_callback
                0x0000013c       0x20 build/Release/production/_ext/629492261/extint_callback.o
                0x0000013c                extint_chan_enable_callback
 .text.EIC_Handler
                0x0000015c       0x40 build/Release/production/_ext/629492261/extint_callback.o
                0x0000015c                EIC_Handler
 .text.extint_is_syncing
                0x0000019c        0xc build/Release/production/_ext/559814147/extint.o
 .text._extint_enable
                0x000001a8       0x20 build/Release/production/_ext/559814147/extint.o
 .text._system_extint_init
                0x000001c8       0x68 build/Release/production/_ext/559814147/extint.o
                0x000001c8                _system_extint_init
 .text.extint_chan_get_config_defaults
                0x00000230       0x14 build/Release/production/_ext/559814147/extint.o
                0x00000230                extint_chan_get_config_defaults
 .text.extint_chan_set_config
                0x00000244       0x70 build/Release/production/_ext/559814147/extint.o
                0x00000244                extint_chan_set_config
 .text.long_division
                0x000002b4       0x6c build/Release/production/_ext/246296370/sercom.o
 .text._sercom_get_sync_baud_val
                0x00000320       0x28 build/Release/production/_ext/246296370/sercom.o
                0x00000320                _sercom_get_sync_baud_val
 .text._sercom_get_async_baud_val
                0x00000348       0x98 build/Release/production/_ext/246296370/sercom.o
                0x00000348                _sercom_get_async_baud_val
 .text.sercom_set_gclk_generator
                0x000003e0       0x44 build/Release/production/_ext/246296370/sercom.o
                0x000003e0                sercom_set_gclk_generator
 .text._sercom_get_default_pad
                0x00000424      0x15c build/Release/production/_ext/246296370/sercom.o
                0x00000424                _sercom_get_default_pad
 .text._sercom_get_sercom_inst_index
                0x00000580       0x30 build/Release/production/_ext/246296370/sercom.o
                0x00000580                _sercom_get_sercom_inst_index
 .text._tc_interrupt_handler
                0x000005b0       0x5c build/Release/production/_ext/760687460/tc_interrupt.o
                0x000005b0                _tc_interrupt_handler
 .text.TC3_Handler
                0x0000060c       0x10 build/Release/production/_ext/760687460/tc_interrupt.o
                0x0000060c                TC3_Handler
 .text.TC4_Handler
                0x0000061c       0x10 build/Release/production/_ext/760687460/tc_interrupt.o
                0x0000061c                TC4_Handler
 .text.TC5_Handler
                0x0000062c       0x10 build/Release/production/_ext/760687460/tc_interrupt.o
                0x0000062c                TC5_Handler
 .text.TC6_Handler
                0x0000063c       0x10 build/Release/production/_ext/760687460/tc_interrupt.o
                0x0000063c                TC6_Handler
 .text.TC7_Handler
                0x0000064c       0x10 build/Release/production/_ext/760687460/tc_interrupt.o
                0x0000064c                TC7_Handler
 .text.usart_init
                0x0000065c      0x278 build/Release/production/_ext/388775292/usart.o
                0x0000065c                usart_init
 .text.usart_write_wait
                0x000008d4       0x22 build/Release/production/_ext/388775292/usart.o
                0x000008d4                usart_write_wait
 .text.usart_read_wait
                0x000008f6       0x62 build/Release/production/_ext/388775292/usart.o
                0x000008f6                usart_read_wait
 .text.usart_write_buffer_wait
                0x00000958       0x7c build/Release/production/_ext/388775292/usart.o
                0x00000958                usart_write_buffer_wait
 .text.cpu_irq_enter_critical
                0x000009d4       0x34 build/Release/production/_ext/1939168694/interrupt_sam_nvic.o
                0x000009d4                cpu_irq_enter_critical
 .text.cpu_irq_leave_critical
                0x00000a08       0x30 build/Release/production/_ext/1939168694/interrupt_sam_nvic.o
                0x00000a08                cpu_irq_leave_critical
 .text.system_board_init
                0x00000a38       0x34 build/Release/production/_ext/1502292737/board_init.o
                0x00000a38                board_init
                0x00000a38                system_board_init
 .text.port_pin_set_config
                0x00000a6c       0x20 build/Release/production/_ext/876312722/port.o
                0x00000a6c                port_pin_set_config
 .text._system_dfll_wait_for_sync
                0x00000a8c       0x10 build/Release/production/_ext/1900123450/clock.o
 .text.system_clock_source_get_hz
                0x00000a9c       0x90 build/Release/production/_ext/1900123450/clock.o
                0x00000a9c                system_clock_source_get_hz
 .text.system_clock_source_osc8m_set_config
                0x00000b2c       0x3c build/Release/production/_ext/1900123450/clock.o
                0x00000b2c                system_clock_source_osc8m_set_config
 .text.system_clock_source_enable
                0x00000b68       0x90 build/Release/production/_ext/1900123450/clock.o
                0x00000b68                system_clock_source_enable
 .text.system_clock_init
                0x00000bf8       0x90 build/Release/production/_ext/1900123450/clock.o
                0x00000bf8                system_clock_init
 .text.system_gclk_is_syncing
                0x00000c88        0xc build/Release/production/_ext/1900123450/gclk.o
 .text.system_gclk_init
                0x00000c94       0x20 build/Release/production/_ext/1900123450/gclk.o
                0x00000c94                system_gclk_init
 .text.system_gclk_gen_set_config
                0x00000cb4       0xa4 build/Release/production/_ext/1900123450/gclk.o
                0x00000cb4                system_gclk_gen_set_config
 .text.system_gclk_gen_enable
                0x00000d58       0x40 build/Release/production/_ext/1900123450/gclk.o
                0x00000d58                system_gclk_gen_enable
 .text.system_gclk_gen_get_hz
                0x00000d98       0x88 build/Release/production/_ext/1900123450/gclk.o
                0x00000d98                system_gclk_gen_get_hz
 .text.system_gclk_chan_enable
                0x00000e20       0x30 build/Release/production/_ext/1900123450/gclk.o
                0x00000e20                system_gclk_chan_enable
 .text.system_gclk_chan_disable
                0x00000e50       0x58 build/Release/production/_ext/1900123450/gclk.o
                0x00000e50                system_gclk_chan_disable
 .text.system_gclk_chan_set_config
                0x00000ea8       0x1c build/Release/production/_ext/1900123450/gclk.o
                0x00000ea8                system_gclk_chan_set_config
 .text.system_gclk_chan_get_hz
                0x00000ec4       0x34 build/Release/production/_ext/1900123450/gclk.o
                0x00000ec4                system_gclk_chan_get_hz
 .text._system_pinmux_config
                0x00000ef8       0x84 build/Release/production/_ext/980481618/pinmux.o
 .text.system_pinmux_pin_set_config
                0x00000f7c       0x2c build/Release/production/_ext/980481618/pinmux.o
                0x00000f7c                system_pinmux_pin_set_config
 .text._system_dummy_init
                0x00000fa8        0x2 build/Release/production/_ext/227780132/system.o
                0x00000fa8                _system_events_init
                0x00000fa8                _system_dummy_init
                0x00000fa8                _system_divas_init
 *fill*         0x00000faa        0x2 
 .text.system_init
                0x00000fac       0x2c build/Release/production/_ext/227780132/system.o
                0x00000fac                system_init
 .text.Dummy_Handler
                0x00000fd8        0x2 build/Release/production/_ext/1126068005/startup_samd21.o
                0x00000fd8                DMAC_Handler
                0x00000fd8                HardFault_Handler
                0x00000fd8                AC_Handler
                0x00000fd8                SysTick_Handler
                0x00000fd8                PendSV_Handler
                0x00000fd8                NMI_Handler
                0x00000fd8                SERCOM1_Handler
                0x00000fd8                ADC_Handler
                0x00000fd8                TCC1_Handler
                0x00000fd8                SERCOM2_Handler
                0x00000fd8                TCC0_Handler
                0x00000fd8                RTC_Handler
                0x00000fd8                WDT_Handler
                0x00000fd8                USB_Handler
                0x00000fd8                Dummy_Handler
                0x00000fd8                PM_Handler
                0x00000fd8                SERCOM5_Handler
                0x00000fd8                SVC_Handler
                0x00000fd8                TCC2_Handler
                0x00000fd8                EVSYS_Handler
                0x00000fd8                SERCOM3_Handler
                0x00000fd8                SERCOM4_Handler
                0x00000fd8                I2S_Handler
                0x00000fd8                NVMCTRL_Handler
                0x00000fd8                SERCOM0_Handler
                0x00000fd8                DAC_Handler
                0x00000fd8                PTC_Handler
                0x00000fd8                SYSCTRL_Handler
 *fill*         0x00000fda        0x2 
 .text.Reset_Handler
                0x00000fdc       0xbc build/Release/production/_ext/1126068005/startup_samd21.o
                0x00000fdc                Reset_Handler
 .text.extint_detection_callback
                0x00001098       0x10 build/Release/production/_ext/1360937237/main.o
                0x00001098                extint_detection_callback
 .text.configure_extint_channel
                0x000010a8       0x2c build/Release/production/_ext/1360937237/main.o
                0x000010a8                configure_extint_channel
 .text.configure_extint_callbacks
                0x000010d4       0x24 build/Release/production/_ext/1360937237/main.o
                0x000010d4                configure_extint_callbacks
 .text.configure_usart
                0x000010f8       0xa4 build/Release/production/_ext/1360937237/main.o
                0x000010f8                configure_usart
 .text.startup.main
                0x0000119c       0xd4 build/Release/production/_ext/1360937237/main.o
                0x0000119c                main
 .text          0x00001270       0x14 c:/program files (x86)/atmel/studio/7.0/toolchain/arm/arm-gnu-toolchain/bin/../lib/gcc/arm-none-eabi/6.3.1/thumb/v6-m\libgcc.a(_thumb1_case_uqi.o)
                0x00001270                __gnu_thumb1_case_uqi
 .text          0x00001284      0x114 c:/program files (x86)/atmel/studio/7.0/toolchain/arm/arm-gnu-toolchain/bin/../lib/gcc/arm-none-eabi/6.3.1/thumb/v6-m\libgcc.a(_udivsi3.o)
                0x00001284                __aeabi_uidiv
                0x00001284                __udivsi3
                0x00001390                __aeabi_uidivmod
 .text          0x00001398        0x4 c:/program files (x86)/atmel/studio/7.0/toolchain/arm/arm-gnu-toolchain/bin/../lib/gcc/arm-none-eabi/6.3.1/thumb/v6-m\libgcc.a(_dvmd_tls.o)
                0x00001398                __aeabi_idiv0
                0x00001398                __aeabi_ldiv0
 .text          0x0000139c       0x18 c:/program files (x86)/atmel/studio/7.0/toolchain/arm/arm-gnu-toolchain/bin/../lib/gcc/arm-none-eabi/6.3.1/thumb/v6-m\libgcc.a(_ashldi3.o)
                0x0000139c                __aeabi_llsl
                0x0000139c                __ashldi3
 .text          0x000013b4       0x54 c:/program files (x86)/atmel/studio/7.0/toolchain/arm/arm-gnu-toolchain/bin/../lib/gcc/arm-none-eabi/6.3.1/thumb/v6-m\libgcc.a(_muldi3.o)
                0x000013b4                __muldi3
                0x000013b4                __aeabi_lmul
 .text.__libc_init_array
                0x00001408       0x48 c:/program files (x86)/atmel/studio/7.0/toolchain/arm/arm-gnu-toolchain/bin/../lib/gcc/arm-none-eabi/6.3.1/../../../../arm-none-eabi/lib/thumb/v6-m\libc_nano.a(lib_a-init.o)
                0x00001408                __libc_init_array
 .text.__itoa   0x00001450       0x30 c:/program files (x86)/atmel/studio/7.0/toolchain/arm/arm-gnu-toolchain/bin/../lib/gcc/arm-none-eabi/6.3.1/../../../../arm-none-eabi/lib/thumb/v6-m\libc_nano.a(lib_a-itoa.o)
                0x00001450                __itoa
 .text.itoa     0x00001480        0x8 c:/program files (x86)/atmel/studio/7.0/toolchain/arm/arm-gnu-toolchain/bin/../lib/gcc/arm-none-eabi/6.3.1/../../../../arm-none-eabi/lib/thumb/v6-m\libc_nano.a(lib_a-itoa.o)
                0x00001480                itoa
 .text.memcpy   0x00001488       0x12 c:/program files (x86)/atmel/studio/7.0/toolchain/arm/arm-gnu-toolchain/bin/../lib/gcc/arm-none-eabi/6.3.1/../../../../arm-none-eabi/lib/thumb/v6-m\libc_nano.a(lib_a-memcpy-stub.o)
                0x00001488                memcpy
 *fill*         0x0000149a        0x2 
 .text.__utoa   0x0000149c       0x74 c:/program files (x86)/atmel/studio/7.0/toolchain/arm/arm-gnu-toolchain/bin/../lib/gcc/arm-none-eabi/6.3.1/../../../../arm-none-eabi/lib/thumb/v6-m\libc_nano.a(lib_a-utoa.o)
                0x0000149c                __utoa
 *(.glue_7t)
 .glue_7t       0x00001510        0x0 linker stubs
 *(.glue_7)
 .glue_7        0x00001510        0x0 linker stubs
 *(.rodata .rodata* .gnu.linkonce.r.*)
 .rodata        0x00001510       0x18 build/Release/production/_ext/246296370/sercom.o
 .rodata.main.str1.1
                0x00001528        0xb build/Release/production/_ext/1360937237/main.o
 .rodata.__utoa.str1.1
                0x00001533       0x25 c:/program files (x86)/atmel/studio/7.0/toolchain/arm/arm-gnu-toolchain/bin/../lib/gcc/arm-none-eabi/6.3.1/../../../../arm-none-eabi/lib/thumb/v6-m\libc_nano.a(lib_a-utoa.o)
 *(.ARM.extab* .gnu.linkonce.armextab.*)
                0x00001558                . = ALIGN (0x4)
 *(.init)
 .init          0x00001558        0x4 c:/program files (x86)/atmel/studio/7.0/toolchain/arm/arm-gnu-toolchain/bin/../lib/gcc/arm-none-eabi/6.3.1/thumb/v6-m/crti.o
                0x00001558                _init
 .init          0x0000155c        0x8 c:/program files (x86)/atmel/studio/7.0/toolchain/arm/arm-gnu-toolchain/bin/../lib/gcc/arm-none-eabi/6.3.1/thumb/v6-m/crtn.o
                0x00001564                . = ALIGN (0x4)
                0x00001564                __preinit_array_start = .
 *(.preinit_array)
                0x00001564                __preinit_array_end = .
                0x00001564                . = ALIGN (0x4)
                0x00001564                __init_array_start = .
 *(SORT(.init_array.*))
 *(.init_array)
 .init_array    0x00001564        0x4 c:/program files (x86)/atmel/studio/7.0/toolchain/arm/arm-gnu-toolchain/bin/../lib/gcc/arm-none-eabi/6.3.1/thumb/v6-m/crtbegin.o
                0x00001568                __init_array_end = .
                0x00001568                . = ALIGN (0x4)
 *crtbegin.o(.ctors)
 *(EXCLUDE_FILE(*crtend.o) .ctors)
 *(SORT(.ctors.*))
 *crtend.o(.ctors)
                0x00001568                . = ALIGN (0x4)
 *(.fini)
 .fini          0x00001568        0x4 c:/program files (x86)/atmel/studio/7.0/toolchain/arm/arm-gnu-toolchain/bin/../lib/gcc/arm-none-eabi/6.3.1/thumb/v6-m/crti.o
                0x00001568                _fini
 .fini          0x0000156c        0x8 c:/program files (x86)/atmel/studio/7.0/toolchain/arm/arm-gnu-toolchain/bin/../lib/gcc/arm-none-eabi/6.3.1/thumb/v6-m/crtn.o
                0x00001574                . = ALIGN (0x4)
                0x00001574                __fini_array_start = .
 *(.fini_array)
 .fini_array    0x00001574        0x4 c:/program files (x86)/atmel/studio/7.0/toolchain/arm/arm-gnu-toolchain/bin/../lib/gcc/arm-none-eabi/6.3.1/thumb/v6-m/crtbegin.o
 *(SORT(.fini_array.*))
                0x00001578                __fini_array_end = .
 *crtbegin.o(.dtors)
 *(EXCLUDE_FILE(*crtend.o) .dtors)
 *(SORT(.dtors.*))
 *crtend.o(.dtors)
                0x00001578                . = ALIGN (0x4)
                0x00001578                _efixed = .
                [!provide]                PROVIDE (__exidx_start, .)

.vfp11_veneer   0x00001578        0x0
 .vfp11_veneer  0x00001578        0x0 linker stubs

.v4_bx          0x00001578        0x0
 .v4_bx         0x00001578        0x0 linker stubs

.iplt           0x00001578        0x0
 .iplt          0x00001578        0x0 c:/program files (x86)/atmel/studio/7.0/toolchain/arm/arm-gnu-toolchain/bin/../lib/gcc/arm-none-eabi/6.3.1/thumb/v6-m/crtbegin.o

.eh_frame       0x00001578        0x0
 .eh_frame      0x00001578        0x0 c:/program files (x86)/atmel/studio/7.0/toolchain/arm/arm-gnu-toolchain/bin/../lib/gcc/arm-none-eabi/6.3.1/thumb/v6-m/crtbegin.o

.rel.dyn        0x00001578        0x0
 .rel.iplt      0x00001578        0x0 c:/program files (x86)/atmel/studio/7.0/toolchain/arm/arm-gnu-toolchain/bin/../lib/gcc/arm-none-eabi/6.3.1/thumb/v6-m/crtbegin.o

.jcr            0x00001578        0x0
 .jcr           0x00001578        0x0 c:/program files (x86)/atmel/studio/7.0/toolchain/arm/arm-gnu-toolchain/bin/../lib/gcc/arm-none-eabi/6.3.1/thumb/v6-m/crtbegin.o

.igot.plt       0x00001578        0x0
 .igot.plt      0x00001578        0x0 c:/program files (x86)/atmel/studio/7.0/toolchain/arm/arm-gnu-toolchain/bin/../lib/gcc/arm-none-eabi/6.3.1/thumb/v6-m/crtbegin.o

.ARM.exidx
 *(.ARM.exidx* .gnu.linkonce.armexidx.*)
                [!provide]                PROVIDE (__exidx_end, .)
                0x00001578                . = ALIGN (0x4)
                0x00001578                _etext = .

.relocate       0x20000000        0x4 load address 0x00001578
                0x20000000                . = ALIGN (0x4)
                0x20000000                _srelocate = .
 *(.ramfunc .ramfunc.*)
 *(.data .data.*)
 .data.g_interrupt_enabled
                0x20000000        0x1 build/Release/production/_ext/1939168694/interrupt_sam_nvic.o
                0x20000000                g_interrupt_enabled
                0x20000004                . = ALIGN (0x4)
 *fill*         0x20000001        0x3 
                0x20000004                _erelocate = .

.bss            0x20000004       0xf4 load address 0x0000157c
                0x20000004                . = ALIGN (0x4)
                0x20000004                _sbss = .
                0x20000004                _szero = .
 *(.bss .bss.*)
 .bss           0x20000004       0x1c c:/program files (x86)/atmel/studio/7.0/toolchain/arm/arm-gnu-toolchain/bin/../lib/gcc/arm-none-eabi/6.3.1/thumb/v6-m/crtbegin.o
 .bss._sercom_config
                0x20000020        0x2 build/Release/production/_ext/246296370/sercom.o
 *fill*         0x20000022        0x2 
 .bss.cpu_irq_critical_section_counter
                0x20000024        0x4 build/Release/production/_ext/1939168694/interrupt_sam_nvic.o
 .bss.cpu_irq_prev_interrupt_state
                0x20000028        0x1 build/Release/production/_ext/1939168694/interrupt_sam_nvic.o
 *fill*         0x20000029        0x3 
 .bss._system_clock_inst
                0x2000002c       0x18 build/Release/production/_ext/1900123450/clock.o
 .bss.pulse     0x20000044        0x1 build/Release/production/_ext/1360937237/main.o
                0x20000044                pulse
 *(COMMON)
 COMMON         0x20000045        0x1 build/Release/production/_ext/629492261/extint_callback.o
                0x20000045                _current_channel
 *fill*         0x20000046        0x2 
 COMMON         0x20000048       0x40 build/Release/production/_ext/559814147/extint.o
                0x20000048                _extint_dev
 COMMON         0x20000088       0x14 build/Release/production/_ext/760687460/tc_interrupt.o
                0x20000088                _tc_instances
 COMMON         0x2000009c       0x5c build/Release/production/_ext/1360937237/main.o
                0x2000009c                usart_instance
                0x200000a8                buff
                0x200000f8                . = ALIGN (0x4)
                0x200000f8                _ebss = .
                0x200000f8                _ezero = .

.stack          0x200000f8     0x2000 load address 0x00001670
                0x200000f8                . = ALIGN (0x8)
                0x200000f8                _sstack = .
                0x200020f8                . = (. + STACK_SIZE)
 *fill*         0x200000f8     0x2000 
                0x200020f8                . = ALIGN (0x8)
                0x200020f8                _estack = .
                0x200020f8                . = ALIGN (0x4)
                0x200020f8                _end = .
OUTPUT(dist/Release/production/flowsensorv0.X.production.elf elf32-littlearm)

.ARM.attributes
                0x00000000       0x28
 .ARM.attributes
                0x00000000       0x1e c:/program files (x86)/atmel/studio/7.0/toolchain/arm/arm-gnu-toolchain/bin/../lib/gcc/arm-none-eabi/6.3.1/thumb/v6-m/crti.o
 .ARM.attributes
                0x0000001e       0x2c c:/program files (x86)/atmel/studio/7.0/toolchain/arm/arm-gnu-toolchain/bin/../lib/gcc/arm-none-eabi/6.3.1/thumb/v6-m/crtbegin.o
 .ARM.attributes
                0x0000004a       0x32 build/Release/production/_ext/629492261/extint_callback.o
 .ARM.attributes
                0x0000007c       0x32 build/Release/production/_ext/559814147/extint.o
 .ARM.attributes
                0x000000ae       0x32 build/Release/production/_ext/246296370/sercom.o
 .ARM.attributes
                0x000000e0       0x32 build/Release/production/_ext/760687460/tc_interrupt.o
 .ARM.attributes
                0x00000112       0x32 build/Release/production/_ext/388775292/usart.o
 .ARM.attributes
                0x00000144       0x32 build/Release/production/_ext/1939168694/interrupt_sam_nvic.o
 .ARM.attributes
                0x00000176       0x32 build/Release/production/_ext/1502292737/board_init.o
 .ARM.attributes
                0x000001a8       0x32 build/Release/production/_ext/876312722/port.o
 .ARM.attributes
                0x000001da       0x32 build/Release/production/_ext/1900123450/clock.o
 .ARM.attributes
                0x0000020c       0x32 build/Release/production/_ext/1900123450/gclk.o
 .ARM.attributes
                0x0000023e       0x32 build/Release/production/_ext/980481618/pinmux.o
 .ARM.attributes
                0x00000270       0x32 build/Release/production/_ext/227780132/system.o
 .ARM.attributes
                0x000002a2       0x32 build/Release/production/_ext/1126068005/startup_samd21.o
 .ARM.attributes
                0x000002d4       0x32 build/Release/production/_ext/1360937237/main.o
 .ARM.attributes
                0x00000306       0x1e c:/program files (x86)/atmel/studio/7.0/toolchain/arm/arm-gnu-toolchain/bin/../lib/gcc/arm-none-eabi/6.3.1/thumb/v6-m\libgcc.a(_thumb1_case_uqi.o)
 .ARM.attributes
                0x00000324       0x1e c:/program files (x86)/atmel/studio/7.0/toolchain/arm/arm-gnu-toolchain/bin/../lib/gcc/arm-none-eabi/6.3.1/thumb/v6-m\libgcc.a(_udivsi3.o)
 .ARM.attributes
                0x00000342       0x1e c:/program files (x86)/atmel/studio/7.0/toolchain/arm/arm-gnu-toolchain/bin/../lib/gcc/arm-none-eabi/6.3.1/thumb/v6-m\libgcc.a(_dvmd_tls.o)
 .ARM.attributes
                0x00000360       0x1e c:/program files (x86)/atmel/studio/7.0/toolchain/arm/arm-gnu-toolchain/bin/../lib/gcc/arm-none-eabi/6.3.1/thumb/v6-m\libgcc.a(_ashldi3.o)
 .ARM.attributes
                0x0000037e       0x2c c:/program files (x86)/atmel/studio/7.0/toolchain/arm/arm-gnu-toolchain/bin/../lib/gcc/arm-none-eabi/6.3.1/thumb/v6-m\libgcc.a(_muldi3.o)
 .ARM.attributes
                0x000003aa       0x2c c:/program files (x86)/atmel/studio/7.0/toolchain/arm/arm-gnu-toolchain/bin/../lib/gcc/arm-none-eabi/6.3.1/../../../../arm-none-eabi/lib/thumb/v6-m\libc_nano.a(lib_a-init.o)
 .ARM.attributes
                0x000003d6       0x2c c:/program files (x86)/atmel/studio/7.0/toolchain/arm/arm-gnu-toolchain/bin/../lib/gcc/arm-none-eabi/6.3.1/../../../../arm-none-eabi/lib/thumb/v6-m\libc_nano.a(lib_a-itoa.o)
 .ARM.attributes
                0x00000402       0x2c c:/program files (x86)/atmel/studio/7.0/toolchain/arm/arm-gnu-toolchain/bin/../lib/gcc/arm-none-eabi/6.3.1/../../../../arm-none-eabi/lib/thumb/v6-m\libc_nano.a(lib_a-memcpy-stub.o)
 .ARM.attributes
                0x0000042e       0x2c c:/program files (x86)/atmel/studio/7.0/toolchain/arm/arm-gnu-toolchain/bin/../lib/gcc/arm-none-eabi/6.3.1/../../../../arm-none-eabi/lib/thumb/v6-m\libc_nano.a(lib_a-utoa.o)
 .ARM.attributes
                0x0000045a       0x1e c:/program files (x86)/atmel/studio/7.0/toolchain/arm/arm-gnu-toolchain/bin/../lib/gcc/arm-none-eabi/6.3.1/thumb/v6-m/crtn.o

.comment        0x00000000       0x59
 .comment       0x00000000       0x59 build/Release/production/_ext/629492261/extint_callback.o
                                 0x5a (size before relaxing)
 .comment       0x00000059       0x5a build/Release/production/_ext/559814147/extint.o
 .comment       0x00000059       0x5a build/Release/production/_ext/246296370/sercom.o
 .comment       0x00000059       0x5a build/Release/production/_ext/760687460/tc_interrupt.o
 .comment       0x00000059       0x5a build/Release/production/_ext/388775292/usart.o
 .comment       0x00000059       0x5a build/Release/production/_ext/1939168694/interrupt_sam_nvic.o
 .comment       0x00000059       0x5a build/Release/production/_ext/1502292737/board_init.o
 .comment       0x00000059       0x5a build/Release/production/_ext/876312722/port.o
 .comment       0x00000059       0x5a build/Release/production/_ext/1900123450/clock.o
 .comment       0x00000059       0x5a build/Release/production/_ext/1900123450/gclk.o
 .comment       0x00000059       0x5a build/Release/production/_ext/980481618/pinmux.o
 .comment       0x00000059       0x5a build/Release/production/_ext/227780132/system.o
 .comment       0x00000059       0x5a build/Release/production/_ext/1126068005/startup_samd21.o
 .comment       0x00000059       0x5a build/Release/production/_ext/1360937237/main.o

.debug_frame    0x00000000      0x130
 .debug_frame   0x00000000       0x20 c:/program files (x86)/atmel/studio/7.0/toolchain/arm/arm-gnu-toolchain/bin/../lib/gcc/arm-none-eabi/6.3.1/thumb/v6-m\libgcc.a(_udivsi3.o)
 .debug_frame   0x00000020       0x34 c:/program files (x86)/atmel/studio/7.0/toolchain/arm/arm-gnu-toolchain/bin/../lib/gcc/arm-none-eabi/6.3.1/thumb/v6-m\libgcc.a(_muldi3.o)
 .debug_frame   0x00000054       0x2c c:/program files (x86)/atmel/studio/7.0/toolchain/arm/arm-gnu-toolchain/bin/../lib/gcc/arm-none-eabi/6.3.1/../../../../arm-none-eabi/lib/thumb/v6-m\libc_nano.a(lib_a-init.o)
 .debug_frame   0x00000080       0x40 c:/program files (x86)/atmel/studio/7.0/toolchain/arm/arm-gnu-toolchain/bin/../lib/gcc/arm-none-eabi/6.3.1/../../../../arm-none-eabi/lib/thumb/v6-m\libc_nano.a(lib_a-itoa.o)
 .debug_frame   0x000000c0       0x28 c:/program files (x86)/atmel/studio/7.0/toolchain/arm/arm-gnu-toolchain/bin/../lib/gcc/arm-none-eabi/6.3.1/../../../../arm-none-eabi/lib/thumb/v6-m\libc_nano.a(lib_a-memcpy-stub.o)
 .debug_frame   0x000000e8       0x48 c:/program files (x86)/atmel/studio/7.0/toolchain/arm/arm-gnu-toolchain/bin/../lib/gcc/arm-none-eabi/6.3.1/../../../../arm-none-eabi/lib/thumb/v6-m\libc_nano.a(lib_a-utoa.o)

Cross Reference Table

Symbol                                            File
AC_Handler                                        build/Release/production/_ext/1126068005/startup_samd21.o
ADC_Handler                                       build/Release/production/_ext/1126068005/startup_samd21.o
DAC_Handler                                       build/Release/production/_ext/1126068005/startup_samd21.o
DMAC_Handler                                      build/Release/production/_ext/1126068005/startup_samd21.o
Dummy_Handler                                     build/Release/production/_ext/1126068005/startup_samd21.o
EIC_Handler                                       build/Release/production/_ext/629492261/extint_callback.o
EVSYS_Handler                                     build/Release/production/_ext/1126068005/startup_samd21.o
HardFault_Handler                                 build/Release/production/_ext/1126068005/startup_samd21.o
I2S_Handler                                       build/Release/production/_ext/1126068005/startup_samd21.o
NMI_Handler                                       build/Release/production/_ext/1126068005/startup_samd21.o
NVMCTRL_Handler                                   build/Release/production/_ext/1126068005/startup_samd21.o
PM_Handler                                        build/Release/production/_ext/1126068005/startup_samd21.o
PTC_Handler                                       build/Release/production/_ext/1126068005/startup_samd21.o
PendSV_Handler                                    build/Release/production/_ext/1126068005/startup_samd21.o
RTC_Handler                                       build/Release/production/_ext/1126068005/startup_samd21.o
Reset_Handler                                     build/Release/production/_ext/1126068005/startup_samd21.o
SERCOM0_Handler                                   build/Release/production/_ext/1126068005/startup_samd21.o
SERCOM1_Handler                                   build/Release/production/_ext/1126068005/startup_samd21.o
SERCOM2_Handler                                   build/Release/production/_ext/1126068005/startup_samd21.o
SERCOM3_Handler                                   build/Release/production/_ext/1126068005/startup_samd21.o
SERCOM4_Handler                                   build/Release/production/_ext/1126068005/startup_samd21.o
SERCOM5_Handler                                   build/Release/production/_ext/1126068005/startup_samd21.o
SVC_Handler                                       build/Release/production/_ext/1126068005/startup_samd21.o
SYSCTRL_Handler                                   build/Release/production/_ext/1126068005/startup_samd21.o
SysTick_Handler                                   build/Release/production/_ext/1126068005/startup_samd21.o
SystemCoreClock                                   build/Release/production/_ext/540691939/system_samd21.o
SystemCoreClockUpdate                             build/Release/production/_ext/540691939/system_samd21.o
SystemInit                                        build/Release/production/_ext/540691939/system_samd21.o
TC3_Handler                                       build/Release/production/_ext/760687460/tc_interrupt.o
TC4_Handler                                       build/Release/production/_ext/760687460/tc_interrupt.o
TC5_Handler                                       build/Release/production/_ext/760687460/tc_interrupt.o
TC6_Handler                                       build/Release/production/_ext/760687460/tc_interrupt.o
TC7_Handler                                       build/Release/production/_ext/760687460/tc_interrupt.o
TCC0_Handler                                      build/Release/production/_ext/1126068005/startup_samd21.o
TCC1_Handler                                      build/Release/production/_ext/1126068005/startup_samd21.o
TCC2_Handler                                      build/Release/production/_ext/1126068005/startup_samd21.o
USB_Handler                                       build/Release/production/_ext/1126068005/startup_samd21.o
WDT_Handler                                       build/Release/production/_ext/1126068005/startup_samd21.o
_Jv_RegisterClasses                               c:/program files (x86)/atmel/studio/7.0/toolchain/arm/arm-gnu-toolchain/bin/../lib/gcc/arm-none-eabi/6.3.1/thumb/v6-m/crtbegin.o
__aeabi_idiv0                                     c:/program files (x86)/atmel/studio/7.0/toolchain/arm/arm-gnu-toolchain/bin/../lib/gcc/arm-none-eabi/6.3.1/thumb/v6-m\libgcc.a(_dvmd_tls.o)
                                                  c:/program files (x86)/atmel/studio/7.0/toolchain/arm/arm-gnu-toolchain/bin/../lib/gcc/arm-none-eabi/6.3.1/thumb/v6-m\libgcc.a(_udivsi3.o)
__aeabi_ldiv0                                     c:/program files (x86)/atmel/studio/7.0/toolchain/arm/arm-gnu-toolchain/bin/../lib/gcc/arm-none-eabi/6.3.1/thumb/v6-m\libgcc.a(_dvmd_tls.o)
__aeabi_llsl                                      c:/program files (x86)/atmel/studio/7.0/toolchain/arm/arm-gnu-toolchain/bin/../lib/gcc/arm-none-eabi/6.3.1/thumb/v6-m\libgcc.a(_ashldi3.o)
                                                  build/Release/production/_ext/246296370/sercom.o
__aeabi_lmul                                      c:/program files (x86)/atmel/studio/7.0/toolchain/arm/arm-gnu-toolchain/bin/../lib/gcc/arm-none-eabi/6.3.1/thumb/v6-m\libgcc.a(_muldi3.o)
                                                  build/Release/production/_ext/246296370/sercom.o
__aeabi_uidiv                                     c:/program files (x86)/atmel/studio/7.0/toolchain/arm/arm-gnu-toolchain/bin/../lib/gcc/arm-none-eabi/6.3.1/thumb/v6-m\libgcc.a(_udivsi3.o)
                                                  c:/program files (x86)/atmel/studio/7.0/toolchain/arm/arm-gnu-toolchain/bin/../lib/gcc/arm-none-eabi/6.3.1/../../../../arm-none-eabi/lib/thumb/v6-m\libc_nano.a(lib_a-utoa.o)
                                                  build/Release/production/_ext/1900123450/gclk.o
                                                  build/Release/production/_ext/1900123450/clock.o
__aeabi_uidivmod                                  c:/program files (x86)/atmel/studio/7.0/toolchain/arm/arm-gnu-toolchain/bin/../lib/gcc/arm-none-eabi/6.3.1/thumb/v6-m\libgcc.a(_udivsi3.o)
                                                  c:/program files (x86)/atmel/studio/7.0/toolchain/arm/arm-gnu-toolchain/bin/../lib/gcc/arm-none-eabi/6.3.1/../../../../arm-none-eabi/lib/thumb/v6-m\libc_nano.a(lib_a-utoa.o)
__ashldi3                                         c:/program files (x86)/atmel/studio/7.0/toolchain/arm/arm-gnu-toolchain/bin/../lib/gcc/arm-none-eabi/6.3.1/thumb/v6-m\libgcc.a(_ashldi3.o)
__bss_end__                                       c:/program files (x86)/atmel/studio/7.0/toolchain/arm/arm-gnu-toolchain/bin/../lib/gcc/arm-none-eabi/6.3.1/../../../../arm-none-eabi/lib/thumb/v6-m/crt0.o
__bss_start__                                     c:/program files (x86)/atmel/studio/7.0/toolchain/arm/arm-gnu-toolchain/bin/../lib/gcc/arm-none-eabi/6.3.1/../../../../arm-none-eabi/lib/thumb/v6-m/crt0.o
__call_exitprocs                                  c:/program files (x86)/atmel/studio/7.0/toolchain/arm/arm-gnu-toolchain/bin/../lib/gcc/arm-none-eabi/6.3.1/../../../../arm-none-eabi/lib/thumb/v6-m\libc_nano.a(lib_a-exit.o)
__deregister_frame_info                           c:/program files (x86)/atmel/studio/7.0/toolchain/arm/arm-gnu-toolchain/bin/../lib/gcc/arm-none-eabi/6.3.1/thumb/v6-m/crtbegin.o
__dso_handle                                      c:/program files (x86)/atmel/studio/7.0/toolchain/arm/arm-gnu-toolchain/bin/../lib/gcc/arm-none-eabi/6.3.1/thumb/v6-m/crtbegin.o
__gnu_thumb1_case_uqi                             c:/program files (x86)/atmel/studio/7.0/toolchain/arm/arm-gnu-toolchain/bin/../lib/gcc/arm-none-eabi/6.3.1/thumb/v6-m\libgcc.a(_thumb1_case_uqi.o)
                                                  build/Release/production/_ext/1900123450/clock.o
                                                  build/Release/production/_ext/246296370/sercom.o
__init_array_end                                  c:/program files (x86)/atmel/studio/7.0/toolchain/arm/arm-gnu-toolchain/bin/../lib/gcc/arm-none-eabi/6.3.1/../../../../arm-none-eabi/lib/thumb/v6-m\libc_nano.a(lib_a-init.o)
__init_array_start                                c:/program files (x86)/atmel/studio/7.0/toolchain/arm/arm-gnu-toolchain/bin/../lib/gcc/arm-none-eabi/6.3.1/../../../../arm-none-eabi/lib/thumb/v6-m\libc_nano.a(lib_a-init.o)
__itoa                                            c:/program files (x86)/atmel/studio/7.0/toolchain/arm/arm-gnu-toolchain/bin/../lib/gcc/arm-none-eabi/6.3.1/../../../../arm-none-eabi/lib/thumb/v6-m\libc_nano.a(lib_a-itoa.o)
__libc_fini_array                                 c:/program files (x86)/atmel/studio/7.0/toolchain/arm/arm-gnu-toolchain/bin/../lib/gcc/arm-none-eabi/6.3.1/../../../../arm-none-eabi/lib/thumb/v6-m/crt0.o
__libc_init_array                                 c:/program files (x86)/atmel/studio/7.0/toolchain/arm/arm-gnu-toolchain/bin/../lib/gcc/arm-none-eabi/6.3.1/../../../../arm-none-eabi/lib/thumb/v6-m\libc_nano.a(lib_a-init.o)
                                                  build/Release/production/_ext/1126068005/startup_samd21.o
                                                  c:/program files (x86)/atmel/studio/7.0/toolchain/arm/arm-gnu-toolchain/bin/../lib/gcc/arm-none-eabi/6.3.1/../../../../arm-none-eabi/lib/thumb/v6-m/crt0.o
__muldi3                                          c:/program files (x86)/atmel/studio/7.0/toolchain/arm/arm-gnu-toolchain/bin/../lib/gcc/arm-none-eabi/6.3.1/thumb/v6-m\libgcc.a(_muldi3.o)
__preinit_array_end                               c:/program files (x86)/atmel/studio/7.0/toolchain/arm/arm-gnu-toolchain/bin/../lib/gcc/arm-none-eabi/6.3.1/../../../../arm-none-eabi/lib/thumb/v6-m\libc_nano.a(lib_a-init.o)
__preinit_array_start                             c:/program files (x86)/atmel/studio/7.0/toolchain/arm/arm-gnu-toolchain/bin/../lib/gcc/arm-none-eabi/6.3.1/../../../../arm-none-eabi/lib/thumb/v6-m\libc_nano.a(lib_a-init.o)
__register_frame_info                             c:/program files (x86)/atmel/studio/7.0/toolchain/arm/arm-gnu-toolchain/bin/../lib/gcc/arm-none-eabi/6.3.1/thumb/v6-m/crtbegin.o
__sf_fake_stderr                                  c:/program files (x86)/atmel/studio/7.0/toolchain/arm/arm-gnu-toolchain/bin/../lib/gcc/arm-none-eabi/6.3.1/../../../../arm-none-eabi/lib/thumb/v6-m\libc_nano.a(lib_a-impure.o)
__sf_fake_stdin                                   c:/program files (x86)/atmel/studio/7.0/toolchain/arm/arm-gnu-toolchain/bin/../lib/gcc/arm-none-eabi/6.3.1/../../../../arm-none-eabi/lib/thumb/v6-m\libc_nano.a(lib_a-impure.o)
__sf_fake_stdout                                  c:/program files (x86)/atmel/studio/7.0/toolchain/arm/arm-gnu-toolchain/bin/../lib/gcc/arm-none-eabi/6.3.1/../../../../arm-none-eabi/lib/thumb/v6-m\libc_nano.a(lib_a-impure.o)
__stack                                           c:/program files (x86)/atmel/studio/7.0/toolchain/arm/arm-gnu-toolchain/bin/../lib/gcc/arm-none-eabi/6.3.1/../../../../arm-none-eabi/lib/thumb/v6-m/crt0.o
__udivsi3                                         c:/program files (x86)/atmel/studio/7.0/toolchain/arm/arm-gnu-toolchain/bin/../lib/gcc/arm-none-eabi/6.3.1/thumb/v6-m\libgcc.a(_udivsi3.o)
__utoa                                            c:/program files (x86)/atmel/studio/7.0/toolchain/arm/arm-gnu-toolchain/bin/../lib/gcc/arm-none-eabi/6.3.1/../../../../arm-none-eabi/lib/thumb/v6-m\libc_nano.a(lib_a-utoa.o)
                                                  c:/program files (x86)/atmel/studio/7.0/toolchain/arm/arm-gnu-toolchain/bin/../lib/gcc/arm-none-eabi/6.3.1/../../../../arm-none-eabi/lib/thumb/v6-m\libc_nano.a(lib_a-itoa.o)
_close                                            build/Release/production/_ext/1284275751/syscalls.o
_current_channel                                  build/Release/production/_ext/629492261/extint_callback.o
_end                                              build/Release/production/_ext/1284275751/syscalls.o
_erelocate                                        build/Release/production/_ext/1126068005/startup_samd21.o
_estack                                           build/Release/production/_ext/1126068005/startup_samd21.o
_etext                                            build/Release/production/_ext/1126068005/startup_samd21.o
_exit                                             build/Release/production/_ext/1284275751/syscalls.o
                                                  c:/program files (x86)/atmel/studio/7.0/toolchain/arm/arm-gnu-toolchain/bin/../lib/gcc/arm-none-eabi/6.3.1/../../../../arm-none-eabi/lib/thumb/v6-m\libc_nano.a(lib_a-exit.o)
_extint_dev                                       build/Release/production/_ext/559814147/extint.o
                                                  build/Release/production/_ext/629492261/extint_callback.o
_ezero                                            build/Release/production/_ext/1126068005/startup_samd21.o
_fini                                             c:/program files (x86)/atmel/studio/7.0/toolchain/arm/arm-gnu-toolchain/bin/../lib/gcc/arm-none-eabi/6.3.1/thumb/v6-m/crti.o
_fstat                                            build/Release/production/_ext/1284275751/syscalls.o
_getpid                                           build/Release/production/_ext/1284275751/syscalls.o
_global_impure_ptr                                c:/program files (x86)/atmel/studio/7.0/toolchain/arm/arm-gnu-toolchain/bin/../lib/gcc/arm-none-eabi/6.3.1/../../../../arm-none-eabi/lib/thumb/v6-m\libc_nano.a(lib_a-impure.o)
                                                  c:/program files (x86)/atmel/studio/7.0/toolchain/arm/arm-gnu-toolchain/bin/../lib/gcc/arm-none-eabi/6.3.1/../../../../arm-none-eabi/lib/thumb/v6-m\libc_nano.a(lib_a-exit.o)
_impure_ptr                                       c:/program files (x86)/atmel/studio/7.0/toolchain/arm/arm-gnu-toolchain/bin/../lib/gcc/arm-none-eabi/6.3.1/../../../../arm-none-eabi/lib/thumb/v6-m\libc_nano.a(lib_a-impure.o)
_init                                             c:/program files (x86)/atmel/studio/7.0/toolchain/arm/arm-gnu-toolchain/bin/../lib/gcc/arm-none-eabi/6.3.1/thumb/v6-m/crti.o
                                                  c:/program files (x86)/atmel/studio/7.0/toolchain/arm/arm-gnu-toolchain/bin/../lib/gcc/arm-none-eabi/6.3.1/../../../../arm-none-eabi/lib/thumb/v6-m\libc_nano.a(lib_a-init.o)
_isatty                                           build/Release/production/_ext/1284275751/syscalls.o
_kill                                             build/Release/production/_ext/1284275751/syscalls.o
_lseek                                            build/Release/production/_ext/1284275751/syscalls.o
_mainCRTStartup                                   c:/program files (x86)/atmel/studio/7.0/toolchain/arm/arm-gnu-toolchain/bin/../lib/gcc/arm-none-eabi/6.3.1/../../../../arm-none-eabi/lib/thumb/v6-m/crt0.o
_read                                             build/Release/production/_ext/1312133662/read.o
_sbrk                                             build/Release/production/_ext/1284275751/syscalls.o
_sercom_get_async_baud_val                        build/Release/production/_ext/246296370/sercom.o
                                                  build/Release/production/_ext/388775292/usart.o
_sercom_get_default_pad                           build/Release/production/_ext/246296370/sercom.o
                                                  build/Release/production/_ext/388775292/usart.o
_sercom_get_sercom_inst_index                     build/Release/production/_ext/246296370/sercom.o
                                                  build/Release/production/_ext/388775292/usart.o
_sercom_get_sync_baud_val                         build/Release/production/_ext/246296370/sercom.o
                                                  build/Release/production/_ext/388775292/usart.o
_sfixed                                           build/Release/production/_ext/1126068005/startup_samd21.o
_srelocate                                        build/Release/production/_ext/1126068005/startup_samd21.o
_start                                            c:/program files (x86)/atmel/studio/7.0/toolchain/arm/arm-gnu-toolchain/bin/../lib/gcc/arm-none-eabi/6.3.1/../../../../arm-none-eabi/lib/thumb/v6-m/crt0.o
_system_divas_init                                build/Release/production/_ext/227780132/system.o
_system_dummy_init                                build/Release/production/_ext/227780132/system.o
_system_events_init                               build/Release/production/_ext/227780132/system.o
_system_extint_init                               build/Release/production/_ext/559814147/extint.o
_szero                                            build/Release/production/_ext/1126068005/startup_samd21.o
_tc_get_inst_index                                build/Release/production/_ext/1281927709/tc.o
_tc_instances                                     build/Release/production/_ext/760687460/tc_interrupt.o
                                                  build/Release/production/_ext/1281927709/tc.o
_tc_interrupt_handler                             build/Release/production/_ext/760687460/tc_interrupt.o
_write                                            build/Release/production/_ext/1312133662/write.o
atexit                                            c:/program files (x86)/atmel/studio/7.0/toolchain/arm/arm-gnu-toolchain/bin/../lib/gcc/arm-none-eabi/6.3.1/../../../../arm-none-eabi/lib/thumb/v6-m/crt0.o
board_init                                        build/Release/production/_ext/1502292737/board_init.o
buff                                              build/Release/production/_ext/1360937237/main.o
configure_extint_callbacks                        build/Release/production/_ext/1360937237/main.o
configure_extint_channel                          build/Release/production/_ext/1360937237/main.o
configure_usart                                   build/Release/production/_ext/1360937237/main.o
cpu_irq_enter_critical                            build/Release/production/_ext/1939168694/interrupt_sam_nvic.o
                                                  build/Release/production/_ext/1900123450/gclk.o
cpu_irq_leave_critical                            build/Release/production/_ext/1939168694/interrupt_sam_nvic.o
                                                  build/Release/production/_ext/1900123450/gclk.o
exception_table                                   build/Release/production/_ext/1126068005/startup_samd21.o
exit                                              c:/program files (x86)/atmel/studio/7.0/toolchain/arm/arm-gnu-toolchain/bin/../lib/gcc/arm-none-eabi/6.3.1/../../../../arm-none-eabi/lib/thumb/v6-m\libc_nano.a(lib_a-exit.o)
                                                  c:/program files (x86)/atmel/studio/7.0/toolchain/arm/arm-gnu-toolchain/bin/../lib/gcc/arm-none-eabi/6.3.1/../../../../arm-none-eabi/lib/thumb/v6-m/crt0.o
extint_chan_disable_callback                      build/Release/production/_ext/629492261/extint_callback.o
extint_chan_enable_callback                       build/Release/production/_ext/629492261/extint_callback.o
                                                  build/Release/production/_ext/1360937237/main.o
extint_chan_get_config_defaults                   build/Release/production/_ext/559814147/extint.o
                                                  build/Release/production/_ext/1360937237/main.o
extint_chan_set_config                            build/Release/production/_ext/559814147/extint.o
                                                  build/Release/production/_ext/1360937237/main.o
extint_detection_callback                         build/Release/production/_ext/1360937237/main.o
extint_disable_events                             build/Release/production/_ext/559814147/extint.o
extint_enable_events                              build/Release/production/_ext/559814147/extint.o
extint_get_current_channel                        build/Release/production/_ext/629492261/extint_callback.o
extint_nmi_set_config                             build/Release/production/_ext/559814147/extint.o
extint_register_callback                          build/Release/production/_ext/629492261/extint_callback.o
                                                  build/Release/production/_ext/1360937237/main.o
extint_unregister_callback                        build/Release/production/_ext/629492261/extint_callback.o
flowRate                                          build/Release/production/_ext/1360937237/main.o
g_interrupt_enabled                               build/Release/production/_ext/1939168694/interrupt_sam_nvic.o
                                                  build/Release/production/_ext/1360937237/main.o
hardware_init_hook                                c:/program files (x86)/atmel/studio/7.0/toolchain/arm/arm-gnu-toolchain/bin/../lib/gcc/arm-none-eabi/6.3.1/../../../../arm-none-eabi/lib/thumb/v6-m/crt0.o
itoa                                              c:/program files (x86)/atmel/studio/7.0/toolchain/arm/arm-gnu-toolchain/bin/../lib/gcc/arm-none-eabi/6.3.1/../../../../arm-none-eabi/lib/thumb/v6-m\libc_nano.a(lib_a-itoa.o)
                                                  build/Release/production/_ext/1360937237/main.o
link                                              build/Release/production/_ext/1284275751/syscalls.o
main                                              build/Release/production/_ext/1360937237/main.o
                                                  build/Release/production/_ext/1126068005/startup_samd21.o
                                                  c:/program files (x86)/atmel/studio/7.0/toolchain/arm/arm-gnu-toolchain/bin/../lib/gcc/arm-none-eabi/6.3.1/../../../../arm-none-eabi/lib/thumb/v6-m/crt0.o
memcpy                                            c:/program files (x86)/atmel/studio/7.0/toolchain/arm/arm-gnu-toolchain/bin/../lib/gcc/arm-none-eabi/6.3.1/../../../../arm-none-eabi/lib/thumb/v6-m\libc_nano.a(lib_a-memcpy-stub.o)
                                                  c:/program files (x86)/atmel/studio/7.0/toolchain/arm/arm-gnu-toolchain/bin/../lib/gcc/arm-none-eabi/6.3.1/../../../../arm-none-eabi/lib/thumb/v6-m\libc_nano.a(lib_a-utoa.o)
                                                  build/Release/production/_ext/1360937237/main.o
                                                  build/Release/production/_ext/1281927709/tc.o
memset                                            c:/program files (x86)/atmel/studio/7.0/toolchain/arm/arm-gnu-toolchain/bin/../lib/gcc/arm-none-eabi/6.3.1/../../../../arm-none-eabi/lib/thumb/v6-m\libc_nano.a(lib_a-memset.o)
                                                  c:/program files (x86)/atmel/studio/7.0/toolchain/arm/arm-gnu-toolchain/bin/../lib/gcc/arm-none-eabi/6.3.1/../../../../arm-none-eabi/lib/thumb/v6-m/crt0.o
port_group_set_config                             build/Release/production/_ext/876312722/port.o
port_pin_set_config                               build/Release/production/_ext/876312722/port.o
                                                  build/Release/production/_ext/1502292737/board_init.o
ptr_get                                           build/Release/production/_ext/1312133662/read.o
ptr_put                                           build/Release/production/_ext/1312133662/write.o
pulse                                             build/Release/production/_ext/1360937237/main.o
sercom_set_gclk_generator                         build/Release/production/_ext/246296370/sercom.o
                                                  build/Release/production/_ext/388775292/usart.o
software_init_hook                                c:/program files (x86)/atmel/studio/7.0/toolchain/arm/arm-gnu-toolchain/bin/../lib/gcc/arm-none-eabi/6.3.1/../../../../arm-none-eabi/lib/thumb/v6-m/crt0.o
stdio_base                                        build/Release/production/_ext/1312133662/write.o
                                                  build/Release/production/_ext/1312133662/read.o
system_board_init                                 build/Release/production/_ext/1502292737/board_init.o
system_clock_init                                 build/Release/production/_ext/1900123450/clock.o
system_clock_source_dfll_set_config               build/Release/production/_ext/1900123450/clock.o
system_clock_source_disable                       build/Release/production/_ext/1900123450/clock.o
system_clock_source_dpll_set_config               build/Release/production/_ext/1900123450/clock.o
system_clock_source_enable                        build/Release/production/_ext/1900123450/clock.o
system_clock_source_get_hz                        build/Release/production/_ext/1900123450/clock.o
                                                  build/Release/production/_ext/1900123450/gclk.o
system_clock_source_is_ready                      build/Release/production/_ext/1900123450/clock.o
system_clock_source_osc32k_set_config             build/Release/production/_ext/1900123450/clock.o
system_clock_source_osc8m_set_config              build/Release/production/_ext/1900123450/clock.o
system_clock_source_write_calibration             build/Release/production/_ext/1900123450/clock.o
system_clock_source_xosc32k_set_config            build/Release/production/_ext/1900123450/clock.o
system_clock_source_xosc_set_config               build/Release/production/_ext/1900123450/clock.o
system_gclk_chan_disable                          build/Release/production/_ext/1900123450/gclk.o
                                                  build/Release/production/_ext/559814147/extint.o
system_gclk_chan_enable                           build/Release/production/_ext/1900123450/gclk.o
                                                  build/Release/production/_ext/388775292/usart.o
                                                  build/Release/production/_ext/1281927709/tc.o
                                                  build/Release/production/_ext/246296370/sercom.o
                                                  build/Release/production/_ext/559814147/extint.o
system_gclk_chan_get_hz                           build/Release/production/_ext/1900123450/gclk.o
                                                  build/Release/production/_ext/1900123450/clock.o
                                                  build/Release/production/_ext/388775292/usart.o
system_gclk_chan_is_enabled                       build/Release/production/_ext/1900123450/gclk.o
system_gclk_chan_is_locked                        build/Release/production/_ext/1900123450/gclk.o
system_gclk_chan_lock                             build/Release/production/_ext/1900123450/gclk.o
system_gclk_chan_set_config                       build/Release/production/_ext/1900123450/gclk.o
                                                  build/Release/production/_ext/1900123450/clock.o
                                                  build/Release/production/_ext/388775292/usart.o
                                                  build/Release/production/_ext/1281927709/tc.o
                                                  build/Release/production/_ext/246296370/sercom.o
                                                  build/Release/production/_ext/559814147/extint.o
system_gclk_gen_disable                           build/Release/production/_ext/1900123450/gclk.o
system_gclk_gen_enable                            build/Release/production/_ext/1900123450/gclk.o
                                                  build/Release/production/_ext/1900123450/clock.o
system_gclk_gen_get_hz                            build/Release/production/_ext/1900123450/gclk.o
system_gclk_gen_is_enabled                        build/Release/production/_ext/1900123450/gclk.o
system_gclk_gen_set_config                        build/Release/production/_ext/1900123450/gclk.o
                                                  build/Release/production/_ext/1900123450/clock.o
system_gclk_init                                  build/Release/production/_ext/1900123450/gclk.o
                                                  build/Release/production/_ext/1900123450/clock.o
system_init                                       build/Release/production/_ext/227780132/system.o
                                                  build/Release/production/_ext/1360937237/main.o
system_interrupt_clear_pending                    build/Release/production/_ext/1234282992/system_interrupt.o
system_interrupt_get_priority                     build/Release/production/_ext/1234282992/system_interrupt.o
system_interrupt_is_pending                       build/Release/production/_ext/1234282992/system_interrupt.o
system_interrupt_set_pending                      build/Release/production/_ext/1234282992/system_interrupt.o
system_interrupt_set_priority                     build/Release/production/_ext/1234282992/system_interrupt.o
system_pinmux_group_set_config                    build/Release/production/_ext/980481618/pinmux.o
                                                  build/Release/production/_ext/876312722/port.o
system_pinmux_group_set_input_sample_mode         build/Release/production/_ext/980481618/pinmux.o
system_pinmux_group_set_output_strength           build/Release/production/_ext/980481618/pinmux.o
system_pinmux_pin_set_config                      build/Release/production/_ext/980481618/pinmux.o
                                                  build/Release/production/_ext/876312722/port.o
                                                  build/Release/production/_ext/388775292/usart.o
                                                  build/Release/production/_ext/1281927709/tc.o
                                                  build/Release/production/_ext/559814147/extint.o
tc_get_capture_value                              build/Release/production/_ext/1281927709/tc.o
tc_get_count_value                                build/Release/production/_ext/1281927709/tc.o
tc_init                                           build/Release/production/_ext/1281927709/tc.o
tc_register_callback                              build/Release/production/_ext/760687460/tc_interrupt.o
tc_reset                                          build/Release/production/_ext/1281927709/tc.o
tc_set_compare_value                              build/Release/production/_ext/1281927709/tc.o
tc_set_count_value                                build/Release/production/_ext/1281927709/tc.o
tc_set_top_value                                  build/Release/production/_ext/1281927709/tc.o
tc_unregister_callback                            build/Release/production/_ext/760687460/tc_interrupt.o
usart_init                                        build/Release/production/_ext/388775292/usart.o
                                                  build/Release/production/_ext/1360937237/main.o
usart_instance                                    build/Release/production/_ext/1360937237/main.o
usart_read_buffer_wait                            build/Release/production/_ext/388775292/usart.o
usart_read_wait                                   build/Release/production/_ext/388775292/usart.o
                                                  build/Release/production/_ext/1360937237/main.o
usart_write_buffer_wait                           build/Release/production/_ext/388775292/usart.o
                                                  build/Release/production/_ext/1360937237/main.o
usart_write_wait                                  build/Release/production/_ext/388775292/usart.o
                                                  build/Release/production/_ext/1360937237/main.o
utoa                                              c:/program files (x86)/atmel/studio/7.0/toolchain/arm/arm-gnu-toolchain/bin/../lib/gcc/arm-none-eabi/6.3.1/../../../../arm-none-eabi/lib/thumb/v6-m\libc_nano.a(lib_a-utoa.o)
