Archive member included to satisfy reference by file (symbol)

c:/program files (x86)/atmel/studio/7.0/toolchain/arm/arm-gnu-toolchain/bin/../lib/gcc/arm-none-eabi/6.3.1/thumb/v6-m\libgcc.a(_udivsi3.o)
                              src/ASF/sam0/drivers/system/clock/clock_samd21_r21_da_ha1/clock.o (__aeabi_uidiv)
c:/program files (x86)/atmel/studio/7.0/toolchain/arm/arm-gnu-toolchain/bin/../lib/gcc/arm-none-eabi/6.3.1/thumb/v6-m\libgcc.a(_dvmd_tls.o)
                              c:/program files (x86)/atmel/studio/7.0/toolchain/arm/arm-gnu-toolchain/bin/../lib/gcc/arm-none-eabi/6.3.1/thumb/v6-m\libgcc.a(_udivsi3.o) (__aeabi_idiv0)
c:/program files (x86)/atmel/studio/7.0/toolchain/arm/arm-gnu-toolchain/bin/../lib/gcc/arm-none-eabi/6.3.1/thumb/v6-m\libgcc.a(_muldi3.o)
                              src/ASF/sam0/drivers/sercom/sercom.o (__aeabi_lmul)
c:/program files (x86)/atmel/studio/7.0/toolchain/arm/arm-gnu-toolchain/bin/../lib/gcc/arm-none-eabi/6.3.1/../../../../arm-none-eabi/lib/thumb/v6-m\libc_nano.a(lib_a-exit.o)
                              c:/program files (x86)/atmel/studio/7.0/toolchain/arm/arm-gnu-toolchain/bin/../lib/gcc/arm-none-eabi/6.3.1/../../../../arm-none-eabi/lib/thumb/v6-m/crt0.o (exit)
c:/program files (x86)/atmel/studio/7.0/toolchain/arm/arm-gnu-toolchain/bin/../lib/gcc/arm-none-eabi/6.3.1/../../../../arm-none-eabi/lib/thumb/v6-m\libc_nano.a(lib_a-impure.o)
                              c:/program files (x86)/atmel/studio/7.0/toolchain/arm/arm-gnu-toolchain/bin/../lib/gcc/arm-none-eabi/6.3.1/../../../../arm-none-eabi/lib/thumb/v6-m\libc_nano.a(lib_a-exit.o) (_global_impure_ptr)
c:/program files (x86)/atmel/studio/7.0/toolchain/arm/arm-gnu-toolchain/bin/../lib/gcc/arm-none-eabi/6.3.1/../../../../arm-none-eabi/lib/thumb/v6-m\libc_nano.a(lib_a-init.o)
                              c:/program files (x86)/atmel/studio/7.0/toolchain/arm/arm-gnu-toolchain/bin/../lib/gcc/arm-none-eabi/6.3.1/../../../../arm-none-eabi/lib/thumb/v6-m/crt0.o (__libc_init_array)
c:/program files (x86)/atmel/studio/7.0/toolchain/arm/arm-gnu-toolchain/bin/../lib/gcc/arm-none-eabi/6.3.1/../../../../arm-none-eabi/lib/thumb/v6-m\libc_nano.a(lib_a-itoa.o)
                              src/main.o (itoa)
c:/program files (x86)/atmel/studio/7.0/toolchain/arm/arm-gnu-toolchain/bin/../lib/gcc/arm-none-eabi/6.3.1/../../../../arm-none-eabi/lib/thumb/v6-m\libc_nano.a(lib_a-memset.o)
                              c:/program files (x86)/atmel/studio/7.0/toolchain/arm/arm-gnu-toolchain/bin/../lib/gcc/arm-none-eabi/6.3.1/../../../../arm-none-eabi/lib/thumb/v6-m/crt0.o (memset)
c:/program files (x86)/atmel/studio/7.0/toolchain/arm/arm-gnu-toolchain/bin/../lib/gcc/arm-none-eabi/6.3.1/../../../../arm-none-eabi/lib/thumb/v6-m\libc_nano.a(lib_a-utoa.o)
                              c:/program files (x86)/atmel/studio/7.0/toolchain/arm/arm-gnu-toolchain/bin/../lib/gcc/arm-none-eabi/6.3.1/../../../../arm-none-eabi/lib/thumb/v6-m\libc_nano.a(lib_a-itoa.o) (__utoa)
c:/program files (x86)/atmel/studio/7.0/toolchain/arm/arm-gnu-toolchain/bin/../lib/gcc/arm-none-eabi/6.3.1/../../../../arm-none-eabi/lib/thumb/v6-m\libc_nano.a(lib_a-memcpy-stub.o)
                              c:/program files (x86)/atmel/studio/7.0/toolchain/arm/arm-gnu-toolchain/bin/../lib/gcc/arm-none-eabi/6.3.1/../../../../arm-none-eabi/lib/thumb/v6-m\libc_nano.a(lib_a-utoa.o) (memcpy)

Allocating common symbols
Common symbol       size              file

usart_instance      0xc               src/main.o
buff                0x50              src/main.o
ptr_get             0x4               src/ASF/sam0/utils/stdio/read.o
ptr_put             0x4               src/ASF/sam0/utils/stdio/write.o
_tc_instances       0x14              src/ASF/sam0/drivers/tc/tc_interrupt.o
_extint_dev         0x40              src/ASF/sam0/drivers/extint/extint_sam_d_r_h/extint.o
_current_channel    0x1               src/ASF/sam0/drivers/extint/extint_callback.o
stdio_base          0x4               src/ASF/sam0/utils/stdio/write.o

Discarded input sections

 .text          0x00000000        0x0 c:/program files (x86)/atmel/studio/7.0/toolchain/arm/arm-gnu-toolchain/bin/../lib/gcc/arm-none-eabi/6.3.1/thumb/v6-m/crti.o
 .data          0x00000000        0x0 c:/program files (x86)/atmel/studio/7.0/toolchain/arm/arm-gnu-toolchain/bin/../lib/gcc/arm-none-eabi/6.3.1/thumb/v6-m/crti.o
 .bss           0x00000000        0x0 c:/program files (x86)/atmel/studio/7.0/toolchain/arm/arm-gnu-toolchain/bin/../lib/gcc/arm-none-eabi/6.3.1/thumb/v6-m/crti.o
 .data          0x00000000        0x4 c:/program files (x86)/atmel/studio/7.0/toolchain/arm/arm-gnu-toolchain/bin/../lib/gcc/arm-none-eabi/6.3.1/thumb/v6-m/crtbegin.o
 .text          0x00000000       0x78 c:/program files (x86)/atmel/studio/7.0/toolchain/arm/arm-gnu-toolchain/bin/../lib/gcc/arm-none-eabi/6.3.1/../../../../arm-none-eabi/lib/thumb/v6-m/crt0.o
[...]
Memory Configuration

Name             Origin             Length             Attributes
rom              0x00000000         0x00040000         xr
ram              0x20000000         0x00008000         xrw
*default*        0x00000000         0xffffffff

Linker script and memory map

LOAD c:/program files (x86)/atmel/studio/7.0/toolchain/arm/arm-gnu-toolchain/bin/../lib/gcc/arm-none-eabi/6.3.1/thumb/v6-m/crti.o
LOAD c:/program files (x86)/atmel/studio/7.0/toolchain/arm/arm-gnu-toolchain/bin/../lib/gcc/arm-none-eabi/6.3.1/thumb/v6-m/crtbegin.o
LOAD c:/program files (x86)/atmel/studio/7.0/toolchain/arm/arm-gnu-toolchain/bin/../lib/gcc/arm-none-eabi/6.3.1/../../../../arm-none-eabi/lib/thumb/v6-m/crt0.o
LOAD src/ASF/sam0/drivers/extint/extint_callback.o
LOAD src/ASF/sam0/drivers/extint/extint_sam_d_r_h/extint.o
LOAD src/ASF/sam0/drivers/sercom/sercom.o
LOAD src/ASF/sam0/drivers/tc/tc_sam_d_r_h/tc.o
LOAD src/ASF/sam0/drivers/tc/tc_interrupt.o
LOAD src/ASF/sam0/drivers/sercom/usart/usart.o
LOAD src/ASF/common/utils/interrupt/interrupt_sam_nvic.o
LOAD src/ASF/sam0/boards/samd21_xplained_pro/board_init.o
LOAD src/ASF/sam0/drivers/port/port.o
LOAD src/ASF/sam0/drivers/system/clock/clock_samd21_r21_da_ha1/clock.o
LOAD src/ASF/sam0/drivers/system/clock/clock_samd21_r21_da_ha1/gclk.o
LOAD src/ASF/sam0/drivers/system/interrupt/system_interrupt.o
LOAD src/ASF/sam0/drivers/system/pinmux/pinmux.o
LOAD src/ASF/sam0/drivers/system/system.o
LOAD src/ASF/sam0/utils/cmsis/samd21/source/gcc/startup_samd21.o
LOAD src/ASF/sam0/utils/cmsis/samd21/source/system_samd21.o
LOAD src/ASF/sam0/utils/stdio/read.o
LOAD src/ASF/sam0/utils/stdio/write.o
LOAD src/ASF/sam0/utils/syscalls/gcc/syscalls.o
LOAD src/main.o
START GROUP
LOAD ../src/ASF/thirdparty/CMSIS/Lib/GCC\libarm_cortexM0l_math.a
LOAD c:/program files (x86)/atmel/studio/7.0/toolchain/arm/arm-gnu-toolchain/bin/../lib/gcc/arm-none-eabi/6.3.1/../../../../arm-none-eabi/lib/thumb/v6-m\libm.a
END GROUP
START GROUP
LOAD c:/program files (x86)/atmel/studio/7.0/toolchain/arm/arm-gnu-toolchain/bin/../lib/gcc/arm-none-eabi/6.3.1/thumb/v6-m\libgcc.a
LOAD c:/program files (x86)/atmel/studio/7.0/toolchain/arm/arm-gnu-toolchain/bin/../lib/gcc/arm-none-eabi/6.3.1/../../../../arm-none-eabi/lib/thumb/v6-m\libc_nano.a
END GROUP
START GROUP
LOAD c:/program files (x86)/atmel/studio/7.0/toolchain/arm/arm-gnu-toolchain/bin/../lib/gcc/arm-none-eabi/6.3.1/thumb/v6-m\libgcc.a
LOAD c:/program files (x86)/atmel/studio/7.0/toolchain/arm/arm-gnu-toolchain/bin/../lib/gcc/arm-none-eabi/6.3.1/../../../../arm-none-eabi/lib/thumb/v6-m\libc_nano.a
END GROUP
LOAD c:/program files (x86)/atmel/studio/7.0/toolchain/arm/arm-gnu-toolchain/bin/../lib/gcc/arm-none-eabi/6.3.1/thumb/v6-m/crtend.o
LOAD c:/program files (x86)/atmel/studio/7.0/toolchain/arm/arm-gnu-toolchain/bin/../lib/gcc/arm-none-eabi/6.3.1/thumb/v6-m/crtn.o
                0x00002000                STACK_SIZE = DEFINED (STACK_SIZE)?STACK_SIZE:DEFINED (__stack_size__)?__stack_size__:0x2000

.text           0x00000000     0x17c4
                0x00000000                . = ALIGN (0x4)
                0x00000000                _sfixed = .
 *(.vectors .vectors.*)
 .vectors       0x00000000       0xb4 src/ASF/sam0/utils/cmsis/samd21/source/gcc/startup_samd21.o
                0x00000000                exception_table
 *(.text .text.* .gnu.linkonce.t.*)
 .text          0x000000b4       0x60 c:/program files (x86)/atmel/studio/7.0/toolchain/arm/arm-gnu-toolchain/bin/../lib/gcc/arm-none-eabi/6.3.1/thumb/v6-m/crtbegin.o
 .text.extint_register_callback
                0x00000114       0x2c src/ASF/sam0/drivers/extint/extint_callback.o
                0x00000114                extint_register_callback
 .text.extint_chan_enable_callback
                0x00000140       0x20 src/ASF/sam0/drivers/extint/extint_callback.o
                0x00000140                extint_chan_enable_callback
 .text.EIC_Handler
                0x00000160       0x54 src/ASF/sam0/drivers/extint/extint_callback.o
                0x00000160                EIC_Handler
 .text._extint_enable
                0x000001b4       0x18 src/ASF/sam0/drivers/extint/extint_sam_d_r_h/extint.o
 .text._system_extint_init
                0x000001cc       0x6c src/ASF/sam0/drivers/extint/extint_sam_d_r_h/extint.o
                0x000001cc                _system_extint_init
 .text.extint_chan_get_config_defaults
                0x00000238       0x14 src/ASF/sam0/drivers/extint/extint_sam_d_r_h/extint.o
                0x00000238                extint_chan_get_config_defaults
 .text.extint_chan_set_config
                0x0000024c       0x78 src/ASF/sam0/drivers/extint/extint_sam_d_r_h/extint.o
                0x0000024c                extint_chan_set_config
 .text.long_division
                0x000002c4       0xba src/ASF/sam0/drivers/sercom/sercom.o
 .text._sercom_get_sync_baud_val
                0x0000037e       0x28 src/ASF/sam0/drivers/sercom/sercom.o
                0x0000037e                _sercom_get_sync_baud_val
 *fill*         0x000003a6        0x2 
 .text._sercom_get_async_baud_val
                0x000003a8       0x94 src/ASF/sam0/drivers/sercom/sercom.o
                0x000003a8                _sercom_get_async_baud_val
 .text.sercom_set_gclk_generator
                0x0000043c       0x4c src/ASF/sam0/drivers/sercom/sercom.o
                0x0000043c                sercom_set_gclk_generator
 .text._sercom_get_default_pad
                0x00000488      0x178 src/ASF/sam0/drivers/sercom/sercom.o
                0x00000488                _sercom_get_default_pad
 .text._sercom_get_sercom_inst_index
                0x00000600       0x38 src/ASF/sam0/drivers/sercom/sercom.o
                0x00000600                _sercom_get_sercom_inst_index
 .text._tc_interrupt_handler
                0x00000638       0x64 src/ASF/sam0/drivers/tc/tc_interrupt.o
                0x00000638                _tc_interrupt_handler
 .text.TC3_Handler
                0x0000069c       0x10 src/ASF/sam0/drivers/tc/tc_interrupt.o
                0x0000069c                TC3_Handler
 .text.TC4_Handler
                0x000006ac       0x10 src/ASF/sam0/drivers/tc/tc_interrupt.o
                0x000006ac                TC4_Handler
 .text.TC5_Handler
                0x000006bc       0x10 src/ASF/sam0/drivers/tc/tc_interrupt.o
                0x000006bc                TC5_Handler
 .text.TC6_Handler
                0x000006cc       0x10 src/ASF/sam0/drivers/tc/tc_interrupt.o
                0x000006cc                TC6_Handler
 .text.TC7_Handler
                0x000006dc       0x10 src/ASF/sam0/drivers/tc/tc_interrupt.o
                0x000006dc                TC7_Handler
 .text.usart_init
                0x000006ec      0x2f4 src/ASF/sam0/drivers/sercom/usart/usart.o
                0x000006ec                usart_init
 .text.usart_write_wait
                0x000009e0       0x24 src/ASF/sam0/drivers/sercom/usart/usart.o
                0x000009e0                usart_write_wait
 .text.usart_read_wait
                0x00000a04       0x62 src/ASF/sam0/drivers/sercom/usart/usart.o
                0x00000a04                usart_read_wait
 *fill*         0x00000a66        0x2 
 .text.usart_write_buffer_wait
                0x00000a68       0xbc src/ASF/sam0/drivers/sercom/usart/usart.o
                0x00000a68                usart_write_buffer_wait
 .text.cpu_irq_enter_critical
                0x00000b24       0x40 src/ASF/common/utils/interrupt/interrupt_sam_nvic.o
                0x00000b24                cpu_irq_enter_critical
 .text.cpu_irq_leave_critical
                0x00000b64       0x30 src/ASF/common/utils/interrupt/interrupt_sam_nvic.o
                0x00000b64                cpu_irq_leave_critical
 .text.system_board_init
                0x00000b94       0x38 src/ASF/sam0/boards/samd21_xplained_pro/board_init.o
                0x00000b94                board_init
                0x00000b94                system_board_init
 .text.port_pin_set_config
                0x00000bcc       0x24 src/ASF/sam0/drivers/port/port.o
                0x00000bcc                port_pin_set_config
 .text.system_clock_source_get_hz
                0x00000bf0       0x94 src/ASF/sam0/drivers/system/clock/clock_samd21_r21_da_ha1/clock.o
                0x00000bf0                system_clock_source_get_hz
 .text.system_clock_source_osc8m_set_config
                0x00000c84       0x3c src/ASF/sam0/drivers/system/clock/clock_samd21_r21_da_ha1/clock.o
                0x00000c84                system_clock_source_osc8m_set_config
 .text.system_clock_source_enable
                0x00000cc0       0xa8 src/ASF/sam0/drivers/system/clock/clock_samd21_r21_da_ha1/clock.o
                0x00000cc0                system_clock_source_enable
 .text.system_clock_init
                0x00000d68       0x98 src/ASF/sam0/drivers/system/clock/clock_samd21_r21_da_ha1/clock.o
                0x00000d68                system_clock_init
 .text.system_gclk_init
                0x00000e00       0x24 src/ASF/sam0/drivers/system/clock/clock_samd21_r21_da_ha1/gclk.o
                0x00000e00                system_gclk_init
 .text.system_gclk_gen_set_config
                0x00000e24       0xb8 src/ASF/sam0/drivers/system/clock/clock_samd21_r21_da_ha1/gclk.o
                0x00000e24                system_gclk_gen_set_config
 .text.system_gclk_gen_enable
                0x00000edc       0x44 src/ASF/sam0/drivers/system/clock/clock_samd21_r21_da_ha1/gclk.o
                0x00000edc                system_gclk_gen_enable
 .text.system_gclk_gen_get_hz
                0x00000f20       0x8c src/ASF/sam0/drivers/system/clock/clock_samd21_r21_da_ha1/gclk.o
                0x00000f20                system_gclk_gen_get_hz
 .text.system_gclk_chan_enable
                0x00000fac       0x30 src/ASF/sam0/drivers/system/clock/clock_samd21_r21_da_ha1/gclk.o
                0x00000fac                system_gclk_chan_enable
 .text.system_gclk_chan_disable
                0x00000fdc       0x5c src/ASF/sam0/drivers/system/clock/clock_samd21_r21_da_ha1/gclk.o
                0x00000fdc                system_gclk_chan_disable
 .text.system_gclk_chan_set_config
                0x00001038       0x1c src/ASF/sam0/drivers/system/clock/clock_samd21_r21_da_ha1/gclk.o
                0x00001038                system_gclk_chan_set_config
 .text.system_gclk_chan_get_hz
                0x00001054       0x34 src/ASF/sam0/drivers/system/clock/clock_samd21_r21_da_ha1/gclk.o
                0x00001054                system_gclk_chan_get_hz
 .text._system_pinmux_config
                0x00001088       0xa8 src/ASF/sam0/drivers/system/pinmux/pinmux.o
 .text.system_pinmux_pin_set_config
                0x00001130       0x30 src/ASF/sam0/drivers/system/pinmux/pinmux.o
                0x00001130                system_pinmux_pin_set_config
 .text._system_dummy_init
                0x00001160        0x2 src/ASF/sam0/drivers/system/system.o
                0x00001160                _system_events_init
                0x00001160                _system_dummy_init
                0x00001160                _system_divas_init
 *fill*         0x00001162        0x2 
 .text.system_init
                0x00001164       0x2c src/ASF/sam0/drivers/system/system.o
                0x00001164                system_init
 .text.Dummy_Handler
                0x00001190        0x2 src/ASF/sam0/utils/cmsis/samd21/source/gcc/startup_samd21.o
                0x00001190                DMAC_Handler
                0x00001190                HardFault_Handler
                0x00001190                AC_Handler
                0x00001190                SysTick_Handler
                0x00001190                PendSV_Handler
                0x00001190                NMI_Handler
                0x00001190                SERCOM1_Handler
                0x00001190                ADC_Handler
                0x00001190                TCC1_Handler
                0x00001190                SERCOM2_Handler
                0x00001190                TCC0_Handler
                0x00001190                RTC_Handler
                0x00001190                WDT_Handler
                0x00001190                USB_Handler
                0x00001190                Dummy_Handler
                0x00001190                PM_Handler
                0x00001190                SERCOM5_Handler
                0x00001190                SVC_Handler
                0x00001190                TCC2_Handler
                0x00001190                EVSYS_Handler
                0x00001190                SERCOM3_Handler
                0x00001190                SERCOM4_Handler
                0x00001190                I2S_Handler
                0x00001190                NVMCTRL_Handler
                0x00001190                SERCOM0_Handler
                0x00001190                DAC_Handler
                0x00001190                PTC_Handler
                0x00001190                SYSCTRL_Handler
 *fill*         0x00001192        0x2 
 .text.Reset_Handler
                0x00001194       0xe4 src/ASF/sam0/utils/cmsis/samd21/source/gcc/startup_samd21.o
                0x00001194                Reset_Handler
 .text.extint_detection_callback
                0x00001278       0x34 src/main.o
                0x00001278                extint_detection_callback
 .text.configure_extint_channel
                0x000012ac       0x30 src/main.o
                0x000012ac                configure_extint_channel
 .text.configure_extint_callbacks
                0x000012dc       0x24 src/main.o
                0x000012dc                configure_extint_callbacks
 .text.configure_usart
                0x00001300       0xa0 src/main.o
                0x00001300                configure_usart
 .text.main     0x000013a0       0xfc src/main.o
                0x000013a0                main
 .text          0x0000149c      0x114 c:/program files (x86)/atmel/studio/7.0/toolchain/arm/arm-gnu-toolchain/bin/../lib/gcc/arm-none-eabi/6.3.1/thumb/v6-m\libgcc.a(_udivsi3.o)
                0x0000149c                __aeabi_uidiv
                0x0000149c                __udivsi3
                0x000015a8                __aeabi_uidivmod
 .text          0x000015b0        0x4 c:/program files (x86)/atmel/studio/7.0/toolchain/arm/arm-gnu-toolchain/bin/../lib/gcc/arm-none-eabi/6.3.1/thumb/v6-m\libgcc.a(_dvmd_tls.o)
                0x000015b0                __aeabi_idiv0
                0x000015b0                __aeabi_ldiv0
 .text          0x000015b4       0x54 c:/program files (x86)/atmel/studio/7.0/toolchain/arm/arm-gnu-toolchain/bin/../lib/gcc/arm-none-eabi/6.3.1/thumb/v6-m\libgcc.a(_muldi3.o)
                0x000015b4                __muldi3
                0x000015b4                __aeabi_lmul
 .text.__libc_init_array
                0x00001608       0x48 c:/program files (x86)/atmel/studio/7.0/toolchain/arm/arm-gnu-toolchain/bin/../lib/gcc/arm-none-eabi/6.3.1/../../../../arm-none-eabi/lib/thumb/v6-m\libc_nano.a(lib_a-init.o)
                0x00001608                __libc_init_array
 .text.__itoa   0x00001650       0x30 c:/program files (x86)/atmel/studio/7.0/toolchain/arm/arm-gnu-toolchain/bin/../lib/gcc/arm-none-eabi/6.3.1/../../../../arm-none-eabi/lib/thumb/v6-m\libc_nano.a(lib_a-itoa.o)
                0x00001650                __itoa
 .text.itoa     0x00001680        0x8 c:/program files (x86)/atmel/studio/7.0/toolchain/arm/arm-gnu-toolchain/bin/../lib/gcc/arm-none-eabi/6.3.1/../../../../arm-none-eabi/lib/thumb/v6-m\libc_nano.a(lib_a-itoa.o)
                0x00001680                itoa
 .text.__utoa   0x00001688       0x74 c:/program files (x86)/atmel/studio/7.0/toolchain/arm/arm-gnu-toolchain/bin/../lib/gcc/arm-none-eabi/6.3.1/../../../../arm-none-eabi/lib/thumb/v6-m\libc_nano.a(lib_a-utoa.o)
                0x00001688                __utoa
 .text.memcpy   0x000016fc       0x12 c:/program files (x86)/atmel/studio/7.0/toolchain/arm/arm-gnu-toolchain/bin/../lib/gcc/arm-none-eabi/6.3.1/../../../../arm-none-eabi/lib/thumb/v6-m\libc_nano.a(lib_a-memcpy-stub.o)
                0x000016fc                memcpy
 *(.glue_7t)
 .glue_7t       0x0000170e        0x0 linker stubs
 *(.glue_7)
 .glue_7        0x0000170e        0x0 linker stubs
 *(.rodata .rodata* .gnu.linkonce.r.*)
 *fill*         0x0000170e        0x2 
 .rodata        0x00001710       0x18 src/ASF/sam0/drivers/sercom/sercom.o
 .rodata.system_clock_source_get_hz
                0x00001728       0x24 src/ASF/sam0/drivers/system/clock/clock_samd21_r21_da_ha1/clock.o
 .rodata.system_clock_source_enable
                0x0000174c       0x24 src/ASF/sam0/drivers/system/clock/clock_samd21_r21_da_ha1/clock.o
 .rodata.main.str1.4
                0x00001770        0xc src/main.o
 .rodata.__utoa.str1.1
                0x0000177c       0x25 c:/program files (x86)/atmel/studio/7.0/toolchain/arm/arm-gnu-toolchain/bin/../lib/gcc/arm-none-eabi/6.3.1/../../../../arm-none-eabi/lib/thumb/v6-m\libc_nano.a(lib_a-utoa.o)
 *(.ARM.extab* .gnu.linkonce.armextab.*)
                0x000017a4                . = ALIGN (0x4)
 *fill*         0x000017a1        0x3 
 *(.init)
 .init          0x000017a4        0x4 c:/program files (x86)/atmel/studio/7.0/toolchain/arm/arm-gnu-toolchain/bin/../lib/gcc/arm-none-eabi/6.3.1/thumb/v6-m/crti.o
                0x000017a4                _init
 .init          0x000017a8        0x8 c:/program files (x86)/atmel/studio/7.0/toolchain/arm/arm-gnu-toolchain/bin/../lib/gcc/arm-none-eabi/6.3.1/thumb/v6-m/crtn.o
                0x000017b0                . = ALIGN (0x4)
                0x000017b0                __preinit_array_start = .
 *(.preinit_array)
                0x000017b0                __preinit_array_end = .
                0x000017b0                . = ALIGN (0x4)
                0x000017b0                __init_array_start = .
 *(SORT(.init_array.*))
 *(.init_array)
 .init_array    0x000017b0        0x4 c:/program files (x86)/atmel/studio/7.0/toolchain/arm/arm-gnu-toolchain/bin/../lib/gcc/arm-none-eabi/6.3.1/thumb/v6-m/crtbegin.o
                0x000017b4                __init_array_end = .
                0x000017b4                . = ALIGN (0x4)
 *crtbegin.o(.ctors)
 *(EXCLUDE_FILE(*crtend.o) .ctors)
 *(SORT(.ctors.*))
 *crtend.o(.ctors)
                0x000017b4                . = ALIGN (0x4)
 *(.fini)
 .fini          0x000017b4        0x4 c:/program files (x86)/atmel/studio/7.0/toolchain/arm/arm-gnu-toolchain/bin/../lib/gcc/arm-none-eabi/6.3.1/thumb/v6-m/crti.o
                0x000017b4                _fini
 .fini          0x000017b8        0x8 c:/program files (x86)/atmel/studio/7.0/toolchain/arm/arm-gnu-toolchain/bin/../lib/gcc/arm-none-eabi/6.3.1/thumb/v6-m/crtn.o
                0x000017c0                . = ALIGN (0x4)
                0x000017c0                __fini_array_start = .
 *(.fini_array)
 .fini_array    0x000017c0        0x4 c:/program files (x86)/atmel/studio/7.0/toolchain/arm/arm-gnu-toolchain/bin/../lib/gcc/arm-none-eabi/6.3.1/thumb/v6-m/crtbegin.o
 *(SORT(.fini_array.*))
                0x000017c4                __fini_array_end = .
 *crtbegin.o(.dtors)
 *(EXCLUDE_FILE(*crtend.o) .dtors)
 *(SORT(.dtors.*))
 *crtend.o(.dtors)
                0x000017c4                . = ALIGN (0x4)
                0x000017c4                _efixed = .
                [!provide]                PROVIDE (__exidx_start, .)

.vfp11_veneer   0x000017c4        0x0
 .vfp11_veneer  0x000017c4        0x0 linker stubs

.v4_bx          0x000017c4        0x0
 .v4_bx         0x000017c4        0x0 linker stubs

.iplt           0x000017c4        0x0
 .iplt          0x000017c4        0x0 c:/program files (x86)/atmel/studio/7.0/toolchain/arm/arm-gnu-toolchain/bin/../lib/gcc/arm-none-eabi/6.3.1/thumb/v6-m/crtbegin.o

.eh_frame       0x000017c4        0x0
 .eh_frame      0x000017c4        0x0 c:/program files (x86)/atmel/studio/7.0/toolchain/arm/arm-gnu-toolchain/bin/../lib/gcc/arm-none-eabi/6.3.1/thumb/v6-m/crtbegin.o

.rel.dyn        0x000017c4        0x0
 .rel.iplt      0x000017c4        0x0 c:/program files (x86)/atmel/studio/7.0/toolchain/arm/arm-gnu-toolchain/bin/../lib/gcc/arm-none-eabi/6.3.1/thumb/v6-m/crtbegin.o

.jcr            0x000017c4        0x0
 .jcr           0x000017c4        0x0 c:/program files (x86)/atmel/studio/7.0/toolchain/arm/arm-gnu-toolchain/bin/../lib/gcc/arm-none-eabi/6.3.1/thumb/v6-m/crtbegin.o

.igot.plt       0x000017c4        0x0
 .igot.plt      0x000017c4        0x0 c:/program files (x86)/atmel/studio/7.0/toolchain/arm/arm-gnu-toolchain/bin/../lib/gcc/arm-none-eabi/6.3.1/thumb/v6-m/crtbegin.o

.ARM.exidx
 *(.ARM.exidx* .gnu.linkonce.armexidx.*)
                [!provide]                PROVIDE (__exidx_end, .)
                0x000017c4                . = ALIGN (0x4)
                0x000017c4                _etext = .

.relocate       0x20000000        0x4 load address 0x000017c4
                0x20000000                . = ALIGN (0x4)
                0x20000000                _srelocate = .
 *(.ramfunc .ramfunc.*)
 *(.data .data.*)
 .data.g_interrupt_enabled
                0x20000000        0x1 src/ASF/common/utils/interrupt/interrupt_sam_nvic.o
                0x20000000                g_interrupt_enabled
                0x20000004                . = ALIGN (0x4)
 *fill*         0x20000001        0x3 
                0x20000004                _erelocate = .

.bss            0x20000004       0xf4 load address 0x000017c8
                0x20000004                . = ALIGN (0x4)
                0x20000004                _sbss = .
                0x20000004                _szero = .
 *(.bss .bss.*)
 .bss           0x20000004       0x1c c:/program files (x86)/atmel/studio/7.0/toolchain/arm/arm-gnu-toolchain/bin/../lib/gcc/arm-none-eabi/6.3.1/thumb/v6-m/crtbegin.o
 .bss._sercom_config
                0x20000020        0x2 src/ASF/sam0/drivers/sercom/sercom.o
 *fill*         0x20000022        0x2 
 .bss.cpu_irq_critical_section_counter
                0x20000024        0x4 src/ASF/common/utils/interrupt/interrupt_sam_nvic.o
 .bss.cpu_irq_prev_interrupt_state
                0x20000028        0x1 src/ASF/common/utils/interrupt/interrupt_sam_nvic.o
 *fill*         0x20000029        0x3 
 .bss._system_clock_inst
                0x2000002c       0x18 src/ASF/sam0/drivers/system/clock/clock_samd21_r21_da_ha1/clock.o
 .bss.pulse     0x20000044        0x1 src/main.o
                0x20000044                pulse
 *(COMMON)
 COMMON         0x20000045        0x1 src/ASF/sam0/drivers/extint/extint_callback.o
                0x20000045                _current_channel
 *fill*         0x20000046        0x2 
 COMMON         0x20000048       0x40 src/ASF/sam0/drivers/extint/extint_sam_d_r_h/extint.o
                0x20000048                _extint_dev
 COMMON         0x20000088       0x14 src/ASF/sam0/drivers/tc/tc_interrupt.o
                0x20000088                _tc_instances
 COMMON         0x2000009c       0x5c src/main.o
                0x2000009c                usart_instance
                0x200000a8                buff
                0x200000f8                . = ALIGN (0x4)
                0x200000f8                _ebss = .
                0x200000f8                _ezero = .

.stack          0x200000f8     0x2000 load address 0x000018bc
                0x200000f8                . = ALIGN (0x8)
                0x200000f8                _sstack = .
                0x200020f8                . = (. + STACK_SIZE)
 *fill*         0x200000f8     0x2000 
                0x200020f8                . = ALIGN (0x8)
                0x200020f8                _estack = .
                0x200020f8                . = ALIGN (0x4)
                0x200020f8                _end = .
OUTPUT(GccBoardProject1.elf elf32-littlearm)

.ARM.attributes
                0x00000000       0x28
 .ARM.attributes
                0x00000000       0x1e c:/program files (x86)/atmel/studio/7.0/toolchain/arm/arm-gnu-toolchain/bin/../lib/gcc/arm-none-eabi/6.3.1/thumb/v6-m/crti.o
 .ARM.attributes
                0x0000001e       0x2c c:/program files (x86)/atmel/studio/7.0/toolchain/arm/arm-gnu-toolchain/bin/../lib/gcc/arm-none-eabi/6.3.1/thumb/v6-m/crtbegin.o
 .ARM.attributes
                0x0000004a       0x32 src/ASF/sam0/drivers/extint/extint_callback.o
 .ARM.attributes
                0x0000007c       0x32 src/ASF/sam0/drivers/extint/extint_sam_d_r_h/extint.o
 .ARM.attributes
                0x000000ae       0x32 src/ASF/sam0/drivers/sercom/sercom.o
 .ARM.attributes
                0x000000e0       0x32 src/ASF/sam0/drivers/tc/tc_interrupt.o
 .ARM.attributes
                0x00000112       0x32 src/ASF/sam0/drivers/sercom/usart/usart.o
 .ARM.attributes
                0x00000144       0x32 src/ASF/common/utils/interrupt/interrupt_sam_nvic.o
 .ARM.attributes
                0x00000176       0x32 src/ASF/sam0/boards/samd21_xplained_pro/board_init.o
 .ARM.attributes
                0x000001a8       0x32 src/ASF/sam0/drivers/port/port.o
 .ARM.attributes
                0x000001da       0x32 src/ASF/sam0/drivers/system/clock/clock_samd21_r21_da_ha1/clock.o
 .ARM.attributes
                0x0000020c       0x32 src/ASF/sam0/drivers/system/clock/clock_samd21_r21_da_ha1/gclk.o
 .ARM.attributes
                0x0000023e       0x32 src/ASF/sam0/drivers/system/pinmux/pinmux.o
 .ARM.attributes
                0x00000270       0x32 src/ASF/sam0/drivers/system/system.o
 .ARM.attributes
                0x000002a2       0x32 src/ASF/sam0/utils/cmsis/samd21/source/gcc/startup_samd21.o
 .ARM.attributes
                0x000002d4       0x32 src/main.o
 .ARM.attributes
                0x00000306       0x1e c:/program files (x86)/atmel/studio/7.0/toolchain/arm/arm-gnu-toolchain/bin/../lib/gcc/arm-none-eabi/6.3.1/thumb/v6-m\libgcc.a(_udivsi3.o)
 .ARM.attributes
                0x00000324       0x1e c:/program files (x86)/atmel/studio/7.0/toolchain/arm/arm-gnu-toolchain/bin/../lib/gcc/arm-none-eabi/6.3.1/thumb/v6-m\libgcc.a(_dvmd_tls.o)
 .ARM.attributes
                0x00000342       0x2c c:/program files (x86)/atmel/studio/7.0/toolchain/arm/arm-gnu-toolchain/bin/../lib/gcc/arm-none-eabi/6.3.1/thumb/v6-m\libgcc.a(_muldi3.o)
 .ARM.attributes
                0x0000036e       0x2c c:/program files (x86)/atmel/studio/7.0/toolchain/arm/arm-gnu-toolchain/bin/../lib/gcc/arm-none-eabi/6.3.1/../../../../arm-none-eabi/lib/thumb/v6-m\libc_nano.a(lib_a-init.o)
 .ARM.attributes
                0x0000039a       0x2c c:/program files (x86)/atmel/studio/7.0/toolchain/arm/arm-gnu-toolchain/bin/../lib/gcc/arm-none-eabi/6.3.1/../../../../arm-none-eabi/lib/thumb/v6-m\libc_nano.a(lib_a-itoa.o)
 .ARM.attributes
                0x000003c6       0x2c c:/program files (x86)/atmel/studio/7.0/toolchain/arm/arm-gnu-toolchain/bin/../lib/gcc/arm-none-eabi/6.3.1/../../../../arm-none-eabi/lib/thumb/v6-m\libc_nano.a(lib_a-utoa.o)
 .ARM.attributes
                0x000003f2       0x2c c:/program files (x86)/atmel/studio/7.0/toolchain/arm/arm-gnu-toolchain/bin/../lib/gcc/arm-none-eabi/6.3.1/../../../../arm-none-eabi/lib/thumb/v6-m\libc_nano.a(lib_a-memcpy-stub.o)
 .ARM.attributes
                0x0000041e       0x1e c:/program files (x86)/atmel/studio/7.0/toolchain/arm/arm-gnu-toolchain/bin/../lib/gcc/arm-none-eabi/6.3.1/thumb/v6-m/crtn.o

.comment        0x00000000       0x59
 .comment       0x00000000       0x59 src/ASF/sam0/drivers/extint/extint_callback.o
                                 0x5a (size before relaxing)
 .comment       0x00000059       0x5a src/ASF/sam0/drivers/extint/extint_sam_d_r_h/extint.o
 .comment       0x00000059       0x5a src/ASF/sam0/drivers/sercom/sercom.o
 .comment       0x00000059       0x5a src/ASF/sam0/drivers/tc/tc_interrupt.o
 .comment       0x00000059       0x5a src/ASF/sam0/drivers/sercom/usart/usart.o
 .comment       0x00000059       0x5a src/ASF/common/utils/interrupt/interrupt_sam_nvic.o
 .comment       0x00000059       0x5a src/ASF/sam0/boards/samd21_xplained_pro/board_init.o
 .comment       0x00000059       0x5a src/ASF/sam0/drivers/port/port.o
 .comment       0x00000059       0x5a src/ASF/sam0/drivers/system/clock/clock_samd21_r21_da_ha1/clock.o
 .comment       0x00000059       0x5a src/ASF/sam0/drivers/system/clock/clock_samd21_r21_da_ha1/gclk.o
 .comment       0x00000059       0x5a src/ASF/sam0/drivers/system/pinmux/pinmux.o
 .comment       0x00000059       0x5a src/ASF/sam0/drivers/system/system.o
 .comment       0x00000059       0x5a src/ASF/sam0/utils/cmsis/samd21/source/gcc/startup_samd21.o
 .comment       0x00000059       0x5a src/main.o

.debug_info     0x00000000    0x1f18e
 .debug_info    0x00000000     0x19a7 src/ASF/sam0/drivers/extint/extint_callback.o
 .debug_info    0x000019a7     0x2b17 src/ASF/sam0/drivers/extint/extint_sam_d_r_h/extint.o
 .debug_info    0x000044be     0x2ddf src/ASF/sam0/drivers/sercom/sercom.o
 .debug_info    0x0000729d     0x1bae src/ASF/sam0/drivers/tc/tc_interrupt.o
 .debug_info    0x00008e4b     0x4825 src/ASF/sam0/drivers/sercom/usart/usart.o
 .debug_info    0x0000d670      0xb05 src/ASF/common/utils/interrupt/interrupt_sam_nvic.o
 .debug_info    0x0000e175     0x12ad src/ASF/sam0/boards/samd21_xplained_pro/board_init.o
 .debug_info    0x0000f422     0x12b6 src/ASF/sam0/drivers/port/port.o
 .debug_info    0x000106d8     0x37aa src/ASF/sam0/drivers/system/clock/clock_samd21_r21_da_ha1/clock.o
 .debug_info    0x00013e82     0x1ec7 src/ASF/sam0/drivers/system/clock/clock_samd21_r21_da_ha1/gclk.o
 .debug_info    0x00015d49     0x13f3 src/ASF/sam0/drivers/system/pinmux/pinmux.o
 .debug_info    0x0001713c      0xa73 src/ASF/sam0/drivers/system/system.o
 .debug_info    0x00017baf     0x3a3f src/ASF/sam0/utils/cmsis/samd21/source/gcc/startup_samd21.o
 .debug_info    0x0001b5ee     0x3ba0 src/main.o

.debug_abbrev   0x00000000     0x2e7e
 .debug_abbrev  0x00000000      0x333 src/ASF/sam0/drivers/extint/extint_callback.o
 .debug_abbrev  0x00000333      0x4b4 src/ASF/sam0/drivers/extint/extint_sam_d_r_h/extint.o
 .debug_abbrev  0x000007e7      0x378 src/ASF/sam0/drivers/sercom/sercom.o
 .debug_abbrev  0x00000b5f      0x2ff src/ASF/sam0/drivers/tc/tc_interrupt.o
 .debug_abbrev  0x00000e5e      0x45c src/ASF/sam0/drivers/sercom/usart/usart.o
 .debug_abbrev  0x000012ba      0x23b src/ASF/common/utils/interrupt/interrupt_sam_nvic.o
 .debug_abbrev  0x000014f5      0x2dc src/ASF/sam0/boards/samd21_xplained_pro/board_init.o
 .debug_abbrev  0x000017d1      0x298 src/ASF/sam0/drivers/port/port.o
 .debug_abbrev  0x00001a69      0x465 src/ASF/sam0/drivers/system/clock/clock_samd21_r21_da_ha1/clock.o
 .debug_abbrev  0x00001ece      0x40d src/ASF/sam0/drivers/system/clock/clock_samd21_r21_da_ha1/gclk.o
 .debug_abbrev  0x000022db      0x361 src/ASF/sam0/drivers/system/pinmux/pinmux.o
 .debug_abbrev  0x0000263c      0x1e1 src/ASF/sam0/drivers/system/system.o
 .debug_abbrev  0x0000281d      0x234 src/ASF/sam0/utils/cmsis/samd21/source/gcc/startup_samd21.o
 .debug_abbrev  0x00002a51      0x42d src/main.o

.debug_loc      0x00000000     0x3a4e
 .debug_loc     0x00000000      0x2ac src/ASF/sam0/drivers/extint/extint_callback.o
 .debug_loc     0x000002ac      0x43d src/ASF/sam0/drivers/extint/extint_sam_d_r_h/extint.o
 .debug_loc     0x000006e9      0x9d5 src/ASF/sam0/drivers/sercom/sercom.o
 .debug_loc     0x000010be      0x1c8 src/ASF/sam0/drivers/tc/tc_interrupt.o
 .debug_loc     0x00001286      0xcec src/ASF/sam0/drivers/sercom/usart/usart.o
 .debug_loc     0x00001f72       0x8b src/ASF/sam0/boards/samd21_xplained_pro/board_init.o
 .debug_loc     0x00001ffd      0x13d src/ASF/sam0/drivers/port/port.o
 .debug_loc     0x0000213a      0xec7 src/ASF/sam0/drivers/system/clock/clock_samd21_r21_da_ha1/clock.o
 .debug_loc     0x00003001      0x504 src/ASF/sam0/drivers/system/clock/clock_samd21_r21_da_ha1/gclk.o
 .debug_loc     0x00003505      0x36d src/ASF/sam0/drivers/system/pinmux/pinmux.o
 .debug_loc     0x00003872       0x20 src/ASF/sam0/drivers/system/system.o
 .debug_loc     0x00003892       0x40 src/ASF/sam0/utils/cmsis/samd21/source/gcc/startup_samd21.o
 .debug_loc     0x000038d2      0x17c src/main.o

.debug_aranges  0x00000000      0x3b0
 .debug_aranges
                0x00000000       0x48 src/ASF/sam0/drivers/extint/extint_callback.o
 .debug_aranges
                0x00000048       0x50 src/ASF/sam0/drivers/extint/extint_sam_d_r_h/extint.o
 .debug_aranges
                0x00000098       0x48 src/ASF/sam0/drivers/sercom/sercom.o
 .debug_aranges
                0x000000e0       0x58 src/ASF/sam0/drivers/tc/tc_interrupt.o
 .debug_aranges
                0x00000138       0x40 src/ASF/sam0/drivers/sercom/usart/usart.o
 .debug_aranges
                0x00000178       0x28 src/ASF/common/utils/interrupt/interrupt_sam_nvic.o
 .debug_aranges
                0x000001a0       0x20 src/ASF/sam0/boards/samd21_xplained_pro/board_init.o
 .debug_aranges
                0x000001c0       0x28 src/ASF/sam0/drivers/port/port.o
 .debug_aranges
                0x000001e8       0x78 src/ASF/sam0/drivers/system/clock/clock_samd21_r21_da_ha1/clock.o
 .debug_aranges
                0x00000260       0x80 src/ASF/sam0/drivers/system/clock/clock_samd21_r21_da_ha1/gclk.o
 .debug_aranges
                0x000002e0       0x40 src/ASF/sam0/drivers/system/pinmux/pinmux.o
 .debug_aranges
                0x00000320       0x28 src/ASF/sam0/drivers/system/system.o
 .debug_aranges
                0x00000348       0x28 src/ASF/sam0/utils/cmsis/samd21/source/gcc/startup_samd21.o
 .debug_aranges
                0x00000370       0x40 src/main.o

.debug_ranges   0x00000000      0x4a0
 .debug_ranges  0x00000000       0x90 src/ASF/sam0/drivers/extint/extint_callback.o
 .debug_ranges  0x00000090       0x40 src/ASF/sam0/drivers/extint/extint_sam_d_r_h/extint.o
 .debug_ranges  0x000000d0       0x50 src/ASF/sam0/drivers/sercom/sercom.o
 .debug_ranges  0x00000120       0x48 src/ASF/sam0/drivers/tc/tc_interrupt.o
 .debug_ranges  0x00000168      0x148 src/ASF/sam0/drivers/sercom/usart/usart.o
 .debug_ranges  0x000002b0       0x18 src/ASF/common/utils/interrupt/interrupt_sam_nvic.o
 .debug_ranges  0x000002c8       0x10 src/ASF/sam0/boards/samd21_xplained_pro/board_init.o
 .debug_ranges  0x000002d8       0x18 src/ASF/sam0/drivers/port/port.o
 .debug_ranges  0x000002f0       0x68 src/ASF/sam0/drivers/system/clock/clock_samd21_r21_da_ha1/clock.o
 .debug_ranges  0x00000358       0x88 src/ASF/sam0/drivers/system/clock/clock_samd21_r21_da_ha1/gclk.o
 .debug_ranges  0x000003e0       0x30 src/ASF/sam0/drivers/system/pinmux/pinmux.o
 .debug_ranges  0x00000410       0x18 src/ASF/sam0/drivers/system/system.o
 .debug_ranges  0x00000428       0x18 src/ASF/sam0/utils/cmsis/samd21/source/gcc/startup_samd21.o
 .debug_ranges  0x00000440       0x60 src/main.o

.debug_macro    0x00000000    0x19c9c
 .debug_macro   0x00000000      0x544 src/ASF/sam0/drivers/extint/extint_callback.o
 .debug_macro   0x00000544      0x8c2 src/ASF/sam0/drivers/extint/extint_callback.o
 .debug_macro   0x00000e06      0x16d src/ASF/sam0/drivers/extint/extint_callback.o
 .debug_macro   0x00000f73      0x71d src/ASF/sam0/drivers/extint/extint_callback.o
 .debug_macro   0x00001690       0x22 src/ASF/sam0/drivers/extint/extint_callback.o
 .debug_macro   0x000016b2       0x87 src/ASF/sam0/drivers/extint/extint_callback.o
 .debug_macro   0x00001739       0x51 src/ASF/sam0/drivers/extint/extint_callback.o
 .debug_macro   0x0000178a       0xef src/ASF/sam0/drivers/extint/extint_callback.o
 .debug_macro   0x00001879       0x6a src/ASF/sam0/drivers/extint/extint_callback.o
 .debug_macro   0x000018e3      0x1df src/ASF/sam0/drivers/extint/extint_callback.o
 .debug_macro   0x00001ac2       0x10 src/ASF/sam0/drivers/extint/extint_callback.o
 .debug_macro   0x00001ad2       0x76 src/ASF/sam0/drivers/extint/extint_callback.o
 .debug_macro   0x00001b48       0x16 src/ASF/sam0/drivers/extint/extint_callback.o
 .debug_macro   0x00001b5e      0x6db src/ASF/sam0/drivers/extint/extint_callback.o
 .debug_macro   0x00002239      0xdd8 src/ASF/sam0/drivers/extint/extint_callback.o
 .debug_macro   0x00003011       0x22 src/ASF/sam0/drivers/extint/extint_callback.o
 .debug_macro   0x00003033       0x40 src/ASF/sam0/drivers/extint/extint_callback.o
 .debug_macro   0x00003073       0x1c src/ASF/sam0/drivers/extint/extint_callback.o
 .debug_macro   0x0000308f       0x22 src/ASF/sam0/drivers/extint/extint_callback.o
 .debug_macro   0x000030b1       0xb5 src/ASF/sam0/drivers/extint/extint_callback.o
 .debug_macro   0x00003166      0x3ad src/ASF/sam0/drivers/extint/extint_callback.o
 .debug_macro   0x00003513      0x681 src/ASF/sam0/drivers/extint/extint_callback.o
 .debug_macro   0x00003b94      0x8b5 src/ASF/sam0/drivers/extint/extint_callback.o
 .debug_macro   0x00004449      0x230 src/ASF/sam0/drivers/extint/extint_callback.o
 .debug_macro   0x00004679      0xd60 src/ASF/sam0/drivers/extint/extint_callback.o
 .debug_macro   0x000053d9      0x4cb src/ASF/sam0/drivers/extint/extint_callback.o
 .debug_macro   0x000058a4      0x9f8 src/ASF/sam0/drivers/extint/extint_callback.o
 .debug_macro   0x0000629c      0x82b src/ASF/sam0/drivers/extint/extint_callback.o
 .debug_macro   0x00006ac7      0x455 src/ASF/sam0/drivers/extint/extint_callback.o
 .debug_macro   0x00006f1c       0x5e src/ASF/sam0/drivers/extint/extint_callback.o
 .debug_macro   0x00006f7a      0x8fd src/ASF/sam0/drivers/extint/extint_callback.o
 .debug_macro   0x00007877      0x21c src/ASF/sam0/drivers/extint/extint_callback.o
 .debug_macro   0x00007a93      0x95b src/ASF/sam0/drivers/extint/extint_callback.o
 .debug_macro   0x000083ee       0x5e src/ASF/sam0/drivers/extint/extint_callback.o
 .debug_macro   0x0000844c      0x667 src/ASF/sam0/drivers/extint/extint_callback.o
 .debug_macro   0x00008ab3      0x3af src/ASF/sam0/drivers/extint/extint_callback.o
 .debug_macro   0x00008e62      0xc7a src/ASF/sam0/drivers/extint/extint_callback.o
 .debug_macro   0x00009adc     0x1092 src/ASF/sam0/drivers/extint/extint_callback.o
 .debug_macro   0x0000ab6e      0xc4a src/ASF/sam0/drivers/extint/extint_callback.o
 .debug_macro   0x0000b7b8      0x6ba src/ASF/sam0/drivers/extint/extint_callback.o
 .debug_macro   0x0000be72     0x1bbf src/ASF/sam0/drivers/extint/extint_callback.o
 .debug_macro   0x0000da31     0x1440 src/ASF/sam0/drivers/extint/extint_callback.o
 .debug_macro   0x0000ee71      0x344 src/ASF/sam0/drivers/extint/extint_callback.o
 .debug_macro   0x0000f1b5       0x7c src/ASF/sam0/drivers/extint/extint_callback.o
 .debug_macro   0x0000f231       0xa0 src/ASF/sam0/drivers/extint/extint_callback.o
 .debug_macro   0x0000f2d1       0x4c src/ASF/sam0/drivers/extint/extint_callback.o
 .debug_macro   0x0000f31d       0xca src/ASF/sam0/drivers/extint/extint_callback.o
 .debug_macro   0x0000f3e7       0x94 src/ASF/sam0/drivers/extint/extint_callback.o
 .debug_macro   0x0000f47b       0x58 src/ASF/sam0/drivers/extint/extint_callback.o
 .debug_macro   0x0000f4d3      0x37d src/ASF/sam0/drivers/extint/extint_callback.o
 .debug_macro   0x0000f850       0x82 src/ASF/sam0/drivers/extint/extint_callback.o
 .debug_macro   0x0000f8d2      0x18d src/ASF/sam0/drivers/extint/extint_callback.o
 .debug_macro   0x0000fa5f       0xb8 src/ASF/sam0/drivers/extint/extint_callback.o
 .debug_macro   0x0000fb17       0xa0 src/ASF/sam0/drivers/extint/extint_callback.o
 .debug_macro   0x0000fbb7       0xb8 src/ASF/sam0/drivers/extint/extint_callback.o
 .debug_macro   0x0000fc6f       0x1c src/ASF/sam0/drivers/extint/extint_callback.o
 .debug_macro   0x0000fc8b       0x1c src/ASF/sam0/drivers/extint/extint_callback.o
 .debug_macro   0x0000fca7       0x1c src/ASF/sam0/drivers/extint/extint_callback.o
 .debug_macro   0x0000fcc3       0x82 src/ASF/sam0/drivers/extint/extint_callback.o
 .debug_macro   0x0000fd45      0x15a src/ASF/sam0/drivers/extint/extint_callback.o
 .debug_macro   0x0000fe9f       0xdc src/ASF/sam0/drivers/extint/extint_callback.o
 .debug_macro   0x0000ff7b      0x128 src/ASF/sam0/drivers/extint/extint_callback.o
 .debug_macro   0x000100a3      0x128 src/ASF/sam0/drivers/extint/extint_callback.o
 .debug_macro   0x000101cb      0x128 src/ASF/sam0/drivers/extint/extint_callback.o
 .debug_macro   0x000102f3      0x128 src/ASF/sam0/drivers/extint/extint_callback.o
 .debug_macro   0x0001041b      0x128 src/ASF/sam0/drivers/extint/extint_callback.o
 .debug_macro   0x00010543      0x128 src/ASF/sam0/drivers/extint/extint_callback.o
 .debug_macro   0x0001066b      0x124 src/ASF/sam0/drivers/extint/extint_callback.o
 .debug_macro   0x0001078f       0xe2 src/ASF/sam0/drivers/extint/extint_callback.o
 .debug_macro   0x00010871       0xe2 src/ASF/sam0/drivers/extint/extint_callback.o
 .debug_macro   0x00010953       0xe2 src/ASF/sam0/drivers/extint/extint_callback.o
 .debug_macro   0x00010a35       0xe2 src/ASF/sam0/drivers/extint/extint_callback.o
 .debug_macro   0x00010b17       0xe2 src/ASF/sam0/drivers/extint/extint_callback.o
 .debug_macro   0x00010bf9      0x130 src/ASF/sam0/drivers/extint/extint_callback.o
 .debug_macro   0x00010d29      0x106 src/ASF/sam0/drivers/extint/extint_callback.o
 .debug_macro   0x00010e2f       0xfa src/ASF/sam0/drivers/extint/extint_callback.o
 .debug_macro   0x00010f29      0x40f src/ASF/sam0/drivers/extint/extint_callback.o
 .debug_macro   0x00011338       0x40 src/ASF/sam0/drivers/extint/extint_callback.o
 .debug_macro   0x00011378      0x37d src/ASF/sam0/drivers/extint/extint_callback.o
 .debug_macro   0x000116f5     0x1e52 src/ASF/sam0/drivers/extint/extint_callback.o
 .debug_macro   0x00013547       0x6d src/ASF/sam0/drivers/extint/extint_callback.o
 .debug_macro   0x000135b4       0x58 src/ASF/sam0/drivers/extint/extint_callback.o
 .debug_macro   0x0001360c       0x35 src/ASF/sam0/drivers/extint/extint_callback.o
 .debug_macro   0x00013641       0x9c src/ASF/sam0/drivers/extint/extint_callback.o
 .debug_macro   0x000136dd       0x16 src/ASF/sam0/drivers/extint/extint_callback.o
 .debug_macro   0x000136f3       0x35 src/ASF/sam0/drivers/extint/extint_callback.o
 .debug_macro   0x00013728      0x34d src/ASF/sam0/drivers/extint/extint_callback.o
 .debug_macro   0x00013a75       0x10 src/ASF/sam0/drivers/extint/extint_callback.o
 .debug_macro   0x00013a85       0x58 src/ASF/sam0/drivers/extint/extint_callback.o
 .debug_macro   0x00013add       0x1f src/ASF/sam0/drivers/extint/extint_callback.o
 .debug_macro   0x00013afc       0x43 src/ASF/sam0/drivers/extint/extint_callback.o
 .debug_macro   0x00013b3f       0x20 src/ASF/sam0/drivers/extint/extint_callback.o
 .debug_macro   0x00013b5f      0x187 src/ASF/sam0/drivers/extint/extint_callback.o
 .debug_macro   0x00013ce6       0x10 src/ASF/sam0/drivers/extint/extint_callback.o
 .debug_macro   0x00013cf6       0x1c src/ASF/sam0/drivers/extint/extint_callback.o
 .debug_macro   0x00013d12       0x52 src/ASF/sam0/drivers/extint/extint_callback.o
 .debug_macro   0x00013d64       0x40 src/ASF/sam0/drivers/extint/extint_callback.o
 .debug_macro   0x00013da4       0x10 src/ASF/sam0/drivers/extint/extint_callback.o
 .debug_macro   0x00013db4       0x40 src/ASF/sam0/drivers/extint/extint_callback.o
 .debug_macro   0x00013df4       0xd7 src/ASF/sam0/drivers/extint/extint_callback.o
 .debug_macro   0x00013ecb       0x16 src/ASF/sam0/drivers/extint/extint_callback.o
 .debug_macro   0x00013ee1      0x18b src/ASF/sam0/drivers/extint/extint_callback.o
 .debug_macro   0x0001406c       0x16 src/ASF/sam0/drivers/extint/extint_callback.o
 .debug_macro   0x00014082       0x16 src/ASF/sam0/drivers/extint/extint_callback.o
 .debug_macro   0x00014098       0x29 src/ASF/sam0/drivers/extint/extint_callback.o
 .debug_macro   0x000140c1       0x51 src/ASF/sam0/drivers/extint/extint_callback.o
 .debug_macro   0x00014112       0x3e src/ASF/sam0/drivers/extint/extint_callback.o
 .debug_macro   0x00014150      0x3df src/ASF/sam0/drivers/extint/extint_callback.o
 .debug_macro   0x0001452f       0x18 src/ASF/sam0/drivers/extint/extint_callback.o
 .debug_macro   0x00014547       0x19 src/ASF/sam0/drivers/extint/extint_callback.o
 .debug_macro   0x00014560      0x59e src/ASF/sam0/drivers/extint/extint_sam_d_r_h/extint.o
 .debug_macro   0x00014afe       0x11 src/ASF/sam0/drivers/extint/extint_sam_d_r_h/extint.o
 .debug_macro   0x00014b0f       0x16 src/ASF/sam0/drivers/extint/extint_sam_d_r_h/extint.o
 .debug_macro   0x00014b25       0x2e src/ASF/sam0/drivers/extint/extint_sam_d_r_h/extint.o
 .debug_macro   0x00014b53       0x1f src/ASF/sam0/drivers/extint/extint_sam_d_r_h/extint.o
 .debug_macro   0x00014b72       0x16 src/ASF/sam0/drivers/extint/extint_sam_d_r_h/extint.o
 .debug_macro   0x00014b88      0x5ac src/ASF/sam0/drivers/sercom/sercom.o
 .debug_macro   0x00015134       0xb2 src/ASF/sam0/drivers/sercom/sercom.o
 .debug_macro   0x000151e6       0x10 src/ASF/sam0/drivers/sercom/sercom.o
 .debug_macro   0x000151f6      0x58c src/ASF/sam0/drivers/tc/tc_interrupt.o
 .debug_macro   0x00015782      0x5a4 src/ASF/sam0/drivers/sercom/usart/usart.o
 .debug_macro   0x00015d26       0x51 src/ASF/sam0/drivers/sercom/usart/usart.o
 .debug_macro   0x00015d77      0x51f src/ASF/common/utils/interrupt/interrupt_sam_nvic.o
 .debug_macro   0x00016296      0x55b src/ASF/sam0/boards/samd21_xplained_pro/board_init.o
 .debug_macro   0x000167f1      0x2df src/ASF/sam0/boards/samd21_xplained_pro/board_init.o
 .debug_macro   0x00016ad0      0x9f4 src/ASF/sam0/boards/samd21_xplained_pro/board_init.o
 .debug_macro   0x000174c4       0x12 src/ASF/sam0/boards/samd21_xplained_pro/board_init.o
 .debug_macro   0x000174d6      0x539 src/ASF/sam0/drivers/port/port.o
 .debug_macro   0x00017a0f      0x590 src/ASF/sam0/drivers/system/clock/clock_samd21_r21_da_ha1/clock.o
 .debug_macro   0x00017f9f      0x298 src/ASF/sam0/drivers/system/clock/clock_samd21_r21_da_ha1/clock.o
 .debug_macro   0x00018237      0x555 src/ASF/sam0/drivers/system/clock/clock_samd21_r21_da_ha1/gclk.o
 .debug_macro   0x0001878c      0x52f src/ASF/sam0/drivers/system/pinmux/pinmux.o
 .debug_macro   0x00018cbb       0x12 src/ASF/sam0/drivers/system/pinmux/pinmux.o
 .debug_macro   0x00018ccd      0x562 src/ASF/sam0/drivers/system/system.o
 .debug_macro   0x0001922f      0x306 src/ASF/sam0/utils/cmsis/samd21/source/gcc/startup_samd21.o
 .debug_macro   0x00019535       0x3a src/ASF/sam0/utils/cmsis/samd21/source/gcc/startup_samd21.o
 .debug_macro   0x0001956f      0x652 src/main.o
 .debug_macro   0x00019bc1       0x18 src/main.o
 .debug_macro   0x00019bd9       0x57 src/main.o
 .debug_macro   0x00019c30       0x6c src/main.o

.debug_line     0x00000000     0x9621
 .debug_line    0x00000000      0x9ed src/ASF/sam0/drivers/extint/extint_callback.o
 .debug_line    0x000009ed      0xc4d src/ASF/sam0/drivers/extint/extint_sam_d_r_h/extint.o
 .debug_line    0x0000163a      0xbf0 src/ASF/sam0/drivers/sercom/sercom.o
 .debug_line    0x0000222a      0xabf src/ASF/sam0/drivers/tc/tc_interrupt.o
 .debug_line    0x00002ce9      0xcef src/ASF/sam0/drivers/sercom/usart/usart.o
 .debug_line    0x000039d8      0x8e5 src/ASF/common/utils/interrupt/interrupt_sam_nvic.o
 .debug_line    0x000042bd      0x992 src/ASF/sam0/boards/samd21_xplained_pro/board_init.o
 .debug_line    0x00004c4f      0x917 src/ASF/sam0/drivers/port/port.o
 .debug_line    0x00005566      0xc6d src/ASF/sam0/drivers/system/clock/clock_samd21_r21_da_ha1/clock.o
 .debug_line    0x000061d3      0xc93 src/ASF/sam0/drivers/system/clock/clock_samd21_r21_da_ha1/gclk.o
 .debug_line    0x00006e66      0x964 src/ASF/sam0/drivers/system/pinmux/pinmux.o
 .debug_line    0x000077ca      0xa0e src/ASF/sam0/drivers/system/system.o
 .debug_line    0x000081d8      0x669 src/ASF/sam0/utils/cmsis/samd21/source/gcc/startup_samd21.o
 .debug_line    0x00008841      0xde0 src/main.o

.debug_str      0x00000000    0x8e921
 .debug_str     0x00000000    0x83c58 src/ASF/sam0/drivers/extint/extint_callback.o
                              0x845b4 (size before relaxing)
 .debug_str     0x00083c58     0x1126 src/ASF/sam0/drivers/extint/extint_sam_d_r_h/extint.o
                              0x85607 (size before relaxing)
 .debug_str     0x00084d7e      0xed1 src/ASF/sam0/drivers/sercom/sercom.o
                              0x85464 (size before relaxing)
 .debug_str     0x00085c4f      0x6e1 src/ASF/sam0/drivers/tc/tc_interrupt.o
                              0x84b06 (size before relaxing)
 .debug_str     0x00086330      0xaf0 src/ASF/sam0/drivers/sercom/usart/usart.o
                              0x86036 (size before relaxing)
 .debug_str     0x00086e20       0x94 src/ASF/common/utils/interrupt/interrupt_sam_nvic.o
                              0x83d71 (size before relaxing)
 .debug_str     0x00086eb4     0x3d25 src/ASF/sam0/boards/samd21_xplained_pro/board_init.o
                              0x87adb (size before relaxing)
 .debug_str     0x0008abd9       0x5e src/ASF/sam0/drivers/port/port.o
                              0x8419d (size before relaxing)
 .debug_str     0x0008ac37     0x2796 src/ASF/sam0/drivers/system/clock/clock_samd21_r21_da_ha1/clock.o
                              0x86f0a (size before relaxing)
 .debug_str     0x0008d3cd      0x229 src/ASF/sam0/drivers/system/clock/clock_samd21_r21_da_ha1/gclk.o
                              0x84a34 (size before relaxing)
 .debug_str     0x0008d5f6      0x179 src/ASF/sam0/drivers/system/pinmux/pinmux.o
                              0x84213 (size before relaxing)
 .debug_str     0x0008d76f       0x47 src/ASF/sam0/drivers/system/system.o
                              0x83e4e (size before relaxing)
 .debug_str     0x0008d7b6      0xf11 src/ASF/sam0/utils/cmsis/samd21/source/gcc/startup_samd21.o
                              0x6ee05 (size before relaxing)
 .debug_str     0x0008e6c7      0x25a src/main.o
                              0x89cf8 (size before relaxing)

.debug_frame    0x00000000      0x974
 .debug_frame   0x00000000       0x7c src/ASF/sam0/drivers/extint/extint_callback.o
 .debug_frame   0x0000007c       0xb8 src/ASF/sam0/drivers/extint/extint_sam_d_r_h/extint.o
 .debug_frame   0x00000134       0xbc src/ASF/sam0/drivers/sercom/sercom.o
 .debug_frame   0x000001f0       0xc4 src/ASF/sam0/drivers/tc/tc_interrupt.o
 .debug_frame   0x000002b4       0xac src/ASF/sam0/drivers/sercom/usart/usart.o
 .debug_frame   0x00000360       0x30 src/ASF/common/utils/interrupt/interrupt_sam_nvic.o
 .debug_frame   0x00000390       0x30 src/ASF/sam0/boards/samd21_xplained_pro/board_init.o
 .debug_frame   0x000003c0       0x44 src/ASF/sam0/drivers/port/port.o
 .debug_frame   0x00000404      0x14c src/ASF/sam0/drivers/system/clock/clock_samd21_r21_da_ha1/clock.o
 .debug_frame   0x00000550      0x148 src/ASF/sam0/drivers/system/clock/clock_samd21_r21_da_ha1/gclk.o
 .debug_frame   0x00000698       0x98 src/ASF/sam0/drivers/system/pinmux/pinmux.o
 .debug_frame   0x00000730       0x38 src/ASF/sam0/drivers/system/system.o
 .debug_frame   0x00000768       0x40 src/ASF/sam0/utils/cmsis/samd21/source/gcc/startup_samd21.o
 .debug_frame   0x000007a8       0x9c src/main.o
 .debug_frame   0x00000844       0x20 c:/program files (x86)/atmel/studio/7.0/toolchain/arm/arm-gnu-toolchain/bin/../lib/gcc/arm-none-eabi/6.3.1/thumb/v6-m\libgcc.a(_udivsi3.o)
 .debug_frame   0x00000864       0x34 c:/program files (x86)/atmel/studio/7.0/toolchain/arm/arm-gnu-toolchain/bin/../lib/gcc/arm-none-eabi/6.3.1/thumb/v6-m\libgcc.a(_muldi3.o)
 .debug_frame   0x00000898       0x2c c:/program files (x86)/atmel/studio/7.0/toolchain/arm/arm-gnu-toolchain/bin/../lib/gcc/arm-none-eabi/6.3.1/../../../../arm-none-eabi/lib/thumb/v6-m\libc_nano.a(lib_a-init.o)
 .debug_frame   0x000008c4       0x40 c:/program files (x86)/atmel/studio/7.0/toolchain/arm/arm-gnu-toolchain/bin/../lib/gcc/arm-none-eabi/6.3.1/../../../../arm-none-eabi/lib/thumb/v6-m\libc_nano.a(lib_a-itoa.o)
 .debug_frame   0x00000904       0x48 c:/program files (x86)/atmel/studio/7.0/toolchain/arm/arm-gnu-toolchain/bin/../lib/gcc/arm-none-eabi/6.3.1/../../../../arm-none-eabi/lib/thumb/v6-m\libc_nano.a(lib_a-utoa.o)
 .debug_frame   0x0000094c       0x28 c:/program files (x86)/atmel/studio/7.0/toolchain/arm/arm-gnu-toolchain/bin/../lib/gcc/arm-none-eabi/6.3.1/../../../../arm-none-eabi/lib/thumb/v6-m\libc_nano.a(lib_a-memcpy-stub.o)

Cross Reference Table

Symbol                                            File
AC_Handler                                        src/ASF/sam0/utils/cmsis/samd21/source/gcc/startup_samd21.o
ADC_Handler                                       src/ASF/sam0/utils/cmsis/samd21/source/gcc/startup_samd21.o
DAC_Handler                                       src/ASF/sam0/utils/cmsis/samd21/source/gcc/startup_samd21.o
DMAC_Handler                                      src/ASF/sam0/utils/cmsis/samd21/source/gcc/startup_samd21.o
Dummy_Handler                                     src/ASF/sam0/utils/cmsis/samd21/source/gcc/startup_samd21.o
EIC_Handler                                       src/ASF/sam0/drivers/extint/extint_callback.o
EVSYS_Handler                                     src/ASF/sam0/utils/cmsis/samd21/source/gcc/startup_samd21.o
HardFault_Handler                                 src/ASF/sam0/utils/cmsis/samd21/source/gcc/startup_samd21.o
I2S_Handler                                       src/ASF/sam0/utils/cmsis/samd21/source/gcc/startup_samd21.o
NMI_Handler                                       src/ASF/sam0/utils/cmsis/samd21/source/gcc/startup_samd21.o
NVMCTRL_Handler                                   src/ASF/sam0/utils/cmsis/samd21/source/gcc/startup_samd21.o
PM_Handler                                        src/ASF/sam0/utils/cmsis/samd21/source/gcc/startup_samd21.o
PTC_Handler                                       src/ASF/sam0/utils/cmsis/samd21/source/gcc/startup_samd21.o
PendSV_Handler                                    src/ASF/sam0/utils/cmsis/samd21/source/gcc/startup_samd21.o
RTC_Handler                                       src/ASF/sam0/utils/cmsis/samd21/source/gcc/startup_samd21.o
Reset_Handler                                     src/ASF/sam0/utils/cmsis/samd21/source/gcc/startup_samd21.o
SERCOM0_Handler                                   src/ASF/sam0/utils/cmsis/samd21/source/gcc/startup_samd21.o
SERCOM1_Handler                                   src/ASF/sam0/utils/cmsis/samd21/source/gcc/startup_samd21.o
SERCOM2_Handler                                   src/ASF/sam0/utils/cmsis/samd21/source/gcc/startup_samd21.o
SERCOM3_Handler                                   src/ASF/sam0/utils/cmsis/samd21/source/gcc/startup_samd21.o
SERCOM4_Handler                                   src/ASF/sam0/utils/cmsis/samd21/source/gcc/startup_samd21.o
SERCOM5_Handler                                   src/ASF/sam0/utils/cmsis/samd21/source/gcc/startup_samd21.o
SVC_Handler                                       src/ASF/sam0/utils/cmsis/samd21/source/gcc/startup_samd21.o
SYSCTRL_Handler                                   src/ASF/sam0/utils/cmsis/samd21/source/gcc/startup_samd21.o
SysTick_Handler                                   src/ASF/sam0/utils/cmsis/samd21/source/gcc/startup_samd21.o
SystemCoreClock                                   src/ASF/sam0/utils/cmsis/samd21/source/system_samd21.o
SystemCoreClockUpdate                             src/ASF/sam0/utils/cmsis/samd21/source/system_samd21.o
SystemInit                                        src/ASF/sam0/utils/cmsis/samd21/source/system_samd21.o
TC3_Handler                                       src/ASF/sam0/drivers/tc/tc_interrupt.o
TC4_Handler                                       src/ASF/sam0/drivers/tc/tc_interrupt.o
TC5_Handler                                       src/ASF/sam0/drivers/tc/tc_interrupt.o
TC6_Handler                                       src/ASF/sam0/drivers/tc/tc_interrupt.o
TC7_Handler                                       src/ASF/sam0/drivers/tc/tc_interrupt.o
TCC0_Handler                                      src/ASF/sam0/utils/cmsis/samd21/source/gcc/startup_samd21.o
TCC1_Handler                                      src/ASF/sam0/utils/cmsis/samd21/source/gcc/startup_samd21.o
TCC2_Handler                                      src/ASF/sam0/utils/cmsis/samd21/source/gcc/startup_samd21.o
USB_Handler                                       src/ASF/sam0/utils/cmsis/samd21/source/gcc/startup_samd21.o
WDT_Handler                                       src/ASF/sam0/utils/cmsis/samd21/source/gcc/startup_samd21.o
_Jv_RegisterClasses                               c:/program files (x86)/atmel/studio/7.0/toolchain/arm/arm-gnu-toolchain/bin/../lib/gcc/arm-none-eabi/6.3.1/thumb/v6-m/crtbegin.o
__aeabi_idiv0                                     c:/program files (x86)/atmel/studio/7.0/toolchain/arm/arm-gnu-toolchain/bin/../lib/gcc/arm-none-eabi/6.3.1/thumb/v6-m\libgcc.a(_dvmd_tls.o)
                                                  c:/program files (x86)/atmel/studio/7.0/toolchain/arm/arm-gnu-toolchain/bin/../lib/gcc/arm-none-eabi/6.3.1/thumb/v6-m\libgcc.a(_udivsi3.o)
__aeabi_ldiv0                                     c:/program files (x86)/atmel/studio/7.0/toolchain/arm/arm-gnu-toolchain/bin/../lib/gcc/arm-none-eabi/6.3.1/thumb/v6-m\libgcc.a(_dvmd_tls.o)
__aeabi_lmul                                      c:/program files (x86)/atmel/studio/7.0/toolchain/arm/arm-gnu-toolchain/bin/../lib/gcc/arm-none-eabi/6.3.1/thumb/v6-m\libgcc.a(_muldi3.o)
                                                  src/ASF/sam0/drivers/sercom/sercom.o
__aeabi_uidiv                                     c:/program files (x86)/atmel/studio/7.0/toolchain/arm/arm-gnu-toolchain/bin/../lib/gcc/arm-none-eabi/6.3.1/thumb/v6-m\libgcc.a(_udivsi3.o)
                                                  c:/program files (x86)/atmel/studio/7.0/toolchain/arm/arm-gnu-toolchain/bin/../lib/gcc/arm-none-eabi/6.3.1/../../../../arm-none-eabi/lib/thumb/v6-m\libc_nano.a(lib_a-utoa.o)
                                                  src/ASF/sam0/drivers/system/clock/clock_samd21_r21_da_ha1/gclk.o
                                                  src/ASF/sam0/drivers/system/clock/clock_samd21_r21_da_ha1/clock.o
__aeabi_uidivmod                                  c:/program files (x86)/atmel/studio/7.0/toolchain/arm/arm-gnu-toolchain/bin/../lib/gcc/arm-none-eabi/6.3.1/thumb/v6-m\libgcc.a(_udivsi3.o)
                                                  c:/program files (x86)/atmel/studio/7.0/toolchain/arm/arm-gnu-toolchain/bin/../lib/gcc/arm-none-eabi/6.3.1/../../../../arm-none-eabi/lib/thumb/v6-m\libc_nano.a(lib_a-utoa.o)
__bss_end__                                       c:/program files (x86)/atmel/studio/7.0/toolchain/arm/arm-gnu-toolchain/bin/../lib/gcc/arm-none-eabi/6.3.1/../../../../arm-none-eabi/lib/thumb/v6-m/crt0.o
__bss_start__                                     c:/program files (x86)/atmel/studio/7.0/toolchain/arm/arm-gnu-toolchain/bin/../lib/gcc/arm-none-eabi/6.3.1/../../../../arm-none-eabi/lib/thumb/v6-m/crt0.o
__call_exitprocs                                  c:/program files (x86)/atmel/studio/7.0/toolchain/arm/arm-gnu-toolchain/bin/../lib/gcc/arm-none-eabi/6.3.1/../../../../arm-none-eabi/lib/thumb/v6-m\libc_nano.a(lib_a-exit.o)
__deregister_frame_info                           c:/program files (x86)/atmel/studio/7.0/toolchain/arm/arm-gnu-toolchain/bin/../lib/gcc/arm-none-eabi/6.3.1/thumb/v6-m/crtbegin.o
__dso_handle                                      c:/program files (x86)/atmel/studio/7.0/toolchain/arm/arm-gnu-toolchain/bin/../lib/gcc/arm-none-eabi/6.3.1/thumb/v6-m/crtbegin.o
__init_array_end                                  c:/program files (x86)/atmel/studio/7.0/toolchain/arm/arm-gnu-toolchain/bin/../lib/gcc/arm-none-eabi/6.3.1/../../../../arm-none-eabi/lib/thumb/v6-m\libc_nano.a(lib_a-init.o)
__init_array_start                                c:/program files (x86)/atmel/studio/7.0/toolchain/arm/arm-gnu-toolchain/bin/../lib/gcc/arm-none-eabi/6.3.1/../../../../arm-none-eabi/lib/thumb/v6-m\libc_nano.a(lib_a-init.o)
__itoa                                            c:/program files (x86)/atmel/studio/7.0/toolchain/arm/arm-gnu-toolchain/bin/../lib/gcc/arm-none-eabi/6.3.1/../../../../arm-none-eabi/lib/thumb/v6-m\libc_nano.a(lib_a-itoa.o)
__libc_fini_array                                 c:/program files (x86)/atmel/studio/7.0/toolchain/arm/arm-gnu-toolchain/bin/../lib/gcc/arm-none-eabi/6.3.1/../../../../arm-none-eabi/lib/thumb/v6-m/crt0.o
__libc_init_array                                 c:/program files (x86)/atmel/studio/7.0/toolchain/arm/arm-gnu-toolchain/bin/../lib/gcc/arm-none-eabi/6.3.1/../../../../arm-none-eabi/lib/thumb/v6-m\libc_nano.a(lib_a-init.o)
                                                  src/ASF/sam0/utils/cmsis/samd21/source/gcc/startup_samd21.o
                                                  c:/program files (x86)/atmel/studio/7.0/toolchain/arm/arm-gnu-toolchain/bin/../lib/gcc/arm-none-eabi/6.3.1/../../../../arm-none-eabi/lib/thumb/v6-m/crt0.o
__muldi3                                          c:/program files (x86)/atmel/studio/7.0/toolchain/arm/arm-gnu-toolchain/bin/../lib/gcc/arm-none-eabi/6.3.1/thumb/v6-m\libgcc.a(_muldi3.o)
__preinit_array_end                               c:/program files (x86)/atmel/studio/7.0/toolchain/arm/arm-gnu-toolchain/bin/../lib/gcc/arm-none-eabi/6.3.1/../../../../arm-none-eabi/lib/thumb/v6-m\libc_nano.a(lib_a-init.o)
__preinit_array_start                             c:/program files (x86)/atmel/studio/7.0/toolchain/arm/arm-gnu-toolchain/bin/../lib/gcc/arm-none-eabi/6.3.1/../../../../arm-none-eabi/lib/thumb/v6-m\libc_nano.a(lib_a-init.o)
__register_frame_info                             c:/program files (x86)/atmel/studio/7.0/toolchain/arm/arm-gnu-toolchain/bin/../lib/gcc/arm-none-eabi/6.3.1/thumb/v6-m/crtbegin.o
__sf_fake_stderr                                  c:/program files (x86)/atmel/studio/7.0/toolchain/arm/arm-gnu-toolchain/bin/../lib/gcc/arm-none-eabi/6.3.1/../../../../arm-none-eabi/lib/thumb/v6-m\libc_nano.a(lib_a-impure.o)
__sf_fake_stdin                                   c:/program files (x86)/atmel/studio/7.0/toolchain/arm/arm-gnu-toolchain/bin/../lib/gcc/arm-none-eabi/6.3.1/../../../../arm-none-eabi/lib/thumb/v6-m\libc_nano.a(lib_a-impure.o)
__sf_fake_stdout                                  c:/program files (x86)/atmel/studio/7.0/toolchain/arm/arm-gnu-toolchain/bin/../lib/gcc/arm-none-eabi/6.3.1/../../../../arm-none-eabi/lib/thumb/v6-m\libc_nano.a(lib_a-impure.o)
__stack                                           c:/program files (x86)/atmel/studio/7.0/toolchain/arm/arm-gnu-toolchain/bin/../lib/gcc/arm-none-eabi/6.3.1/../../../../arm-none-eabi/lib/thumb/v6-m/crt0.o
__udivsi3                                         c:/program files (x86)/atmel/studio/7.0/toolchain/arm/arm-gnu-toolchain/bin/../lib/gcc/arm-none-eabi/6.3.1/thumb/v6-m\libgcc.a(_udivsi3.o)
__utoa                                            c:/program files (x86)/atmel/studio/7.0/toolchain/arm/arm-gnu-toolchain/bin/../lib/gcc/arm-none-eabi/6.3.1/../../../../arm-none-eabi/lib/thumb/v6-m\libc_nano.a(lib_a-utoa.o)
                                                  c:/program files (x86)/atmel/studio/7.0/toolchain/arm/arm-gnu-toolchain/bin/../lib/gcc/arm-none-eabi/6.3.1/../../../../arm-none-eabi/lib/thumb/v6-m\libc_nano.a(lib_a-itoa.o)
_close                                            src/ASF/sam0/utils/syscalls/gcc/syscalls.o
_current_channel                                  src/ASF/sam0/drivers/extint/extint_callback.o
_end                                              src/ASF/sam0/utils/syscalls/gcc/syscalls.o
_erelocate                                        src/ASF/sam0/utils/cmsis/samd21/source/gcc/startup_samd21.o
_estack                                           src/ASF/sam0/utils/cmsis/samd21/source/gcc/startup_samd21.o
_etext                                            src/ASF/sam0/utils/cmsis/samd21/source/gcc/startup_samd21.o
_exit                                             src/ASF/sam0/utils/syscalls/gcc/syscalls.o
                                                  c:/program files (x86)/atmel/studio/7.0/toolchain/arm/arm-gnu-toolchain/bin/../lib/gcc/arm-none-eabi/6.3.1/../../../../arm-none-eabi/lib/thumb/v6-m\libc_nano.a(lib_a-exit.o)
_extint_dev                                       src/ASF/sam0/drivers/extint/extint_sam_d_r_h/extint.o
                                                  src/ASF/sam0/drivers/extint/extint_callback.o
_ezero                                            src/ASF/sam0/utils/cmsis/samd21/source/gcc/startup_samd21.o
_fini                                             c:/program files (x86)/atmel/studio/7.0/toolchain/arm/arm-gnu-toolchain/bin/../lib/gcc/arm-none-eabi/6.3.1/thumb/v6-m/crti.o
_fstat                                            src/ASF/sam0/utils/syscalls/gcc/syscalls.o
_getpid                                           src/ASF/sam0/utils/syscalls/gcc/syscalls.o
_global_impure_ptr                                c:/program files (x86)/atmel/studio/7.0/toolchain/arm/arm-gnu-toolchain/bin/../lib/gcc/arm-none-eabi/6.3.1/../../../../arm-none-eabi/lib/thumb/v6-m\libc_nano.a(lib_a-impure.o)
                                                  c:/program files (x86)/atmel/studio/7.0/toolchain/arm/arm-gnu-toolchain/bin/../lib/gcc/arm-none-eabi/6.3.1/../../../../arm-none-eabi/lib/thumb/v6-m\libc_nano.a(lib_a-exit.o)
_impure_ptr                                       c:/program files (x86)/atmel/studio/7.0/toolchain/arm/arm-gnu-toolchain/bin/../lib/gcc/arm-none-eabi/6.3.1/../../../../arm-none-eabi/lib/thumb/v6-m\libc_nano.a(lib_a-impure.o)
_init                                             c:/program files (x86)/atmel/studio/7.0/toolchain/arm/arm-gnu-toolchain/bin/../lib/gcc/arm-none-eabi/6.3.1/thumb/v6-m/crti.o
                                                  c:/program files (x86)/atmel/studio/7.0/toolchain/arm/arm-gnu-toolchain/bin/../lib/gcc/arm-none-eabi/6.3.1/../../../../arm-none-eabi/lib/thumb/v6-m\libc_nano.a(lib_a-init.o)
_isatty                                           src/ASF/sam0/utils/syscalls/gcc/syscalls.o
_kill                                             src/ASF/sam0/utils/syscalls/gcc/syscalls.o
_lseek                                            src/ASF/sam0/utils/syscalls/gcc/syscalls.o
_mainCRTStartup                                   c:/program files (x86)/atmel/studio/7.0/toolchain/arm/arm-gnu-toolchain/bin/../lib/gcc/arm-none-eabi/6.3.1/../../../../arm-none-eabi/lib/thumb/v6-m/crt0.o
_read                                             src/ASF/sam0/utils/stdio/read.o
_sbrk                                             src/ASF/sam0/utils/syscalls/gcc/syscalls.o
_sercom_get_async_baud_val                        src/ASF/sam0/drivers/sercom/sercom.o
                                                  src/ASF/sam0/drivers/sercom/usart/usart.o
_sercom_get_default_pad                           src/ASF/sam0/drivers/sercom/sercom.o
                                                  src/ASF/sam0/drivers/sercom/usart/usart.o
_sercom_get_sercom_inst_index                     src/ASF/sam0/drivers/sercom/sercom.o
                                                  src/ASF/sam0/drivers/sercom/usart/usart.o
_sercom_get_sync_baud_val                         src/ASF/sam0/drivers/sercom/sercom.o
                                                  src/ASF/sam0/drivers/sercom/usart/usart.o
_sfixed                                           src/ASF/sam0/utils/cmsis/samd21/source/gcc/startup_samd21.o
_srelocate                                        src/ASF/sam0/utils/cmsis/samd21/source/gcc/startup_samd21.o
_start                                            c:/program files (x86)/atmel/studio/7.0/toolchain/arm/arm-gnu-toolchain/bin/../lib/gcc/arm-none-eabi/6.3.1/../../../../arm-none-eabi/lib/thumb/v6-m/crt0.o
_system_divas_init                                src/ASF/sam0/drivers/system/system.o
_system_dummy_init                                src/ASF/sam0/drivers/system/system.o
_system_events_init                               src/ASF/sam0/drivers/system/system.o
_system_extint_init                               src/ASF/sam0/drivers/extint/extint_sam_d_r_h/extint.o
_szero                                            src/ASF/sam0/utils/cmsis/samd21/source/gcc/startup_samd21.o
_tc_get_inst_index                                src/ASF/sam0/drivers/tc/tc_sam_d_r_h/tc.o
_tc_instances                                     src/ASF/sam0/drivers/tc/tc_interrupt.o
                                                  src/ASF/sam0/drivers/tc/tc_sam_d_r_h/tc.o
_tc_interrupt_handler                             src/ASF/sam0/drivers/tc/tc_interrupt.o
_write                                            src/ASF/sam0/utils/stdio/write.o
atexit                                            c:/program files (x86)/atmel/studio/7.0/toolchain/arm/arm-gnu-toolchain/bin/../lib/gcc/arm-none-eabi/6.3.1/../../../../arm-none-eabi/lib/thumb/v6-m/crt0.o
board_init                                        src/ASF/sam0/boards/samd21_xplained_pro/board_init.o
buff                                              src/main.o
configure_extint_callbacks                        src/main.o
configure_extint_channel                          src/main.o
configure_usart                                   src/main.o
cpu_irq_enter_critical                            src/ASF/common/utils/interrupt/interrupt_sam_nvic.o
                                                  src/ASF/sam0/drivers/system/clock/clock_samd21_r21_da_ha1/gclk.o
cpu_irq_leave_critical                            src/ASF/common/utils/interrupt/interrupt_sam_nvic.o
                                                  src/ASF/sam0/drivers/system/clock/clock_samd21_r21_da_ha1/gclk.o
exception_table                                   src/ASF/sam0/utils/cmsis/samd21/source/gcc/startup_samd21.o
exit                                              c:/program files (x86)/atmel/studio/7.0/toolchain/arm/arm-gnu-toolchain/bin/../lib/gcc/arm-none-eabi/6.3.1/../../../../arm-none-eabi/lib/thumb/v6-m\libc_nano.a(lib_a-exit.o)
                                                  c:/program files (x86)/atmel/studio/7.0/toolchain/arm/arm-gnu-toolchain/bin/../lib/gcc/arm-none-eabi/6.3.1/../../../../arm-none-eabi/lib/thumb/v6-m/crt0.o
extint_chan_disable_callback                      src/ASF/sam0/drivers/extint/extint_callback.o
extint_chan_enable_callback                       src/ASF/sam0/drivers/extint/extint_callback.o
                                                  src/main.o
extint_chan_get_config_defaults                   src/ASF/sam0/drivers/extint/extint_sam_d_r_h/extint.o
                                                  src/main.o
extint_chan_set_config                            src/ASF/sam0/drivers/extint/extint_sam_d_r_h/extint.o
                                                  src/main.o
extint_detection_callback                         src/main.o
extint_disable_events                             src/ASF/sam0/drivers/extint/extint_sam_d_r_h/extint.o
extint_enable_events                              src/ASF/sam0/drivers/extint/extint_sam_d_r_h/extint.o
extint_get_current_channel                        src/ASF/sam0/drivers/extint/extint_callback.o
extint_nmi_set_config                             src/ASF/sam0/drivers/extint/extint_sam_d_r_h/extint.o
extint_register_callback                          src/ASF/sam0/drivers/extint/extint_callback.o
                                                  src/main.o
extint_unregister_callback                        src/ASF/sam0/drivers/extint/extint_callback.o
g_interrupt_enabled                               src/ASF/common/utils/interrupt/interrupt_sam_nvic.o
                                                  src/main.o
hardware_init_hook                                c:/program files (x86)/atmel/studio/7.0/toolchain/arm/arm-gnu-toolchain/bin/../lib/gcc/arm-none-eabi/6.3.1/../../../../arm-none-eabi/lib/thumb/v6-m/crt0.o
itoa                                              c:/program files (x86)/atmel/studio/7.0/toolchain/arm/arm-gnu-toolchain/bin/../lib/gcc/arm-none-eabi/6.3.1/../../../../arm-none-eabi/lib/thumb/v6-m\libc_nano.a(lib_a-itoa.o)
                                                  src/main.o
link                                              src/ASF/sam0/utils/syscalls/gcc/syscalls.o
main                                              src/main.o
                                                  src/ASF/sam0/utils/cmsis/samd21/source/gcc/startup_samd21.o
                                                  c:/program files (x86)/atmel/studio/7.0/toolchain/arm/arm-gnu-toolchain/bin/../lib/gcc/arm-none-eabi/6.3.1/../../../../arm-none-eabi/lib/thumb/v6-m/crt0.o
memcpy                                            c:/program files (x86)/atmel/studio/7.0/toolchain/arm/arm-gnu-toolchain/bin/../lib/gcc/arm-none-eabi/6.3.1/../../../../arm-none-eabi/lib/thumb/v6-m\libc_nano.a(lib_a-memcpy-stub.o)
                                                  c:/program files (x86)/atmel/studio/7.0/toolchain/arm/arm-gnu-toolchain/bin/../lib/gcc/arm-none-eabi/6.3.1/../../../../arm-none-eabi/lib/thumb/v6-m\libc_nano.a(lib_a-utoa.o)
memset                                            c:/program files (x86)/atmel/studio/7.0/toolchain/arm/arm-gnu-toolchain/bin/../lib/gcc/arm-none-eabi/6.3.1/../../../../arm-none-eabi/lib/thumb/v6-m\libc_nano.a(lib_a-memset.o)
                                                  c:/program files (x86)/atmel/studio/7.0/toolchain/arm/arm-gnu-toolchain/bin/../lib/gcc/arm-none-eabi/6.3.1/../../../../arm-none-eabi/lib/thumb/v6-m/crt0.o
port_group_set_config                             src/ASF/sam0/drivers/port/port.o
port_pin_set_config                               src/ASF/sam0/drivers/port/port.o
                                                  src/ASF/sam0/boards/samd21_xplained_pro/board_init.o
ptr_get                                           src/ASF/sam0/utils/stdio/read.o
ptr_put                                           src/ASF/sam0/utils/stdio/write.o
pulse                                             src/main.o
sercom_set_gclk_generator                         src/ASF/sam0/drivers/sercom/sercom.o
                                                  src/ASF/sam0/drivers/sercom/usart/usart.o
software_init_hook                                c:/program files (x86)/atmel/studio/7.0/toolchain/arm/arm-gnu-toolchain/bin/../lib/gcc/arm-none-eabi/6.3.1/../../../../arm-none-eabi/lib/thumb/v6-m/crt0.o
stdio_base                                        src/ASF/sam0/utils/stdio/write.o
                                                  src/ASF/sam0/utils/stdio/read.o
system_board_init                                 src/ASF/sam0/boards/samd21_xplained_pro/board_init.o
system_clock_init                                 src/ASF/sam0/drivers/system/clock/clock_samd21_r21_da_ha1/clock.o
system_clock_source_dfll_set_config               src/ASF/sam0/drivers/system/clock/clock_samd21_r21_da_ha1/clock.o
system_clock_source_disable                       src/ASF/sam0/drivers/system/clock/clock_samd21_r21_da_ha1/clock.o
system_clock_source_dpll_set_config               src/ASF/sam0/drivers/system/clock/clock_samd21_r21_da_ha1/clock.o
system_clock_source_enable                        src/ASF/sam0/drivers/system/clock/clock_samd21_r21_da_ha1/clock.o
system_clock_source_get_hz                        src/ASF/sam0/drivers/system/clock/clock_samd21_r21_da_ha1/clock.o
                                                  src/ASF/sam0/drivers/system/clock/clock_samd21_r21_da_ha1/gclk.o
system_clock_source_is_ready                      src/ASF/sam0/drivers/system/clock/clock_samd21_r21_da_ha1/clock.o
system_clock_source_osc32k_set_config             src/ASF/sam0/drivers/system/clock/clock_samd21_r21_da_ha1/clock.o
system_clock_source_osc8m_set_config              src/ASF/sam0/drivers/system/clock/clock_samd21_r21_da_ha1/clock.o
system_clock_source_write_calibration             src/ASF/sam0/drivers/system/clock/clock_samd21_r21_da_ha1/clock.o
system_clock_source_xosc32k_set_config            src/ASF/sam0/drivers/system/clock/clock_samd21_r21_da_ha1/clock.o
system_clock_source_xosc_set_config               src/ASF/sam0/drivers/system/clock/clock_samd21_r21_da_ha1/clock.o
system_gclk_chan_disable                          src/ASF/sam0/drivers/system/clock/clock_samd21_r21_da_ha1/gclk.o
                                                  src/ASF/sam0/drivers/extint/extint_sam_d_r_h/extint.o
system_gclk_chan_enable                           src/ASF/sam0/drivers/system/clock/clock_samd21_r21_da_ha1/gclk.o
                                                  src/ASF/sam0/drivers/sercom/usart/usart.o
                                                  src/ASF/sam0/drivers/tc/tc_sam_d_r_h/tc.o
                                                  src/ASF/sam0/drivers/sercom/sercom.o
                                                  src/ASF/sam0/drivers/extint/extint_sam_d_r_h/extint.o
system_gclk_chan_get_hz                           src/ASF/sam0/drivers/system/clock/clock_samd21_r21_da_ha1/gclk.o
                                                  src/ASF/sam0/drivers/system/clock/clock_samd21_r21_da_ha1/clock.o
                                                  src/ASF/sam0/drivers/sercom/usart/usart.o
system_gclk_chan_is_enabled                       src/ASF/sam0/drivers/system/clock/clock_samd21_r21_da_ha1/gclk.o
system_gclk_chan_is_locked                        src/ASF/sam0/drivers/system/clock/clock_samd21_r21_da_ha1/gclk.o
system_gclk_chan_lock                             src/ASF/sam0/drivers/system/clock/clock_samd21_r21_da_ha1/gclk.o
system_gclk_chan_set_config                       src/ASF/sam0/drivers/system/clock/clock_samd21_r21_da_ha1/gclk.o
                                                  src/ASF/sam0/drivers/system/clock/clock_samd21_r21_da_ha1/clock.o
                                                  src/ASF/sam0/drivers/sercom/usart/usart.o
                                                  src/ASF/sam0/drivers/tc/tc_sam_d_r_h/tc.o
                                                  src/ASF/sam0/drivers/sercom/sercom.o
                                                  src/ASF/sam0/drivers/extint/extint_sam_d_r_h/extint.o
system_gclk_gen_disable                           src/ASF/sam0/drivers/system/clock/clock_samd21_r21_da_ha1/gclk.o
system_gclk_gen_enable                            src/ASF/sam0/drivers/system/clock/clock_samd21_r21_da_ha1/gclk.o
                                                  src/ASF/sam0/drivers/system/clock/clock_samd21_r21_da_ha1/clock.o
system_gclk_gen_get_hz                            src/ASF/sam0/drivers/system/clock/clock_samd21_r21_da_ha1/gclk.o
system_gclk_gen_is_enabled                        src/ASF/sam0/drivers/system/clock/clock_samd21_r21_da_ha1/gclk.o
system_gclk_gen_set_config                        src/ASF/sam0/drivers/system/clock/clock_samd21_r21_da_ha1/gclk.o
                                                  src/ASF/sam0/drivers/system/clock/clock_samd21_r21_da_ha1/clock.o
system_gclk_init                                  src/ASF/sam0/drivers/system/clock/clock_samd21_r21_da_ha1/gclk.o
                                                  src/ASF/sam0/drivers/system/clock/clock_samd21_r21_da_ha1/clock.o
system_init                                       src/ASF/sam0/drivers/system/system.o
                                                  src/main.o
system_interrupt_clear_pending                    src/ASF/sam0/drivers/system/interrupt/system_interrupt.o
system_interrupt_get_priority                     src/ASF/sam0/drivers/system/interrupt/system_interrupt.o
system_interrupt_is_pending                       src/ASF/sam0/drivers/system/interrupt/system_interrupt.o
system_interrupt_set_pending                      src/ASF/sam0/drivers/system/interrupt/system_interrupt.o
system_interrupt_set_priority                     src/ASF/sam0/drivers/system/interrupt/system_interrupt.o
system_pinmux_group_set_config                    src/ASF/sam0/drivers/system/pinmux/pinmux.o
                                                  src/ASF/sam0/drivers/port/port.o
system_pinmux_group_set_input_sample_mode         src/ASF/sam0/drivers/system/pinmux/pinmux.o
system_pinmux_group_set_output_strength           src/ASF/sam0/drivers/system/pinmux/pinmux.o
system_pinmux_pin_set_config                      src/ASF/sam0/drivers/system/pinmux/pinmux.o
                                                  src/ASF/sam0/drivers/port/port.o
                                                  src/ASF/sam0/drivers/sercom/usart/usart.o
                                                  src/ASF/sam0/drivers/tc/tc_sam_d_r_h/tc.o
                                                  src/ASF/sam0/drivers/extint/extint_sam_d_r_h/extint.o
tc_get_capture_value                              src/ASF/sam0/drivers/tc/tc_sam_d_r_h/tc.o
tc_get_count_value                                src/ASF/sam0/drivers/tc/tc_sam_d_r_h/tc.o
tc_init                                           src/ASF/sam0/drivers/tc/tc_sam_d_r_h/tc.o
tc_register_callback                              src/ASF/sam0/drivers/tc/tc_interrupt.o
tc_reset                                          src/ASF/sam0/drivers/tc/tc_sam_d_r_h/tc.o
tc_set_compare_value                              src/ASF/sam0/drivers/tc/tc_sam_d_r_h/tc.o
tc_set_count_value                                src/ASF/sam0/drivers/tc/tc_sam_d_r_h/tc.o
tc_set_top_value                                  src/ASF/sam0/drivers/tc/tc_sam_d_r_h/tc.o
tc_unregister_callback                            src/ASF/sam0/drivers/tc/tc_interrupt.o
usart_init                                        src/ASF/sam0/drivers/sercom/usart/usart.o
                                                  src/main.o
usart_instance                                    src/main.o
usart_read_buffer_wait                            src/ASF/sam0/drivers/sercom/usart/usart.o
usart_read_wait                                   src/ASF/sam0/drivers/sercom/usart/usart.o
                                                  src/main.o
usart_write_buffer_wait                           src/ASF/sam0/drivers/sercom/usart/usart.o
                                                  src/main.o
usart_write_wait                                  src/ASF/sam0/drivers/sercom/usart/usart.o
                                                  src/main.o
utoa                                              c:/program files (x86)/atmel/studio/7.0/toolchain/arm/arm-gnu-toolchain/bin/../lib/gcc/arm-none-eabi/6.3.1/../../../../arm-none-eabi/lib/thumb/v6-m\libc_nano.a(lib_a-utoa.o)
